    rows   dim dtype           impl         ms      GB/s
    1024    64   f16         memcpy     0.0081      32.4
    1024    64   f16         cublas     0.0244      10.7
    1024    64   f16        ref_fht     0.0286       9.2
    1024    64   f16 rotate+quant_fp8     0.1159       2.3
    1024    64   f16 rotate+quant_int4     0.1787       1.5
    1024    64  bf16         memcpy     0.0078      33.8
    1024    64  bf16         cublas     0.0261      10.1
    1024    64  bf16        ref_fht     0.0154      17.0
    1024    64  bf16 rotate+quant_fp8     0.1665       1.6
    1024    64  bf16 rotate+quant_int4     0.1800       1.5
    4096    64   f16         memcpy     0.0109      96.2
    4096    64   f16         cublas     0.0422      24.8
    4096    64   f16        ref_fht     0.0268      39.1
    4096    64   f16 rotate+quant_fp8     0.1577       6.6
    4096    64   f16 rotate+quant_int4     0.1741       6.0
    4096    64  bf16         memcpy     0.0117      89.5
    4096    64  bf16         cublas     0.0423      24.8
    4096    64  bf16        ref_fht     0.0291      36.0
    4096    64  bf16 rotate+quant_fp8     0.1140       9.2
    4096    64  bf16 rotate+quant_int4     0.1208       8.7
   16384    64   f16         memcpy     0.0067     626.5
   16384    64   f16         cublas     0.0236     177.4
   16384    64   f16        ref_fht     0.0190     221.0
   16384    64   f16 rotate+quant_fp8     0.1022      41.0
   16384    64   f16 rotate+quant_int4     0.1089      38.5
   16384    64  bf16         memcpy     0.0080     525.2
   16384    64  bf16         cublas     0.0239     175.8
   16384    64  bf16        ref_fht     0.0190     220.9
   16384    64  bf16 rotate+quant_fp8     0.1042      40.3
   16384    64  bf16 rotate+quant_int4     0.1133      37.0
   65536    64   f16         memcpy     0.0107    1570.8
   65536    64   f16         cublas     0.0318     526.8
   65536    64   f16        ref_fht     0.0680     246.8
   65536    64   f16 rotate+quant_fp8     0.1658     101.2
   65536    64   f16 rotate+quant_int4     0.1928      87.0
   65536    64  bf16         memcpy     0.0109    1535.3
   65536    64  bf16         cublas     0.0392     428.4
   65536    64  bf16        ref_fht     0.0680     246.7
   65536    64  bf16 rotate+quant_fp8     0.1696      98.9
   65536    64  bf16 rotate+quant_int4     0.2032      82.6
  262144    64   f16         memcpy     0.1734     387.1
  262144    64   f16         cublas     0.1751     383.2
  262144    64   f16        ref_fht     0.2704     248.2
  262144    64   f16 rotate+quant_fp8     1.0134      66.2
  262144    64   f16 rotate+quant_int4     1.2660      53.0
  262144    64  bf16         memcpy     0.1725     389.0
  262144    64  bf16         cublas     0.1786     375.7
  262144    64  bf16        ref_fht     0.2788     240.7
  262144    64  bf16 rotate+quant_fp8     1.0158      66.1
  262144    64  bf16 rotate+quant_int4     1.2660      53.0
    1024   128   f16         memcpy     0.0085      61.9
    1024   128   f16         cublas     0.0357      14.7
    1024   128   f16        ref_fht     0.0156      33.7
    1024   128   f16 rotate+quant_fp8     0.1184       4.4
    1024   128   f16 rotate+quant_int4     0.1216       4.3
    1024   128  bf16         memcpy     0.0085      61.7
    1024   128  bf16         cublas     0.0237      22.1
    1024   128  bf16        ref_fht     0.0150      34.9
    1024   128  bf16 rotate+quant_fp8     0.1138       4.6
    1024   128  bf16 rotate+quant_int4     0.1324       4.0
    4096   128   f16         memcpy     0.0085     247.4
    4096   128   f16         cublas     0.0229      91.8
    4096   128   f16        ref_fht     0.0145     145.0
    4096   128   f16 rotate+quant_fp8     0.1084      19.4
    4096   128   f16 rotate+quant_int4     0.1163      18.0
    4096   128  bf16         memcpy     0.0082     255.7
    4096   128  bf16         cublas     0.0233      90.1
    4096   128  bf16        ref_fht     0.0142     147.5
    4096   128  bf16 rotate+quant_fp8     0.1095      19.1
    4096   128  bf16 rotate+quant_int4     0.1149      18.2
   16384   128   f16         memcpy     0.0086     969.9
   16384   128   f16         cublas     0.0234     359.0
   16384   128   f16        ref_fht     0.0150     559.5
   16384   128   f16 rotate+quant_fp8     0.0982      85.4
   16384   128   f16 rotate+quant_int4     0.1065      78.8
   16384   128  bf16         memcpy     0.0085     982.0
   16384   128  bf16         cublas     0.0242     347.2
   16384   128  bf16        ref_fht     0.0152     550.4
   16384   128  bf16 rotate+quant_fp8     0.1040      80.6
   16384   128  bf16 rotate+quant_int4     0.1147      73.1
   65536   128   f16         memcpy     0.0206    1627.0
   65536   128   f16         cublas     0.0684     490.4
   65536   128   f16        ref_fht     0.0520     645.2
   65536   128   f16 rotate+quant_fp8     0.2970     113.0
   65536   128   f16 rotate+quant_int4     0.3649      91.9
   65536   128  bf16         memcpy     0.0206    1627.3
   65536   128  bf16         cublas     0.0703     477.0
   65536   128  bf16        ref_fht     0.0517     648.9
   65536   128  bf16 rotate+quant_fp8     0.3049     110.1
   65536   128  bf16 rotate+quant_int4     0.3683      91.1
  262144   128   f16         memcpy     0.3509     382.5
  262144   128   f16         cublas     0.3531     380.1
  262144   128   f16        ref_fht     0.3524     380.8
  262144   128   f16 rotate+quant_fp8     1.9117      70.2
  262144   128   f16 rotate+quant_int4     2.3598      56.9
  262144   128  bf16         memcpy     0.3540     379.1
  262144   128  bf16         cublas     0.3551     378.0
  262144   128  bf16        ref_fht     0.3538     379.4
  262144   128  bf16 rotate+quant_fp8     1.9208      69.9
  262144   128  bf16 rotate+quant_int4     2.3618      56.8
    1024   256   f16         memcpy     0.0229      45.8
    1024   256   f16         cublas     0.0731      14.3
    1024   256   f16        ref_fht     0.0503      20.9
    1024   256   f16 rotate+quant_fp8     0.3070       3.4
    1024   256   f16 rotate+quant_int4     0.3465       3.0
    1024   256  bf16         memcpy     0.0249      42.1
    1024   256  bf16         cublas     0.0607      17.3
    1024   256  bf16        ref_fht     0.0484      21.7
    1024   256  bf16 rotate+quant_fp8     0.3095       3.4
    1024   256  bf16 rotate+quant_int4     0.3294       3.2
    4096   256   f16         memcpy     0.0166     252.1
    4096   256   f16         cublas     0.0601      69.8
    4096   256   f16        ref_fht     0.0493      85.0
    4096   256   f16 rotate+quant_fp8     0.2709      15.5
    4096   256   f16 rotate+quant_int4     0.2932      14.3
    4096   256  bf16         memcpy     0.0155     271.3
    4096   256  bf16         cublas     0.0601      69.8
    4096   256  bf16        ref_fht     0.0503      83.4
    4096   256  bf16 rotate+quant_fp8     0.2732      15.4
    4096   256  bf16 rotate+quant_int4     0.2856      14.7
   16384   256   f16         memcpy     0.0191     878.5
   16384   256   f16         cublas     0.0552     303.7
   16384   256   f16        ref_fht     0.0348     481.5
   16384   256   f16 rotate+quant_fp8     0.2110      79.5
   16384   256   f16 rotate+quant_int4     0.2389      70.2
   16384   256  bf16         memcpy     0.0194     866.7
   16384   256  bf16         cublas     0.0554     303.0
   16384   256  bf16        ref_fht     0.0345     486.3
   16384   256  bf16 rotate+quant_fp8     0.2103      79.8
   16384   256  bf16 rotate+quant_int4     0.2333      71.9
   65536   256   f16         memcpy     0.1777     377.7
   65536   256   f16         cublas     0.2027     331.0
   65536   256   f16        ref_fht     0.1729     388.1
   65536   256   f16 rotate+quant_fp8     0.8968      74.8
   65536   256   f16 rotate+quant_int4     1.1586      57.9
   65536   256  bf16         memcpy     0.1721     390.1
   65536   256  bf16         cublas     0.2026     331.2
   65536   256  bf16        ref_fht     0.1732     387.5
   65536   256  bf16 rotate+quant_fp8     0.8986      74.7
   65536   256  bf16 rotate+quant_int4     1.1660      57.6
  262144   256   f16         memcpy     0.7061     380.1
  262144   256   f16         cublas     0.8987     298.7
  262144   256   f16        ref_fht     0.6972     385.0
  262144   256   f16 rotate+quant_fp8     3.9171      68.5
  262144   256   f16 rotate+quant_int4     4.8301      55.6
  262144   256  bf16         memcpy     0.7061     380.2
  262144   256  bf16         cublas     0.7896     340.0
  262144   256  bf16        ref_fht     0.7014     382.7
  262144   256  bf16 rotate+quant_fp8     3.8004      70.6
  262144   256  bf16 rotate+quant_int4     4.7278      56.8
    1024   512   f16         memcpy     0.0080     262.6
    1024   512   f16         cublas     0.0237      88.5
    1024   512   f16        ref_fht     0.0152     138.3
    1024   512   f16 rotate+quant_fp8     0.1023      20.5
    1024   512   f16 rotate+quant_int4     0.1158      18.1
    1024   512  bf16         memcpy     0.0061     345.7
    1024   512  bf16         cublas     0.0374      56.0
    1024   512  bf16        ref_fht     0.0144     145.6
    1024   512  bf16 rotate+quant_fp8     0.1017      20.6
    1024   512  bf16 rotate+quant_int4     0.1100      19.1
    4096   512   f16         memcpy     0.0076    1104.2
    4096   512   f16         cublas     0.0576     145.8
    4096   512   f16        ref_fht     0.0143     586.0
    4096   512   f16 rotate+quant_fp8     0.1073      78.2
    4096   512   f16 rotate+quant_int4     0.1218      68.9
    4096   512  bf16         memcpy     0.0069    1217.1
    4096   512  bf16         cublas     0.0674     124.5
    4096   512  bf16        ref_fht     0.0472     177.9
    4096   512  bf16 rotate+quant_fp8     0.2177      38.5
    4096   512  bf16 rotate+quant_int4     0.2425      34.6
   16384   512   f16         memcpy     0.0254    1321.3
   16384   512   f16         cublas     0.1966     170.7
   16384   512   f16        ref_fht     0.0416     806.8
   16384   512   f16 rotate+quant_fp8     0.3668      91.5
   16384   512   f16 rotate+quant_int4     0.4420      75.9
   16384   512  bf16         memcpy     0.0253    1328.6
   16384   512  bf16         cublas     0.2313     145.1
   16384   512  bf16        ref_fht     0.0332    1010.9
   16384   512  bf16 rotate+quant_fp8     0.4018      83.5
   16384   512  bf16 rotate+quant_int4     0.4765      70.4
   65536   512   f16         memcpy     0.3502     383.3
   65536   512   f16         cublas     0.7625     176.0
   65536   512   f16        ref_fht     0.3541     379.0
   65536   512   f16 rotate+quant_fp8     2.2263      60.3
   65536   512   f16 rotate+quant_int4     2.6895      49.9
   65536   512  bf16         memcpy     0.3505     382.9
   65536   512  bf16         cublas     0.8238     162.9
   65536   512  bf16        ref_fht     0.3499     383.6
   65536   512  bf16 rotate+quant_fp8     2.2902      58.6
   65536   512  bf16 rotate+quant_int4     2.7504      48.8
  262144   512   f16         memcpy     1.4133     379.9
  262144   512   f16         cublas     3.0283     177.3
  262144   512   f16        ref_fht     1.4092     381.0
  262144   512   f16 rotate+quant_fp8     9.0132      59.6
  262144   512   f16 rotate+quant_int4    10.8161      49.6
  262144   512  bf16         memcpy     1.4065     381.7
  262144   512  bf16         cublas     3.2006     167.7
  262144   512  bf16        ref_fht     1.4077     381.4
  262144   512  bf16 rotate+quant_fp8     9.2020      58.3
  262144   512  bf16 rotate+quant_int4    11.0221      48.7
    1024  1024   f16         memcpy     0.0075     559.3
    1024  1024   f16         cublas     0.0597      70.3
    1024  1024   f16        ref_fht     0.0141     296.6
    1024  1024   f16 rotate+quant_fp8     0.0965      43.5
    1024  1024   f16 rotate+quant_int4     0.1190      35.2
    1024  1024  bf16         memcpy     0.0078     537.3
    1024  1024  bf16         cublas     0.0600      69.9
    1024  1024  bf16        ref_fht     0.0144     292.1
    1024  1024  bf16 rotate+quant_fp8     0.0984      42.6
    1024  1024  bf16 rotate+quant_int4     0.1083      38.7
    4096  1024   f16         memcpy     0.0106    1582.6
    4096  1024   f16         cublas     0.1966      85.3
    4096  1024   f16        ref_fht     0.0311     540.0
    4096  1024   f16 rotate+quant_fp8     0.2836      59.1
    4096  1024   f16 rotate+quant_int4     0.3124      53.7
    4096  1024  bf16         memcpy     0.0110    1521.4
    4096  1024  bf16         cublas     0.2218      75.6
    4096  1024  bf16        ref_fht     0.0311     539.1
    4096  1024  bf16 rotate+quant_fp8     0.3207      52.3
    4096  1024  bf16 rotate+quant_int4     0.3492      48.0
   16384  1024   f16         memcpy     0.1773     378.4
   16384  1024   f16         cublas     0.7564      88.7
   16384  1024   f16        ref_fht     0.1729     388.1
   16384  1024   f16 rotate+quant_fp8     1.4108      47.6
   16384  1024   f16 rotate+quant_int4     1.6674      40.2
   16384  1024  bf16         memcpy     0.1722     389.6
   16384  1024  bf16         cublas     0.7991      84.0
   16384  1024  bf16        ref_fht     0.1733     387.3
   16384  1024  bf16 rotate+quant_fp8     1.4572      46.1
   16384  1024  bf16 rotate+quant_int4     1.7299      38.8
   65536  1024   f16         memcpy     0.7055     380.5
   65536  1024   f16         cublas     2.9512      91.0
   65536  1024   f16        ref_fht     0.7037     381.5
   65536  1024   f16 rotate+quant_fp8     5.9074      45.4
   65536  1024   f16 rotate+quant_int4     6.8216      39.4
   65536  1024  bf16         memcpy     0.7053     380.6
   65536  1024  bf16         cublas     3.0250      88.7
   65536  1024  bf16        ref_fht     0.7056     380.5
   65536  1024  bf16 rotate+quant_fp8     5.9913      44.8
   65536  1024  bf16 rotate+quant_int4     6.9163      38.8
  262144  1024   f16         memcpy     2.8279     379.7
  262144  1024   f16         cublas    11.7803      91.1
  262144  1024   f16        ref_fht     2.8272     379.8
  262144  1024   f16 rotate+quant_fp8    23.7561      45.2
  262144  1024   f16 rotate+quant_int4    27.3757      39.2
  262144  1024  bf16         memcpy     2.8298     379.4
  262144  1024  bf16         cublas    12.0877      88.8
  262144  1024  bf16        ref_fht     2.8246     380.1
  262144  1024  bf16 rotate+quant_fp8    24.0715      44.6
  262144  1024  bf16 rotate+quant_int4    27.7321      38.7
wrote data\baseline.csv
