M=8192   N=64    K=256   run0 | A   0.0802 ms | B   0.0721 ms |  1.11x
M=8192   N=64    K=256   run1 | A   0.0805 ms | B   0.0721 ms |  1.12x
M=8192   N=64    K=256   run2 | A   0.0806 ms | B   0.0796 ms |  1.01x
M=8192   N=64    K=256   run3 | A   0.0803 ms | B   0.0723 ms |  1.11x
M=8192   N=64    K=256   run4 | A   0.0803 ms | B   0.0720 ms |  1.12x
M=8192   N=128   K=256   run0 | A   0.0820 ms | B   0.0740 ms |  1.11x
M=8192   N=128   K=256   run1 | A   0.0823 ms | B   0.0742 ms |  1.11x
M=8192   N=128   K=256   run2 | A   0.0820 ms | B   0.0830 ms |  0.99x
M=8192   N=128   K=256   run3 | A   0.0825 ms | B   0.0742 ms |  1.11x
M=8192   N=128   K=256   run4 | A   0.0821 ms | B   0.0826 ms |  0.99x
M=8192   N=256   K=256   run0 | A   0.1619 ms | B   0.1702 ms |  0.95x
M=8192   N=256   K=256   run1 | A   0.1578 ms | B   0.1603 ms |  0.98x
M=8192   N=256   K=256   run2 | A   0.1686 ms | B   0.1389 ms |  1.21x
M=8192   N=256   K=256   run3 | A   0.1789 ms | B   0.1670 ms |  1.07x
M=8192   N=256   K=256   run4 | A   0.1464 ms | B   0.1751 ms |  0.84x
M=8192   N=512   K=256   run0 | A   0.2791 ms | B   0.2726 ms |  1.02x
M=8192   N=512   K=256   run1 | A   0.2789 ms | B   0.3531 ms |  0.79x
M=8192   N=512   K=256   run2 | A   0.3206 ms | B   0.3120 ms |  1.03x
M=8192   N=512   K=256   run3 | A   0.2791 ms | B   0.3065 ms |  0.91x
M=8192   N=512   K=256   run4 | A   0.3313 ms | B   0.2729 ms |  1.21x
M=8192   N=1024  K=256   run0 | A   0.5404 ms | B   0.6574 ms |  0.82x
M=8192   N=1024  K=256   run1 | A   0.5430 ms | B   0.6698 ms |  0.81x
M=8192   N=1024  K=256   run2 | A   0.6903 ms | B   0.5349 ms |  1.29x
M=8192   N=1024  K=256   run3 | A   0.5677 ms | B   0.6645 ms |  0.85x
M=8192   N=1024  K=256   run4 | A   0.6683 ms | B   0.6194 ms |  1.08x
M=8192   N=4096  K=256   run0 | A   2.6412 ms | B   2.7108 ms |  0.97x
M=8192   N=4096  K=256   run1 | A   2.2257 ms | B   2.7312 ms |  0.81x
M=8192   N=4096  K=256   run2 | A   2.5531 ms | B   2.6975 ms |  0.95x
M=8192   N=4096  K=256   run3 | A   2.5543 ms | B   2.4798 ms |  1.03x
M=8192   N=4096  K=256   run4 | A   2.6215 ms | B   2.5914 ms |  1.01x
M=8192   N=128   K=128   run0 | A   0.0435 ms | B   0.0371 ms |  1.17x
M=8192   N=128   K=128   run1 | A   0.0432 ms | B   0.0371 ms |  1.16x
M=8192   N=128   K=128   run2 | A   0.0434 ms | B   0.0372 ms |  1.17x
M=8192   N=128   K=128   run3 | A   0.0433 ms | B   0.0371 ms |  1.17x
M=8192   N=128   K=128   run4 | A   0.0432 ms | B   0.0370 ms |  1.17x
M=8192   N=128   K=512   run0 | A   0.1776 ms | B   0.1682 ms |  1.06x
M=8192   N=128   K=512   run1 | A   0.1904 ms | B   0.1472 ms |  1.29x
M=8192   N=128   K=512   run2 | A   0.1881 ms | B   0.1469 ms |  1.28x
M=8192   N=128   K=512   run3 | A   0.1828 ms | B   0.1463 ms |  1.25x
M=8192   N=128   K=512   run4 | A   0.2074 ms | B   0.1578 ms |  1.31x
M=8192   N=128   K=1024  run0 | A   0.4693 ms | B   0.3264 ms |  1.44x
M=8192   N=128   K=1024  run1 | A   0.4762 ms | B   0.3962 ms |  1.20x
M=8192   N=128   K=1024  run2 | A   0.4480 ms | B   0.3672 ms |  1.22x
M=8192   N=128   K=1024  run3 | A   0.4504 ms | B   0.3263 ms |  1.38x
M=8192   N=128   K=1024  run4 | A   0.4576 ms | B   0.3853 ms |  1.19x
M=1024   N=128   K=256   run0 | A   0.0184 ms | B   0.0146 ms |  1.26x
M=1024   N=128   K=256   run1 | A   0.0437 ms | B   0.0145 ms |  3.01x
M=1024   N=128   K=256   run2 | A   0.0570 ms | B   0.0145 ms |  3.93x
M=1024   N=128   K=256   run3 | A   0.0300 ms | B   0.0145 ms |  2.07x
M=1024   N=128   K=256   run4 | A   0.0567 ms | B   0.0145 ms |  3.91x
M=32768  N=128   K=256   run0 | A   0.3140 ms | B   0.3054 ms |  1.03x
M=32768  N=128   K=256   run1 | A   0.3895 ms | B   0.2567 ms |  1.52x
M=32768  N=128   K=256   run2 | A   0.4044 ms | B   0.3235 ms |  1.25x
M=32768  N=128   K=256   run3 | A   0.3964 ms | B   0.2562 ms |  1.55x
M=32768  N=128   K=256   run4 | A   0.3599 ms | B   0.2919 ms |  1.23x
M=65536  N=128   K=256   run0 | A   0.8566 ms | B   0.6249 ms |  1.37x
M=65536  N=128   K=256   run1 | A   0.7264 ms | B   0.6321 ms |  1.15x
M=65536  N=128   K=256   run2 | A   0.8470 ms | B   0.5386 ms |  1.57x
M=65536  N=128   K=256   run3 | A   0.7918 ms | B   0.6011 ms |  1.32x
M=65536  N=128   K=256   run4 | A   0.7533 ms | B   0.6503 ms |  1.16x
M=16384  N=256   K=512   run0 | A   0.7034 ms | B   0.6369 ms |  1.10x
M=16384  N=256   K=512   run1 | A   0.6973 ms | B   0.6455 ms |  1.08x
M=16384  N=256   K=512   run2 | A   0.5746 ms | B   0.6891 ms |  0.83x
M=16384  N=256   K=512   run3 | A   0.7489 ms | B   0.5157 ms |  1.45x
M=16384  N=256   K=512   run4 | A   0.7593 ms | B   0.6572 ms |  1.16x
M=4096   N=4096  K=256   run0 | A   1.3613 ms | B   1.3204 ms |  1.03x
M=4096   N=4096  K=256   run1 | A   1.3314 ms | B   1.2321 ms |  1.08x
M=4096   N=4096  K=256   run2 | A   1.1597 ms | B   1.2356 ms |  0.94x
M=4096   N=4096  K=256   run3 | A   1.2356 ms | B   1.3681 ms |  0.90x
M=4096   N=4096  K=256   run4 | A   1.2612 ms | B   1.2593 ms |  1.00x
