    rows    dim dtype kern   tpr  rpb        KiB    oop ms  oop GB/s     ip ms   ip GB/s   ip/oop
    8192    128 f16   reg     32    8     2048.0    0.0073     576.7    0.0071     592.9    1.03x
   16384    128 f16   reg     32    8     4096.0    0.0103     817.8    0.0102     818.5    1.00x
   32768    128 f16   reg     32    8     8192.0    0.0164    1021.9    0.0164    1022.4    1.00x
   65536    128 f16   reg     32    8    16384.0    0.0288    1165.7    0.0287    1168.0    1.00x
  131072    128 f16   reg     32    8    32768.0    0.1741     385.5    0.0810     828.1    2.15x
  262144    128 f16   reg     32    8    65536.0    0.3483     385.3    0.3478     385.9    1.00x
    8192    128 bf16  reg     32    8     2048.0    0.0064     651.3    0.0070     601.7    0.92x
   16384    128 bf16  reg     32    8     4096.0    0.0103     817.1    0.0103     817.1    1.00x
   32768    128 bf16  reg     32    8     8192.0    0.0164    1022.5    0.0164    1021.2    1.00x
   65536    128 bf16  reg     32    8    16384.0    0.0287    1168.0    0.0288    1166.4    1.00x
  131072    128 bf16  reg     32    8    32768.0    0.1740     385.6    0.0808     830.2    2.15x
  262144    128 bf16  reg     32    8    65536.0    0.3504     383.0    0.3482     385.5    1.01x
    8192    256 f16   reg     32    8     4096.0    0.0092     908.0    0.0089     937.8    1.03x
   16384    256 f16   reg     32    8     8192.0    0.0123    1362.5    0.0124    1349.6    0.99x
   32768    256 f16   reg     32    8    16384.0    0.0205    1633.1    0.0205    1635.9    1.00x
   65536    256 f16   reg     32    8    32768.0    0.1744     384.7    0.0810     828.6    2.15x
  131072    256 f16   reg     32    8    65536.0    0.3501     383.3    0.3508     382.6    1.00x
  262144    256 f16   reg     32    8   131072.0    0.7038     381.4    0.7026     382.0    1.00x
    8192    256 bf16  reg     32    8     4096.0    0.0084     998.6    0.0084    1003.2    1.00x
   16384    256 bf16  reg     32    8     8192.0    0.0123    1362.4    0.0123    1360.0    1.00x
   32768    256 bf16  reg     32    8    16384.0    0.0206    1630.7    0.0205    1635.8    1.00x
   65536    256 bf16  reg     32    8    32768.0    0.1738     386.0    0.0819     819.9    2.12x
  131072    256 bf16  reg     32    8    65536.0    0.3486     385.0    0.3508     382.6    0.99x
  262144    256 bf16  reg     32    8   131072.0    0.7035     381.6    0.7008     383.1    1.00x
    8192    512 f16   reg     32    8     8192.0    0.0124    1357.6    0.0124    1358.0    1.00x
   16384    512 f16   reg     32    8    16384.0    0.0211    1591.1    0.0207    1619.3    1.02x
   32768    512 f16   reg     32    8    32768.0    0.1748     383.8    0.0815     823.6    2.15x
   65536    512 f16   reg     32    8    65536.0    0.3524     380.9    0.3539     379.3    1.00x
  131072    512 f16   reg     32    8   131072.0    0.7086     378.8    0.7074     379.5    1.00x
  262144    512 f16   reg     32    8   262144.0    1.4153     379.3    1.4178     378.7    1.00x
    8192    512 bf16  reg     32    8     8192.0    0.0132    1267.3    0.0134    1255.0    0.99x
   16384    512 bf16  reg     32    8    16384.0    0.0212    1583.5    0.0206    1627.4    1.03x
   32768    512 bf16  reg     32    8    32768.0    0.1755     382.3    0.0809     829.6    2.17x
   65536    512 bf16  reg     32    8    65536.0    0.3522     381.0    0.3532     380.0    1.00x
  131072    512 bf16  reg     32    8   131072.0    0.7090     378.6    0.7061     380.2    1.00x
  262144    512 bf16  reg     32    8   262144.0    1.4195     378.2    1.4160     379.2    1.00x
    8192   1024 f16   reg     32    8    16384.0    0.0283    1185.8    0.0282    1189.2    1.00x
   16384   1024 f16   reg     32    8    32768.0    0.1760     381.2    0.0810     828.2    2.17x
   32768   1024 f16   reg     32    8    65536.0    0.3538     379.4    0.3549     378.2    1.00x
   65536   1024 f16   reg     32    8   131072.0    0.7118     377.1    0.7118     377.1    1.00x
  131072   1024 f16   reg     32    8   262144.0    1.4268     376.3    1.4251     376.7    1.00x
  262144   1024 f16   reg     32    8   524288.0    2.8558     376.0    2.8554     376.0    1.00x
    8192   1024 bf16  reg     32    8    16384.0    0.0281    1193.5    0.0279    1204.5    1.01x
   16384   1024 bf16  reg     32    8    32768.0    0.1759     381.5    0.0807     832.0    2.18x
   32768   1024 bf16  reg     32    8    65536.0    0.3538     379.4    0.3553     377.7    1.00x
   65536   1024 bf16  reg     32    8   131072.0    0.7132     376.4    0.7120     377.0    1.00x
  131072   1024 bf16  reg     32    8   262144.0    1.4257     376.6    1.4294     375.6    1.00x
  262144   1024 bf16  reg     32    8   524288.0    2.8556     376.0    2.8535     376.3    1.00x
wrote data\inplace.csv
