    rows    dim dtype kern  acc      tpr  rpb     grid  block        ms      GB/s    %peak
    2048     64 f16   smem  native    32    1     2048     32    0.0067      77.9    17.4%
    2048     64 f16   smem  native    32    4     2048    128    0.0079      66.1    14.8%
    2048     64 f16   smem  native    32   16     2048    512    0.0130      40.4     9.0%
    2048     64 f16   smem  native    32    1     2048     32    0.0064      81.6    18.2%
    2048     64 f16   smem  native    32    4     2048    128    0.0071      74.0    16.5%
    2048     64 f16   smem  native    32   16     2048    512    0.0125      41.9     9.4%
    2048     64 f16   smem  native    32    1     2048     32    0.0112      47.0    10.5%
    2048     64 f16   smem  native    32    4     2048    128    0.0087      60.3    13.5%
    2048     64 f16   smem  native    32   16     2048    512    0.0124      42.2     9.4%
    2048     64 bf16  smem  native    32    1     2048     32    0.0067      78.6    17.5%
    2048     64 bf16  smem  native    32    4     2048    128    0.0071      74.1    16.5%
    2048     64 bf16  smem  native    32   16     2048    512    0.0124      42.2     9.4%
    2048     64 bf16  smem  native    32    1     2048     32    0.0068      76.9    17.2%
    2048     64 bf16  smem  native    32    4     2048    128    0.0074      70.9    15.8%
    2048     64 bf16  smem  native    32   16     2048    512    0.0124      42.3     9.4%
    2048     64 bf16  smem  native    32    1     2048     32    0.0069      75.9    16.9%
    2048     64 bf16  smem  native    32    4     2048    128    0.0074      70.9    15.8%
    2048     64 bf16  smem  native    32   16     2048    512    0.0124      42.2     9.4%
    8192     64 f16   smem  native    32    1     8192     32    0.0104     202.0    45.1%
    8192     64 f16   smem  native    32    4     8192    128    0.0123     170.0    37.9%
    8192     64 f16   smem  native    32   16     8192    512    0.0390      53.7    12.0%
    8192     64 f16   smem  native    32    1     8192     32    0.0104     202.1    45.1%
    8192     64 f16   smem  native    32    4     8192    128    0.0123     170.0    37.9%
    8192     64 f16   smem  native    32   16     8192    512    0.0390      53.7    12.0%
    8192     64 f16   smem  native    32    1     8192     32    0.0135     155.7    34.8%
    8192     64 f16   smem  native    32    4     8192    128    0.0123     169.9    37.9%
    8192     64 f16   smem  native    32   16     8192    512    0.0391      53.7    12.0%
    8192     64 bf16  smem  native    32    1     8192     32    0.0104     201.3    44.9%
    8192     64 bf16  smem  native    32    4     8192    128    0.0123     170.1    38.0%
    8192     64 bf16  smem  native    32   16     8192    512    0.0390      53.8    12.0%
    8192     64 bf16  smem  native    32    1     8192     32    0.0104     201.3    44.9%
    8192     64 bf16  smem  native    32    4     8192    128    0.0123     169.9    37.9%
    8192     64 bf16  smem  native    32   16     8192    512    0.0390      53.7    12.0%
    8192     64 bf16  smem  native    32    1     8192     32    0.0105     199.9    44.6%
    8192     64 bf16  smem  native    32    4     8192    128    0.0123     169.9    37.9%
    8192     64 bf16  smem  native    32   16     8192    512    0.0391      53.7    12.0%
   32768     64 f16   smem  native    32    1    32768     32    0.0349     240.3    53.6%
   32768     64 f16   smem  native    32    4    32768    128    0.0370     226.8    50.6%
   32768     64 f16   smem  native    32   16    32768    512    0.1496      56.1    12.5%
   32768     64 f16   smem  native    32    1    32768     32    0.0349     240.4    53.7%
   32768     64 f16   smem  native    32    4    32768    128    0.0370     226.7    50.6%
   32768     64 f16   smem  native    32   16    32768    512    0.1495      56.1    12.5%
   32768     64 f16   smem  native    32    1    32768     32    0.0349     240.3    53.6%
   32768     64 f16   smem  native    32    4    32768    128    0.0371     226.2    50.5%
   32768     64 f16   smem  native    32   16    32768    512    0.1496      56.1    12.5%
   32768     64 bf16  smem  native    32    1    32768     32    0.0349     240.3    53.6%
   32768     64 bf16  smem  native    32    4    32768    128    0.0370     226.7    50.6%
   32768     64 bf16  smem  native    32   16    32768    512    0.1496      56.1    12.5%
   32768     64 bf16  smem  native    32    1    32768     32    0.0349     240.6    53.7%
   32768     64 bf16  smem  native    32    4    32768    128    0.0370     226.7    50.6%
   32768     64 bf16  smem  native    32   16    32768    512    0.1496      56.1    12.5%
   32768     64 bf16  smem  native    32    1    32768     32    0.0349     240.3    53.6%
   32768     64 bf16  smem  native    32    4    32768    128    0.0370     226.7    50.6%
   32768     64 bf16  smem  native    32   16    32768    512    0.1496      56.1    12.5%
  131072     64 f16   smem  native    32    1   131072     32    0.1301     258.0    57.6%
  131072     64 f16   smem  native    32    4   131072    128    0.1397     240.2    53.6%
  131072     64 f16   smem  native    32   16   131072    512    0.6136      54.7    12.2%
  131072     64 f16   smem  native    32    1   131072     32    0.1295     259.1    57.8%
  131072     64 f16   smem  native    32    4   131072    128    0.1396     240.3    53.6%
  131072     64 f16   smem  native    32   16   131072    512    0.6085      55.1    12.3%
  131072     64 f16   smem  native    32    1   131072     32    0.1301     258.0    57.6%
  131072     64 f16   smem  native    32    4   131072    128    0.1406     238.6    53.2%
  131072     64 f16   smem  native    32   16   131072    512    0.6088      55.1    12.3%
  131072     64 bf16  smem  native    32    1   131072     32    0.1300     258.1    57.6%
  131072     64 bf16  smem  native    32    4   131072    128    0.1397     240.3    53.6%
  131072     64 bf16  smem  native    32   16   131072    512    0.6091      55.1    12.3%
  131072     64 bf16  smem  native    32    1   131072     32    0.1300     258.1    57.6%
  131072     64 bf16  smem  native    32    4   131072    128    0.1449     231.5    51.7%
  131072     64 bf16  smem  native    32   16   131072    512    0.6078      55.2    12.3%
  131072     64 bf16  smem  native    32    1   131072     32    0.1301     258.0    57.6%
  131072     64 bf16  smem  native    32    4   131072    128    0.1397     240.2    53.6%
  131072     64 bf16  smem  native    32   16   131072    512    0.6150      54.6    12.2%
    2048    128 f16   smem  native    32    1     2048     32    0.0063     166.8    37.2%
    2048    128 f16   smem  native    32    4     2048    128    0.0079     132.4    29.6%
    2048    128 f16   smem  native    32   16     2048    512    0.0124      84.3    18.8%
    2048    128 f16   smem  native    32    1     2048     32    0.0064     164.1    36.6%
    2048    128 f16   smem  native    32    4     2048    128    0.0078     134.4    30.0%
    2048    128 f16   smem  native    32   16     2048    512    0.0128      81.7    18.2%
    2048    128 f16   smem  native    32    1     2048     32    0.0072     146.1    32.6%
    2048    128 f16   smem  native    32    4     2048    128    0.0066     158.3    35.3%
    2048    128 f16   smem  native    32   16     2048    512    0.0132      79.6    17.8%
    2048    128 bf16  smem  native    32    1     2048     32    0.0068     154.2    34.4%
    2048    128 bf16  smem  native    32    4     2048    128    0.0065     161.5    36.1%
    2048    128 bf16  smem  native    32   16     2048    512    0.0124      84.4    18.8%
    2048    128 bf16  smem  native    32    1     2048     32    0.0067     156.1    34.8%
    2048    128 bf16  smem  native    32    4     2048    128    0.0081     128.7    28.7%
    2048    128 bf16  smem  native    32   16     2048    512    0.0124      84.4    18.8%
    2048    128 bf16  smem  native    32    1     2048     32    0.0070     149.5    33.4%
    2048    128 bf16  smem  native    32    4     2048    128    0.0083     125.9    28.1%
    2048    128 bf16  smem  native    32   16     2048    512    0.0124      84.4    18.8%
    8192    128 f16   smem  native    32    1     8192     32    0.0106     397.5    88.7%
    8192    128 f16   smem  native    32    4     8192    128    0.0124     337.6    75.4%
    8192    128 f16   smem  native    32   16     8192    512    0.0410     102.2    22.8%
    8192    128 f16   smem  native    32    1     8192     32    0.0104     404.2    90.2%
    8192    128 f16   smem  native    32    4     8192    128    0.0124     338.8    75.6%
    8192    128 f16   smem  native    32   16     8192    512    0.0410     102.2    22.8%
    8192    128 f16   smem  native    32    1     8192     32    0.0105     398.6    89.0%
    8192    128 f16   smem  native    32    4     8192    128    0.0124     338.0    75.4%
    8192    128 f16   smem  native    32   16     8192    512    0.0410     102.2    22.8%
    8192    128 bf16  smem  native    32    1     8192     32    0.0104     401.8    89.7%
    8192    128 bf16  smem  native    32    4     8192    128    0.0124     337.8    75.4%
    8192    128 bf16  smem  native    32   16     8192    512    0.0411     102.1    22.8%
    8192    128 bf16  smem  native    32    1     8192     32    0.0105     400.1    89.3%
    8192    128 bf16  smem  native    32    4     8192    128    0.0124     337.6    75.4%
    8192    128 bf16  smem  native    32   16     8192    512    0.0411     102.1    22.8%
    8192    128 bf16  smem  native    32    1     8192     32    0.0105     401.1    89.5%
    8192    128 bf16  smem  native    32    4     8192    128    0.0124     338.1    75.5%
    8192    128 bf16  smem  native    32   16     8192    512    0.0411     102.1    22.8%
   32768    128 f16   smem  native    32    1    32768     32    0.0349     480.1   107.1%
   32768    128 f16   smem  native    32    4    32768    128    0.0391     429.5    95.9%
   32768    128 f16   smem  native    32   16    32768    512    0.1538     109.1    24.3%
   32768    128 f16   smem  native    32    1    32768     32    0.0350     480.0   107.1%
   32768    128 f16   smem  native    32    4    32768    128    0.0391     428.7    95.7%
   32768    128 f16   smem  native    32   16    32768    512    0.1569     106.9    23.9%
   32768    128 f16   smem  native    32    1    32768     32    0.0350     480.0   107.1%
   32768    128 f16   smem  native    32    4    32768    128    0.0392     428.2    95.6%
   32768    128 f16   smem  native    32   16    32768    512    0.1538     109.1    24.4%
   32768    128 bf16  smem  native    32    1    32768     32    0.0349     480.2   107.2%
   32768    128 bf16  smem  native    32    4    32768    128    0.0390     429.7    95.9%
   32768    128 bf16  smem  native    32   16    32768    512    0.1542     108.8    24.3%
   32768    128 bf16  smem  native    32    1    32768     32    0.0350     479.4   107.0%
   32768    128 bf16  smem  native    32    4    32768    128    0.0390     429.8    95.9%
   32768    128 bf16  smem  native    32   16    32768    512    0.1538     109.1    24.3%
   32768    128 bf16  smem  native    32    1    32768     32    0.0349     480.1   107.1%
   32768    128 bf16  smem  native    32    4    32768    128    0.0390     429.8    95.9%
   32768    128 bf16  smem  native    32   16    32768    512    0.1538     109.1    24.3%
  131072    128 f16   smem  native    32    1   131072     32    0.1776     377.9    84.3%
  131072    128 f16   smem  native    32    4   131072    128    0.2454     273.4    61.0%
  131072    128 f16   smem  native    32   16   131072    512    0.8818      76.1    17.0%
  131072    128 f16   smem  native    32    1   131072     32    0.1723     389.5    86.9%
  131072    128 f16   smem  native    32    4   131072    128    0.2456     273.3    61.0%
  131072    128 f16   smem  native    32   16   131072    512    0.8783      76.4    17.1%
  131072    128 f16   smem  native    32    1   131072     32    0.1742     385.2    86.0%
  131072    128 f16   smem  native    32    4   131072    128    0.2455     273.3    61.0%
  131072    128 f16   smem  native    32   16   131072    512    0.8821      76.1    17.0%
  131072    128 bf16  smem  native    32    1   131072     32    0.1774     378.2    84.4%
  131072    128 bf16  smem  native    32    4   131072    128    0.2416     277.8    62.0%
  131072    128 bf16  smem  native    32   16   131072    512    0.8837      75.9    17.0%
  131072    128 bf16  smem  native    32    1   131072     32    0.1743     385.0    85.9%
  131072    128 bf16  smem  native    32    4   131072    128    0.2466     272.1    60.7%
  131072    128 bf16  smem  native    32   16   131072    512    0.8843      75.9    16.9%
  131072    128 bf16  smem  native    32    1   131072     32    0.1784     376.1    84.0%
  131072    128 bf16  smem  native    32    4   131072    128    0.2417     277.6    62.0%
  131072    128 bf16  smem  native    32   16   131072    512    0.8826      76.0    17.0%
    2048    256 f16   smem  native    32    1     2048     32    0.0069     304.9    68.1%
    2048    256 f16   smem  native    32    4     2048    128    0.0070     298.0    66.5%
    2048    256 f16   smem  native    32   16     2048    512    0.0124     168.8    37.7%
    2048    256 f16   smem  native    32    1     2048     32    0.0065     320.7    71.6%
    2048    256 f16   smem  native    32    4     2048    128    0.0076     277.6    62.0%
    2048    256 f16   smem  native    32   16     2048    512    0.0126     166.8    37.2%
    2048    256 f16   smem  native    32    1     2048     32    0.0068     306.7    68.4%
    2048    256 f16   smem  native    32    4     2048    128    0.0068     309.1    69.0%
    2048    256 f16   smem  native    32   16     2048    512    0.0124     168.9    37.7%
    2048    256 bf16  smem  native    32    1     2048     32    0.0061     344.6    76.9%
    2048    256 bf16  smem  native    32    4     2048    128    0.0071     296.0    66.1%
    2048    256 bf16  smem  native    32   16     2048    512    0.0124     169.3    37.8%
    2048    256 bf16  smem  native    32    1     2048     32    0.0067     313.0    69.9%
    2048    256 bf16  smem  native    32    4     2048    128    0.0068     307.7    68.7%
    2048    256 bf16  smem  native    32   16     2048    512    0.0125     168.3    37.6%
    2048    256 bf16  smem  native    32    1     2048     32    0.0064     329.1    73.5%
    2048    256 bf16  smem  native    32    4     2048    128    0.0069     304.3    67.9%
    2048    256 bf16  smem  native    32   16     2048    512    0.0124     168.8    37.7%
    8192    256 f16   smem  native    32    1     8192     32    0.0104     810.0   180.8%
    8192    256 f16   smem  native    32    4     8192    128    0.0124     676.3   150.9%
    8192    256 f16   smem  native    32   16     8192    512    0.0411     204.0    45.5%
    8192    256 f16   smem  native    32    1     8192     32    0.0104     808.4   180.4%
    8192    256 f16   smem  native    32    4     8192    128    0.0124     674.2   150.5%
    8192    256 f16   smem  native    32   16     8192    512    0.0411     204.0    45.5%
    8192    256 f16   smem  native    32    1     8192     32    0.0104     808.6   180.5%
    8192    256 f16   smem  native    32    4     8192    128    0.0125     671.3   149.8%
    8192    256 f16   smem  native    32   16     8192    512    0.0411     204.1    45.5%
    8192    256 bf16  smem  native    32    1     8192     32    0.0104     806.9   180.1%
    8192    256 bf16  smem  native    32    4     8192    128    0.0124     675.1   150.7%
    8192    256 bf16  smem  native    32   16     8192    512    0.0411     204.0    45.5%
    8192    256 bf16  smem  native    32    1     8192     32    0.0104     808.8   180.5%
    8192    256 bf16  smem  native    32    4     8192    128    0.0125     672.3   150.0%
    8192    256 bf16  smem  native    32   16     8192    512    0.0411     204.0    45.5%
    8192    256 bf16  smem  native    32    1     8192     32    0.0104     809.0   180.6%
    8192    256 bf16  smem  native    32    4     8192    128    0.0125     669.8   149.5%
    8192    256 bf16  smem  native    32   16     8192    512    0.0411     204.0    45.5%
   32768    256 f16   smem  native    32    1    32768     32    0.0366     917.6   204.8%
   32768    256 f16   smem  native    32    4    32768    128    0.0411     815.9   182.1%
   32768    256 f16   smem  native    32   16    32768    512    0.1629     205.9    46.0%
   32768    256 f16   smem  native    32    1    32768     32    0.0363     923.5   206.1%
   32768    256 f16   smem  native    32    4    32768    128    0.0411     816.3   182.2%
   32768    256 f16   smem  native    32   16    32768    512    0.1627     206.3    46.0%
   32768    256 f16   smem  native    32    1    32768     32    0.0367     915.4   204.3%
   32768    256 f16   smem  native    32    4    32768    128    0.0411     816.4   182.2%
   32768    256 f16   smem  native    32   16    32768    512    0.1628     206.2    46.0%
   32768    256 bf16  smem  native    32    1    32768     32    0.0363     923.9   206.2%
   32768    256 bf16  smem  native    32    4    32768    128    0.0411     816.1   182.2%
   32768    256 bf16  smem  native    32   16    32768    512    0.1577     212.8    47.5%
   32768    256 bf16  smem  native    32    1    32768     32    0.0365     918.4   205.0%
   32768    256 bf16  smem  native    32    4    32768    128    0.0411     816.9   182.3%
   32768    256 bf16  smem  native    32   16    32768    512    0.1629     206.0    46.0%
   32768    256 bf16  smem  native    32    1    32768     32    0.0368     910.9   203.3%
   32768    256 bf16  smem  native    32    4    32768    128    0.0411     816.1   182.1%
   32768    256 bf16  smem  native    32   16    32768    512    0.1578     212.7    47.5%
  131072    256 f16   smem  native    32    1   131072     32    0.3485     385.1    85.9%
  131072    256 f16   smem  native    32    4   131072    128    0.3468     387.0    86.4%
  131072    256 f16   smem  native    32   16   131072    512    0.9442     142.2    31.7%
  131072    256 f16   smem  native    32    1   131072     32    0.3476     386.2    86.2%
  131072    256 f16   smem  native    32    4   131072    128    0.3508     382.6    85.4%
  131072    256 f16   smem  native    32   16   131072    512    0.9440     142.2    31.7%
  131072    256 f16   smem  native    32    1   131072     32    0.3488     384.8    85.9%
  131072    256 f16   smem  native    32    4   131072    128    0.3577     375.2    83.7%
  131072    256 f16   smem  native    32   16   131072    512    0.9461     141.9    31.7%
  131072    256 bf16  smem  native    32    1   131072     32    0.3483     385.4    86.0%
  131072    256 bf16  smem  native    32    4   131072    128    0.3545     378.6    84.5%
  131072    256 bf16  smem  native    32   16   131072    512    0.9442     142.2    31.7%
  131072    256 bf16  smem  native    32    1   131072     32    0.3489     384.7    85.9%
  131072    256 bf16  smem  native    32    4   131072    128    0.3561     376.9    84.1%
  131072    256 bf16  smem  native    32   16   131072    512    0.9438     142.2    31.7%
  131072    256 bf16  smem  native    32    1   131072     32    0.3477     386.0    86.2%
  131072    256 bf16  smem  native    32    4   131072    128    0.3516     381.7    85.2%
  131072    256 bf16  smem  native    32   16   131072    512    0.9435     142.3    31.8%
    2048    512 f16   smem  native    32    1     2048     32    0.0070     597.4   133.3%
    2048    512 f16   smem  native    32    4     2048    128    0.0068     621.1   138.6%
    2048    512 f16   smem  native    32   16     2048    512    0.0166     253.3    56.5%
    2048    512 f16   smem  native    32    1     2048     32    0.0075     561.8   125.4%
    2048    512 f16   smem  native    32    4     2048    128    0.0077     542.1   121.0%
    2048    512 f16   smem  native    32   16     2048    512    0.0165     253.9    56.7%
    2048    512 f16   smem  native    32    1     2048     32    0.0068     612.9   136.8%
    2048    512 f16   smem  native    32    4     2048    128    0.0074     569.1   127.0%
    2048    512 f16   smem  native    32   16     2048    512    0.0172     243.4    54.3%
    2048    512 bf16  smem  native    32    1     2048     32    0.0075     559.8   124.9%
    2048    512 bf16  smem  native    32    4     2048    128    0.0081     519.8   116.0%
    2048    512 bf16  smem  native    32   16     2048    512    0.0166     253.3    56.5%
    2048    512 bf16  smem  native    32    1     2048     32    0.0081     520.0   116.1%
    2048    512 bf16  smem  native    32    4     2048    128    0.0078     534.9   119.4%
    2048    512 bf16  smem  native    32   16     2048    512    0.0172     244.5    54.6%
    2048    512 bf16  smem  native    32    1     2048     32    0.0081     514.9   114.9%
    2048    512 bf16  smem  native    32    4     2048    128    0.0069     611.7   136.5%
    2048    512 bf16  smem  native    32   16     2048    512    0.0165     254.5    56.8%
    8192    512 f16   smem  native    32    1     8192     32    0.0165    1016.9   227.0%
    8192    512 f16   smem  native    32    4     8192    128    0.0186     902.7   201.5%
    8192    512 f16   smem  native    32   16     8192    512    0.0575     291.8    65.1%
    8192    512 f16   smem  native    32    1     8192     32    0.0165    1014.5   226.4%
    8192    512 f16   smem  native    32    4     8192    128    0.0186     901.6   201.2%
    8192    512 f16   smem  native    32   16     8192    512    0.0613     273.9    61.1%
    8192    512 f16   smem  native    32    1     8192     32    0.0165    1018.5   227.3%
    8192    512 f16   smem  native    32    4     8192    128    0.0186     903.5   201.7%
    8192    512 f16   smem  native    32   16     8192    512    0.0575     291.8    65.1%
    8192    512 bf16  smem  native    32    1     8192     32    0.0165    1019.4   227.5%
    8192    512 bf16  smem  native    32    4     8192    128    0.0186     903.7   201.7%
    8192    512 bf16  smem  native    32   16     8192    512    0.0578     290.4    64.8%
    8192    512 bf16  smem  native    32    1     8192     32    0.0165    1018.9   227.4%
    8192    512 bf16  smem  native    32    4     8192    128    0.0186     902.9   201.5%
    8192    512 bf16  smem  native    32   16     8192    512    0.0575     292.0    65.2%
    8192    512 bf16  smem  native    32    1     8192     32    0.0165    1017.4   227.1%
    8192    512 bf16  smem  native    32    4     8192    128    0.0186     902.7   201.5%
    8192    512 bf16  smem  native    32   16     8192    512    0.0574     292.0    65.2%
   32768    512 f16   smem  native    32    1    32768     32    0.1767     379.7    84.7%
   32768    512 f16   smem  native    32    4    32768    128    0.1721     390.0    87.0%
   32768    512 f16   smem  native    32   16    32768    512    0.3240     207.1    46.2%
   32768    512 f16   smem  native    32    1    32768     32    0.1733     387.1    86.4%
   32768    512 f16   smem  native    32    4    32768    128    0.1765     380.3    84.9%
   32768    512 f16   smem  native    32   16    32768    512    0.3244     206.9    46.2%
   32768    512 f16   smem  native    32    1    32768     32    0.1779     377.2    84.2%
   32768    512 f16   smem  native    32    4    32768    128    0.1718     390.6    87.2%
   32768    512 f16   smem  native    32   16    32768    512    0.3241     207.1    46.2%
   32768    512 bf16  smem  native    32    1    32768     32    0.1735     386.8    86.3%
   32768    512 bf16  smem  native    32    4    32768    128    0.1757     382.0    85.3%
   32768    512 bf16  smem  native    32   16    32768    512    0.3241     207.1    46.2%
   32768    512 bf16  smem  native    32    1    32768     32    0.1768     379.5    84.7%
   32768    512 bf16  smem  native    32    4    32768    128    0.1721     390.0    87.0%
   32768    512 bf16  smem  native    32   16    32768    512    0.3237     207.3    46.3%
   32768    512 bf16  smem  native    32    1    32768     32    0.1736     386.5    86.3%
   32768    512 bf16  smem  native    32    4    32768    128    0.1719     390.5    87.2%
   32768    512 bf16  smem  native    32   16    32768    512    0.3238     207.2    46.3%
  131072    512 f16   smem  native    32    1   131072     32    0.7102     378.0    84.4%
  131072    512 f16   smem  native    32    4   131072    128    0.6966     385.4    86.0%
  131072    512 f16   smem  native    32   16   131072    512    1.2888     208.3    46.5%
  131072    512 f16   smem  native    32    1   131072     32    0.7101     378.0    84.4%
  131072    512 f16   smem  native    32    4   131072    128    0.7033     381.7    85.2%
  131072    512 f16   smem  native    32   16   131072    512    1.2969     207.0    46.2%
  131072    512 f16   smem  native    32    1   131072     32    0.7129     376.6    84.0%
  131072    512 f16   smem  native    32    4   131072    128    0.7007     383.1    85.5%
  131072    512 f16   smem  native    32   16   131072    512    1.2889     208.3    46.5%
  131072    512 bf16  smem  native    32    1   131072     32    0.7101     378.0    84.4%
  131072    512 bf16  smem  native    32    4   131072    128    0.7014     382.7    85.4%
  131072    512 bf16  smem  native    32   16   131072    512    1.2873     208.5    46.5%
  131072    512 bf16  smem  native    32    1   131072     32    0.7103     377.9    84.4%
  131072    512 bf16  smem  native    32    4   131072    128    0.7077     379.3    84.7%
  131072    512 bf16  smem  native    32   16   131072    512    1.2897     208.1    46.5%
  131072    512 bf16  smem  native    32    1   131072     32    0.7087     378.8    84.5%
  131072    512 bf16  smem  native    32    4   131072    128    0.6967     385.3    86.0%
  131072    512 bf16  smem  native    32   16   131072    512    1.2870     208.6    46.6%
    2048   1024 f16   smem  native    32    1     2048     32    0.0108     774.7   172.9%
    2048   1024 f16   smem  native    32    4     2048    128    0.0104     808.6   180.5%
    2048   1024 f16   smem  native    32   16     2048    512    0.0185     453.8   101.3%
    2048   1024 f16   smem  native    32    1     2048     32    0.0108     777.2   173.5%
    2048   1024 f16   smem  native    32    4     2048    128    0.0106     790.6   176.5%
    2048   1024 f16   smem  native    32   16     2048    512    0.0185     453.8   101.3%
    2048   1024 f16   smem  native    32    1     2048     32    0.0109     767.8   171.4%
    2048   1024 f16   smem  native    32    4     2048    128    0.0104     806.6   180.0%
    2048   1024 f16   smem  native    32   16     2048    512    0.0185     453.8   101.3%
    2048   1024 bf16  smem  native    32    1     2048     32    0.0109     768.0   171.4%
    2048   1024 bf16  smem  native    32    4     2048    128    0.0133     631.8   141.0%
    2048   1024 bf16  smem  native    32   16     2048    512    0.0185     453.5   101.2%
    2048   1024 bf16  smem  native    32    1     2048     32    0.0110     759.9   169.6%
    2048   1024 bf16  smem  native    32    4     2048    128    0.0107     783.8   174.9%
    2048   1024 bf16  smem  native    32   16     2048    512    0.0205     408.8    91.3%
    2048   1024 bf16  smem  native    32    1     2048     32    0.0108     777.9   173.6%
    2048   1024 bf16  smem  native    32    4     2048    128    0.0104     808.4   180.4%
    2048   1024 bf16  smem  native    32   16     2048    512    0.0185     453.9   101.3%
    8192   1024 f16   smem  native    32    1     8192     32    0.0329    1019.9   227.6%
    8192   1024 f16   smem  native    32    4     8192    128    0.0337     995.7   222.2%
    8192   1024 f16   smem  native    32   16     8192    512    0.0616     544.6   121.6%
    8192   1024 f16   smem  native    32    1     8192     32    0.0334    1003.9   224.1%
    8192   1024 f16   smem  native    32    4     8192    128    0.0336     997.6   222.7%
    8192   1024 f16   smem  native    32   16     8192    512    0.0617     544.1   121.5%
    8192   1024 f16   smem  native    32    1     8192     32    0.0330    1016.1   226.8%
    8192   1024 f16   smem  native    32    4     8192    128    0.0331    1015.1   226.6%
    8192   1024 f16   smem  native    32   16     8192    512    0.0616     544.8   121.6%
    8192   1024 bf16  smem  native    32    1     8192     32    0.0330    1017.9   227.2%
    8192   1024 bf16  smem  native    32    4     8192    128    0.0334    1005.2   224.3%
    8192   1024 bf16  smem  native    32   16     8192    512    0.0615     545.2   121.7%
    8192   1024 bf16  smem  native    32    1     8192     32    0.0334    1004.2   224.1%
    8192   1024 bf16  smem  native    32    4     8192    128    0.0332    1010.4   225.5%
    8192   1024 bf16  smem  native    32   16     8192    512    0.0616     545.1   121.7%
    8192   1024 bf16  smem  native    32    1     8192     32    0.0331    1014.3   226.4%
    8192   1024 bf16  smem  native    32    4     8192    128    0.0333    1008.0   225.0%
    8192   1024 bf16  smem  native    32   16     8192    512    0.0616     544.7   121.6%
   32768   1024 f16   smem  native    32    1    32768     32    0.3537     379.5    84.7%
   32768   1024 f16   smem  native    32    4    32768    128    0.3493     384.3    85.8%
   32768   1024 f16   smem  native    32   16    32768    512    0.3701     362.6    80.9%
   32768   1024 f16   smem  native    32    1    32768     32    0.3543     378.8    84.6%
   32768   1024 f16   smem  native    32    4    32768    128    0.3498     383.7    85.6%
   32768   1024 f16   smem  native    32   16    32768    512    0.3751     357.8    79.9%
   32768   1024 f16   smem  native    32    1    32768     32    0.3539     379.3    84.7%
   32768   1024 f16   smem  native    32    4    32768    128    0.3491     384.4    85.8%
   32768   1024 f16   smem  native    32   16    32768    512    0.3697     363.0    81.0%
   32768   1024 bf16  smem  native    32    1    32768     32    0.3537     379.4    84.7%
   32768   1024 bf16  smem  native    32    4    32768    128    0.3491     384.5    85.8%
   32768   1024 bf16  smem  native    32   16    32768    512    0.3700     362.8    81.0%
   32768   1024 bf16  smem  native    32    1    32768     32    0.3534     379.8    84.8%
   32768   1024 bf16  smem  native    32    4    32768    128    0.3490     384.6    85.8%
   32768   1024 bf16  smem  native    32   16    32768    512    0.3741     358.8    80.1%
   32768   1024 bf16  smem  native    32    1    32768     32    0.3536     379.6    84.7%
   32768   1024 bf16  smem  native    32    4    32768    128    0.3488     384.8    85.9%
   32768   1024 bf16  smem  native    32   16    32768    512    0.3732     359.6    80.3%
  131072   1024 f16   smem  native    32    1   131072     32    1.4326     374.8    83.6%
  131072   1024 f16   smem  native    32    4   131072    128    1.4111     380.5    84.9%
  131072   1024 f16   smem  native    32   16   131072    512    1.4894     360.5    80.5%
  131072   1024 f16   smem  native    32    1   131072     32    1.4239     377.1    84.2%
  131072   1024 f16   smem  native    32    4   131072    128    1.4069     381.6    85.2%
  131072   1024 f16   smem  native    32   16   131072    512    1.4921     359.8    80.3%
  131072   1024 f16   smem  native    32    1   131072     32    1.4281     375.9    83.9%
  131072   1024 f16   smem  native    32    4   131072    128    1.4119     380.2    84.9%
  131072   1024 f16   smem  native    32   16   131072    512    1.4953     359.0    80.1%
  131072   1024 bf16  smem  native    32    1   131072     32    1.4321     374.9    83.7%
  131072   1024 bf16  smem  native    32    4   131072    128    1.4113     380.4    84.9%
  131072   1024 bf16  smem  native    32   16   131072    512    1.4929     359.6    80.3%
  131072   1024 bf16  smem  native    32    1   131072     32    1.4267     376.3    84.0%
  131072   1024 bf16  smem  native    32    4   131072    128    1.4151     379.4    84.7%
  131072   1024 bf16  smem  native    32   16   131072    512    1.4948     359.2    80.2%
  131072   1024 bf16  smem  native    32    1   131072     32    1.4284     375.8    83.9%
  131072   1024 bf16  smem  native    32    4   131072    128    1.4064     381.7    85.2%
  131072   1024 bf16  smem  native    32   16   131072    512    1.4929     359.6    80.3%
    2048   2048 f16   smem  native    32    1     2048     32    0.0227     738.8   164.9%
    2048   2048 f16   smem  native    32    4     2048    128    0.0206     813.9   181.7%
    2048   2048 f16   smem  native    32   16     2048    512    0.0247     679.0   151.5%
    2048   2048 f16   smem  native    32    1     2048     32    0.0230     729.7   162.9%
    2048   2048 f16   smem  native    32    4     2048    128    0.0206     813.8   181.6%
    2048   2048 f16   smem  native    32   16     2048    512    0.0247     679.2   151.6%
    2048   2048 f16   smem  native    32    1     2048     32    0.0228     735.6   164.2%
    2048   2048 f16   smem  native    32    4     2048    128    0.0206     813.6   181.6%
    2048   2048 f16   smem  native    32   16     2048    512    0.0661     253.7    56.6%
    2048   2048 bf16  smem  native    32    1     2048     32    0.0232     722.4   161.2%
    2048   2048 bf16  smem  native    32    4     2048    128    0.0206     814.9   181.9%
    2048   2048 bf16  smem  native    32   16     2048    512    0.0247     679.4   151.7%
    2048   2048 bf16  smem  native    32    1     2048     32    0.0228     735.3   164.1%
    2048   2048 bf16  smem  native    32    4     2048    128    0.0206     814.9   181.9%
    2048   2048 bf16  smem  native    32   16     2048    512    0.0247     678.8   151.5%
    2048   2048 bf16  smem  native    32    1     2048     32    0.0228     736.5   164.4%
    2048   2048 bf16  smem  native    32    4     2048    128    0.0206     814.1   181.7%
    2048   2048 bf16  smem  native    32   16     2048    512    0.0247     678.4   151.4%
    8192   2048 f16   smem  native    32    1     8192     32    0.1769     379.5    84.7%
    8192   2048 f16   smem  native    32    4     8192    128    0.1734     387.1    86.4%
    8192   2048 f16   smem  native    32   16     8192    512    0.1725     389.0    86.8%
    8192   2048 f16   smem  native    32    1     8192     32    0.1741     385.4    86.0%
    8192   2048 f16   smem  native    32    4     8192    128    0.1733     387.2    86.4%
    8192   2048 f16   smem  native    32   16     8192    512    0.1725     389.1    86.8%
    8192   2048 f16   smem  native    32    1     8192     32    0.1785     375.9    83.9%
    8192   2048 f16   smem  native    32    4     8192    128    0.1726     388.7    86.8%
    8192   2048 f16   smem  native    32   16     8192    512    0.1769     379.3    84.7%
    8192   2048 bf16  smem  native    32    1     8192     32    0.1741     385.5    86.0%
    8192   2048 bf16  smem  native    32    4     8192    128    0.1773     378.5    84.5%
    8192   2048 bf16  smem  native    32   16     8192    512    0.1725     389.1    86.8%
    8192   2048 bf16  smem  native    32    1     8192     32    0.1745     384.6    85.8%
    8192   2048 bf16  smem  native    32    4     8192    128    0.1727     388.5    86.7%
    8192   2048 bf16  smem  native    32   16     8192    512    0.1764     380.4    84.9%
    8192   2048 bf16  smem  native    32    1     8192     32    0.1745     384.5    85.8%
    8192   2048 bf16  smem  native    32    4     8192    128    0.1724     389.2    86.9%
    8192   2048 bf16  smem  native    32   16     8192    512    0.1723     389.5    86.9%
   32768   2048 f16   smem  native    32    1    32768     32    0.7150     375.5    83.8%
   32768   2048 f16   smem  native    32    4    32768    128    0.7130     376.5    84.0%
   32768   2048 f16   smem  native    32   16    32768    512    0.7056     380.4    84.9%
   32768   2048 f16   smem  native    32    1    32768     32    0.7116     377.2    84.2%
   32768   2048 f16   smem  native    32    4    32768    128    0.7114     377.3    84.2%
   32768   2048 f16   smem  native    32   16    32768    512    0.7071     379.6    84.7%
   32768   2048 f16   smem  native    32    1    32768     32    0.7169     374.4    83.6%
   32768   2048 f16   smem  native    32    4    32768    128    0.7102     378.0    84.4%
   32768   2048 f16   smem  native    32   16    32768    512    0.7052     380.6    85.0%
   32768   2048 bf16  smem  native    32    1    32768     32    0.7187     373.5    83.4%
   32768   2048 bf16  smem  native    32    4    32768    128    0.7123     376.8    84.1%
   32768   2048 bf16  smem  native    32   16    32768    512    0.7015     382.7    85.4%
   32768   2048 bf16  smem  native    32    1    32768     32    0.7118     377.1    84.2%
   32768   2048 bf16  smem  native    32    4    32768    128    0.7090     378.6    84.5%
   32768   2048 bf16  smem  native    32   16    32768    512    0.7069     379.7    84.8%
   32768   2048 bf16  smem  native    32    1    32768     32    0.7163     374.7    83.6%
   32768   2048 bf16  smem  native    32    4    32768    128    0.7089     378.7    84.5%
   32768   2048 bf16  smem  native    32   16    32768    512    0.7015     382.6    85.4%
  131072   2048 f16   smem  native    32    1   131072     32    2.8574     375.8    83.9%
  131072   2048 f16   smem  native    32    4   131072    128    2.8529     376.4    84.0%
  131072   2048 f16   smem  native    32   16   131072    512    2.8165     381.2    85.1%
  131072   2048 f16   smem  native    32    1   131072     32    2.8647     374.8    83.7%
  131072   2048 f16   smem  native    32    4   131072    128    2.8355     378.7    84.5%
  131072   2048 f16   smem  native    32   16   131072    512    2.8228     380.4    84.9%
  131072   2048 f16   smem  native    32    1   131072     32    2.8611     375.3    83.8%
  131072   2048 f16   smem  native    32    4   131072    128    2.8487     376.9    84.1%
  131072   2048 f16   smem  native    32   16   131072    512    2.8161     381.3    85.1%
  131072   2048 bf16  smem  native    32    1   131072     32    2.8620     375.2    83.7%
  131072   2048 bf16  smem  native    32    4   131072    128    2.8400     378.1    84.4%
  131072   2048 bf16  smem  native    32   16   131072    512    2.8110     382.0    85.3%
  131072   2048 bf16  smem  native    32    1   131072     32    2.8690     374.3    83.5%
  131072   2048 bf16  smem  native    32    4   131072    128    2.8430     377.7    84.3%
  131072   2048 bf16  smem  native    32   16   131072    512    2.8115     381.9    85.2%
  131072   2048 bf16  smem  native    32    1   131072     32    2.8584     375.6    83.8%
  131072   2048 bf16  smem  native    32    4   131072    128    2.8392     378.2    84.4%
  131072   2048 bf16  smem  native    32   16   131072    512    2.8188     380.9    85.0%
    2048   4096 f16   smem  native    32    1     2048     32    0.0621     540.3   120.6%
    2048   4096 f16   smem  native    32    4     2048    128    0.0431     778.1   173.7%
    2048   4096 f16   smem  native    32   16     2048    512    0.0452     743.0   165.8%
    2048   4096 f16   smem  native    32    1     2048     32    0.0615     545.6   121.8%
    2048   4096 f16   smem  native    32    4     2048    128    0.0431     779.1   173.9%
    2048   4096 f16   smem  native    32   16     2048    512    0.0452     741.9   165.6%
    2048   4096 f16   smem  native    32    1     2048     32    0.0616     544.8   121.6%
    2048   4096 f16   smem  native    32    4     2048    128    0.0431     778.9   173.8%
    2048   4096 f16   smem  native    32   16     2048    512    0.0452     743.2   165.9%
    2048   4096 bf16  smem  native    32    1     2048     32    0.0615     545.6   121.8%
    2048   4096 bf16  smem  native    32    4     2048    128    0.0431     778.3   173.7%
    2048   4096 bf16  smem  native    32   16     2048    512    0.0452     743.0   165.8%
    2048   4096 bf16  smem  native    32    1     2048     32    0.0616     545.0   121.6%
    2048   4096 bf16  smem  native    32    4     2048    128    0.0432     777.0   173.4%
    2048   4096 bf16  smem  native    32   16     2048    512    0.0452     743.0   165.8%
    2048   4096 bf16  smem  native    32    1     2048     32    0.0615     545.2   121.7%
    2048   4096 bf16  smem  native    32    4     2048    128    0.0431     779.1   173.9%
    2048   4096 bf16  smem  native    32   16     2048    512    0.0452     743.0   165.8%
    8192   4096 f16   smem  native    32    1     8192     32    0.3689     363.8    81.2%
    8192   4096 f16   smem  native    32    4     8192    128    0.3552     377.9    84.3%
    8192   4096 f16   smem  native    32   16     8192    512    0.3523     380.9    85.0%
    8192   4096 f16   smem  native    32    1     8192     32    0.3656     367.1    81.9%
    8192   4096 f16   smem  native    32    4     8192    128    0.3548     378.3    84.4%
    8192   4096 f16   smem  native    32   16     8192    512    0.3481     385.6    86.1%
    8192   4096 f16   smem  native    32    1     8192     32    0.3653     367.4    82.0%
    8192   4096 f16   smem  native    32    4     8192    128    0.3545     378.6    84.5%
    8192   4096 f16   smem  native    32   16     8192    512    0.3474     386.3    86.2%
    8192   4096 bf16  smem  native    32    1     8192     32    0.3660     366.7    81.8%
    8192   4096 bf16  smem  native    32    4     8192    128    0.3594     373.5    83.4%
    8192   4096 bf16  smem  native    32   16     8192    512    0.3482     385.5    86.0%
    8192   4096 bf16  smem  native    32    1     8192     32    0.3665     366.2    81.7%
    8192   4096 bf16  smem  native    32    4     8192    128    0.3601     372.7    83.2%
    8192   4096 bf16  smem  native    32   16     8192    512    0.3473     386.5    86.3%
    8192   4096 bf16  smem  native    32    1     8192     32    0.3656     367.1    81.9%
    8192   4096 bf16  smem  native    32    4     8192    128    0.3547     378.4    84.5%
    8192   4096 bf16  smem  native    32   16     8192    512    0.3484     385.3    86.0%
   32768   4096 f16   smem  native    32    1    32768     32    1.4376     373.4    83.4%
   32768   4096 f16   smem  native    32    4    32768    128    1.4296     375.5    83.8%
   32768   4096 f16   smem  native    32   16    32768    512    1.4029     382.7    85.4%
   32768   4096 f16   smem  native    32    1    32768     32    1.4418     372.3    83.1%
   32768   4096 f16   smem  native    32    4    32768    128    1.4344     374.3    83.5%
   32768   4096 f16   smem  native    32   16    32768    512    1.4036     382.5    85.4%
   32768   4096 f16   smem  native    32    1    32768     32    1.4443     371.7    83.0%
   32768   4096 f16   smem  native    32    4    32768    128    1.4342     374.3    83.6%
   32768   4096 f16   smem  native    32   16    32768    512    1.4045     382.2    85.3%
   32768   4096 bf16  smem  native    32    1    32768     32    1.4374     373.5    83.4%
   32768   4096 bf16  smem  native    32    4    32768    128    1.4333     374.6    83.6%
   32768   4096 bf16  smem  native    32   16    32768    512    1.4022     382.9    85.5%
   32768   4096 bf16  smem  native    32    1    32768     32    1.4410     372.6    83.2%
   32768   4096 bf16  smem  native    32    4    32768    128    1.4253     376.7    84.1%
   32768   4096 bf16  smem  native    32   16    32768    512    1.4038     382.4    85.4%
   32768   4096 bf16  smem  native    32    1    32768     32    1.4375     373.5    83.4%
   32768   4096 bf16  smem  native    32    4    32768    128    1.4379     373.4    83.3%
   32768   4096 bf16  smem  native    32   16    32768    512    1.4024     382.8    85.4%
  131072   4096 f16   smem  native    32    1   131072     32    5.7408     374.1    83.5%
  131072   4096 f16   smem  native    32    4   131072    128    5.7485     373.6    83.4%
  131072   4096 f16   smem  native    32   16   131072    512    5.6221     382.0    85.3%
  131072   4096 f16   smem  native    32    1   131072     32    5.7321     374.6    83.6%
  131072   4096 f16   smem  native    32    4   131072    128    5.7495     373.5    83.4%
  131072   4096 f16   smem  native    32   16   131072    512    5.6065     383.0    85.5%
  131072   4096 f16   smem  native    32    1   131072     32    5.7302     374.8    83.6%
  131072   4096 f16   smem  native    32    4   131072    128    5.7326     374.6    83.6%
  131072   4096 f16   smem  native    32   16   131072    512    5.6057     383.1    85.5%
  131072   4096 bf16  smem  native    32    1   131072     32    5.7322     374.6    83.6%
  131072   4096 bf16  smem  native    32    4   131072    128    5.7276     374.9    83.7%
  131072   4096 bf16  smem  native    32   16   131072    512    5.6109     382.7    85.4%
  131072   4096 bf16  smem  native    32    1   131072     32    5.7399     374.1    83.5%
  131072   4096 bf16  smem  native    32    4   131072    128    5.7293     374.8    83.7%
  131072   4096 bf16  smem  native    32   16   131072    512    5.6071     383.0    85.5%
  131072   4096 bf16  smem  native    32    1   131072     32    5.7268     375.0    83.7%
  131072   4096 bf16  smem  native    32    4   131072    128    5.7356     374.4    83.6%
  131072   4096 bf16  smem  native    32   16   131072    512    5.6213     382.0    85.3%
    2048   8192 f16   smem  native    32    1     2048     32    0.3406     197.0    44.0%
    2048   8192 f16   smem  native    32    4     2048    128    0.1786     375.8    83.9%
    2048   8192 f16   smem  native    32   16     2048    512    0.1760     381.2    85.1%
    2048   8192 f16   smem  native    32    1     2048     32    0.3406     197.0    44.0%
    2048   8192 f16   smem  native    32    4     2048    128    0.1789     375.2    83.7%
    2048   8192 f16   smem  native    32   16     2048    512    0.1723     389.5    86.9%
    2048   8192 f16   smem  native    32    1     2048     32    0.3406     197.0    44.0%
    2048   8192 f16   smem  native    32    4     2048    128    0.1755     382.3    85.3%
    2048   8192 f16   smem  native    32   16     2048    512    0.1762     380.8    85.0%
    2048   8192 bf16  smem  native    32    1     2048     32    0.3442     195.0    43.5%
    2048   8192 bf16  smem  native    32    4     2048    128    0.1771     379.0    84.6%
    2048   8192 bf16  smem  native    32   16     2048    512    0.1724     389.4    86.9%
    2048   8192 bf16  smem  native    32    1     2048     32    0.3410     196.8    43.9%
    2048   8192 bf16  smem  native    32    4     2048    128    0.1755     382.4    85.4%
    2048   8192 bf16  smem  native    32   16     2048    512    0.1763     380.6    85.0%
    2048   8192 bf16  smem  native    32    1     2048     32    0.3409     196.8    43.9%
    2048   8192 bf16  smem  native    32    4     2048    128    0.1754     382.6    85.4%
    2048   8192 bf16  smem  native    32   16     2048    512    0.1762     380.8    85.0%
    8192   8192 f16   smem  native    32    1     8192     32    1.2971     206.9    46.2%
    8192   8192 f16   smem  native    32    4     8192    128    0.7121     377.0    84.1%
    8192   8192 f16   smem  native    32   16     8192    512    0.7041     381.3    85.1%
    8192   8192 f16   smem  native    32    1     8192     32    1.2932     207.6    46.3%
    8192   8192 f16   smem  native    32    4     8192    128    0.7105     377.8    84.3%
    8192   8192 f16   smem  native    32   16     8192    512    0.7025     382.1    85.3%
    8192   8192 f16   smem  native    32    1     8192     32    1.2935     207.5    46.3%
    8192   8192 f16   smem  native    32    4     8192    128    0.7108     377.6    84.3%
    8192   8192 f16   smem  native    32   16     8192    512    0.7023     382.2    85.3%
    8192   8192 bf16  smem  native    32    1     8192     32    1.2945     207.4    46.3%
    8192   8192 bf16  smem  native    32    4     8192    128    0.7128     376.6    84.1%
    8192   8192 bf16  smem  native    32   16     8192    512    0.7026     382.1    85.3%
    8192   8192 bf16  smem  native    32    1     8192     32    1.2951     207.3    46.3%
    8192   8192 bf16  smem  native    32    4     8192    128    0.7102     378.0    84.4%
    8192   8192 bf16  smem  native    32   16     8192    512    0.7100     378.1    84.4%
    8192   8192 bf16  smem  native    32    1     8192     32    1.2928     207.6    46.3%
    8192   8192 bf16  smem  native    32    4     8192    128    0.7053     380.6    85.0%
    8192   8192 bf16  smem  native    32   16     8192    512    0.7026     382.0    85.3%
   32768   8192 f16   smem  native    32    1    32768     32    5.1216     209.7    46.8%
   32768   8192 f16   smem  native    32    4    32768    128    2.8545     376.2    84.0%
   32768   8192 f16   smem  native    32   16    32768    512    2.8157     381.3    85.1%
   32768   8192 f16   smem  native    32    1    32768     32    5.1238     209.6    46.8%
   32768   8192 f16   smem  native    32    4    32768    128    2.8517     376.5    84.0%
   32768   8192 f16   smem  native    32   16    32768    512    2.8182     381.0    85.0%
   32768   8192 f16   smem  native    32    1    32768     32    5.1170     209.8    46.8%
   32768   8192 f16   smem  native    32    4    32768    128    2.8515     376.6    84.0%
   32768   8192 f16   smem  native    32   16    32768    512    2.8144     381.5    85.2%
   32768   8192 bf16  smem  native    32    1    32768     32    5.1214     209.7    46.8%
   32768   8192 bf16  smem  native    32    4    32768    128    2.8507     376.7    84.1%
   32768   8192 bf16  smem  native    32   16    32768    512    2.8167     381.2    85.1%
   32768   8192 bf16  smem  native    32    1    32768     32    5.1277     209.4    46.7%
   32768   8192 bf16  smem  native    32    4    32768    128    2.8514     376.6    84.0%
   32768   8192 bf16  smem  native    32   16    32768    512    2.8338     378.9    84.6%
   32768   8192 bf16  smem  native    32    1    32768     32    5.1206     209.7    46.8%
   32768   8192 bf16  smem  native    32    4    32768    128    2.8519     376.5    84.0%
   32768   8192 bf16  smem  native    32   16    32768    512    2.8174     381.1    85.1%
  131072   8192 f16   smem  native    32    1   131072     32   20.3631     210.9    47.1%
  131072   8192 f16   smem  native    32    4   131072    128   11.4095     376.4    84.0%
  131072   8192 f16   smem  native    32   16   131072    512   11.2778     380.8    85.0%
  131072   8192 f16   smem  native    32    1   131072     32   20.3467     211.1    47.1%
  131072   8192 f16   smem  native    32    4   131072    128   11.4133     376.3    84.0%
  131072   8192 f16   smem  native    32   16   131072    512   11.2735     381.0    85.0%
  131072   8192 f16   smem  native    32    1   131072     32   20.3494     211.1    47.1%
  131072   8192 f16   smem  native    32    4   131072    128   11.4234     376.0    83.9%
  131072   8192 f16   smem  native    32   16   131072    512   11.2818     380.7    85.0%
  131072   8192 bf16  smem  native    32    1   131072     32   20.3439     211.1    47.1%
  131072   8192 bf16  smem  native    32    4   131072    128   11.4251     375.9    83.9%
  131072   8192 bf16  smem  native    32   16   131072    512   11.2813     380.7    85.0%
  131072   8192 bf16  smem  native    32    1   131072     32   20.3545     211.0    47.1%
  131072   8192 bf16  smem  native    32    4   131072    128   11.4156     376.2    84.0%
  131072   8192 bf16  smem  native    32   16   131072    512   11.2866     380.5    84.9%
  131072   8192 bf16  smem  native    32    1   131072     32   20.3644     210.9    47.1%
  131072   8192 bf16  smem  native    32    4   131072    128   11.4120     376.4    84.0%
  131072   8192 bf16  smem  native    32   16   131072    512   11.2806     380.7    85.0%
    2048  16384 f16   smem  native    32    1     2048     32    1.0408     129.0    28.8%
    2048  16384 f16   smem  native    32    4     2048    128    0.3792     353.9    79.0%
    2048  16384 f16   smem  native    32   16     2048    512    0.3520     381.3    85.1%
    2048  16384 f16   smem  native    32    1     2048     32    1.0425     128.7    28.7%
    2048  16384 f16   smem  native    32    4     2048    128    0.3834     350.1    78.1%
    2048  16384 f16   smem  native    32   16     2048    512    0.3522     381.0    85.0%
    2048  16384 f16   smem  native    32    1     2048     32    1.0414     128.9    28.8%
    2048  16384 f16   smem  native    32    4     2048    128    0.3790     354.2    79.1%
    2048  16384 f16   smem  native    32   16     2048    512    0.3519     381.4    85.1%
    2048  16384 bf16  smem  native    32    1     2048     32    1.0447     128.5    28.7%
    2048  16384 bf16  smem  native    32    4     2048    128    0.3794     353.8    79.0%
    2048  16384 bf16  smem  native    32   16     2048    512    0.3525     380.8    85.0%
    2048  16384 bf16  smem  native    32    1     2048     32    1.0410     128.9    28.8%
    2048  16384 bf16  smem  native    32    4     2048    128    0.3785     354.6    79.1%
    2048  16384 bf16  smem  native    32   16     2048    512    0.3521     381.2    85.1%
    2048  16384 bf16  smem  native    32    1     2048     32    1.0449     128.4    28.7%
    2048  16384 bf16  smem  native    32    4     2048    128    0.3789     354.3    79.1%
    2048  16384 bf16  smem  native    32   16     2048    512    0.3524     380.9    85.0%
    8192  16384 f16   smem  native    32    1     8192     32    4.1727     128.7    28.7%
    8192  16384 f16   smem  native    32    4     8192    128    1.4700     365.2    81.5%
    8192  16384 f16   smem  native    32   16     8192    512    1.4163     379.1    84.6%
    8192  16384 f16   smem  native    32    1     8192     32    4.1746     128.6    28.7%
    8192  16384 f16   smem  native    32    4     8192    128    1.4695     365.3    81.5%
    8192  16384 f16   smem  native    32   16     8192    512    1.4155     379.3    84.7%
    8192  16384 f16   smem  native    32    1     8192     32    4.1627     129.0    28.8%
    8192  16384 f16   smem  native    32    4     8192    128    1.4757     363.8    81.2%
    8192  16384 f16   smem  native    32   16     8192    512    1.4205     377.9    84.4%
    8192  16384 bf16  smem  native    32    1     8192     32    4.1696     128.8    28.7%
    8192  16384 bf16  smem  native    32    4     8192    128    1.4731     364.5    81.3%
    8192  16384 bf16  smem  native    32   16     8192    512    1.4283     375.9    83.9%
    8192  16384 bf16  smem  native    32    1     8192     32    4.1697     128.8    28.7%
    8192  16384 bf16  smem  native    32    4     8192    128    1.4757     363.8    81.2%
    8192  16384 bf16  smem  native    32   16     8192    512    1.4189     378.4    84.5%
    8192  16384 bf16  smem  native    32    1     8192     32    4.1751     128.6    28.7%
    8192  16384 bf16  smem  native    32    4     8192    128    1.4725     364.6    81.4%
    8192  16384 bf16  smem  native    32   16     8192    512    1.4236     377.1    84.2%
   32768  16384 f16   smem  native    32    1    32768     32   16.6466     129.0    28.8%
   32768  16384 f16   smem  native    32    4    32768    128    5.8415     367.6    82.1%
   32768  16384 f16   smem  native    32   16    32768    512    5.6869     377.6    84.3%
   32768  16384 f16   smem  native    32    1    32768     32   16.6620     128.9    28.8%
   32768  16384 f16   smem  native    32    4    32768    128    5.8488     367.2    82.0%
   32768  16384 f16   smem  native    32   16    32768    512    5.7089     376.2    84.0%
   32768  16384 f16   smem  native    32    1    32768     32   16.6375     129.1    28.8%
   32768  16384 f16   smem  native    32    4    32768    128    5.8363     368.0    82.1%
   32768  16384 f16   smem  native    32   16    32768    512    5.6990     376.8    84.1%
   32768  16384 bf16  smem  native    32    1    32768     32   16.6574     128.9    28.8%
   32768  16384 bf16  smem  native    32    4    32768    128    5.8401     367.7    82.1%
   32768  16384 bf16  smem  native    32   16    32768    512    5.6944     377.1    84.2%
   32768  16384 bf16  smem  native    32    1    32768     32   16.6621     128.9    28.8%
   32768  16384 bf16  smem  native    32    4    32768    128    5.8444     367.4    82.0%
   32768  16384 bf16  smem  native    32   16    32768    512    5.6920     377.3    84.2%
   32768  16384 bf16  smem  native    32    1    32768     32   16.6608     128.9    28.8%
   32768  16384 bf16  smem  native    32    4    32768    128    5.8452     367.4    82.0%
   32768  16384 bf16  smem  native    32   16    32768    512    5.6869     377.6    84.3%
wrote data\kernels_smem.csv
