    rows    dim dtype kern  acc      tpr  rpb     grid  block        ms      GB/s    %peak
    1024     64 f16   reg   native     8    1     1024      8    0.0080      32.9     7.3%
    1024     64 f16   reg   native     8    4      256     32    0.0060      43.7     9.8%
    1024     64 f16   reg   native     8   16       64    128    0.0057      45.6    10.2%
    1024     64 f16   reg   native    16    1     1024     16    0.0056      47.2    10.5%
    1024     64 f16   reg   native    16    4      256     64    0.0060      43.4     9.7%
    1024     64 f16   reg   native    16   16       64    256    0.0059      44.7    10.0%
    1024     64 f16   reg   native    32    1     1024     32    0.0072      36.3     8.1%
    1024     64 f16   reg   native    32    4      256    128    0.0063      41.3     9.2%
    1024     64 f16   reg   native    32   16       64    512    0.0060      43.7     9.8%
    1024     64 bf16  reg   native     8    1     1024      8    0.0065      40.4     9.0%
    1024     64 bf16  reg   native     8    4      256     32    0.0059      44.1     9.8%
    1024     64 bf16  reg   native     8   16       64    128    0.0061      43.2     9.6%
    1024     64 bf16  reg   native    16    1     1024     16    0.0063      41.7     9.3%
    1024     64 bf16  reg   native    16    4      256     64    0.0135      19.4     4.3%
    1024     64 bf16  reg   native    16   16       64    256    0.0061      43.2     9.7%
    1024     64 bf16  reg   native    32    1     1024     32    0.0062      42.3     9.4%
    1024     64 bf16  reg   native    32    4      256    128    0.0058      45.2    10.1%
    1024     64 bf16  reg   native    32   16       64    512    0.0059      44.4     9.9%
    4096     64 f16   reg   native     8    1     4096      8    0.0068     153.5    34.3%
    4096     64 f16   reg   native     8    4     1024     32    0.0102     103.0    23.0%
    4096     64 f16   reg   native     8   16      256    128    0.0114      92.0    20.5%
    4096     64 f16   reg   native    16    1     4096     16    0.0070     149.8    33.4%
    4096     64 f16   reg   native    16    4     1024     64    0.0061     172.4    38.5%
    4096     64 f16   reg   native    16   16      256    256    0.0062     168.3    37.6%
    4096     64 f16   reg   native    32    1     4096     32    0.0081     130.1    29.0%
    4096     64 f16   reg   native    32    4     1024    128    0.0086     121.9    27.2%
    4096     64 f16   reg   native    32   16      256    512    0.0114      92.3    20.6%
    4096     64 bf16  reg   native     8    1     4096      8    0.0067     157.3    35.1%
    4096     64 bf16  reg   native     8    4     1024     32    0.0060     174.1    38.9%
    4096     64 bf16  reg   native     8   16      256    128    0.0069     153.0    34.2%
    4096     64 bf16  reg   native    16    1     4096     16    0.0068     154.2    34.4%
    4096     64 bf16  reg   native    16    4     1024     64    0.0066     158.6    35.4%
    4096     64 bf16  reg   native    16   16      256    256    0.0063     167.4    37.4%
    4096     64 bf16  reg   native    32    1     4096     32    0.0067     156.8    35.0%
    4096     64 bf16  reg   native    32    4     1024    128    0.0065     161.2    36.0%
    4096     64 bf16  reg   native    32   16      256    512    0.0068     153.3    34.2%
   16384     64 f16   reg   native     8    1    16384      8    0.0205     204.2    45.6%
   16384     64 f16   reg   native     8    4     4096     32    0.0076     550.9   123.0%
   16384     64 f16   reg   native     8   16     1024    128    0.0072     586.3   130.9%
   16384     64 f16   reg   native    16    1    16384     16    0.0205     204.3    45.6%
   16384     64 f16   reg   native    16    4     4096     64    0.0120     348.8    77.9%
   16384     64 f16   reg   native    16   16     1024    256    0.0071     591.4   132.0%
   16384     64 f16   reg   native    32    1    16384     32    0.0206     204.1    45.5%
   16384     64 f16   reg   native    32    4     4096    128    0.0103     407.1    90.9%
   16384     64 f16   reg   native    32   16     1024    512    0.0111     378.2    84.4%
   16384     64 bf16  reg   native     8    1    16384      8    0.0206     204.1    45.6%
   16384     64 bf16  reg   native     8    4     4096     32    0.0087     480.2   107.2%
   16384     64 bf16  reg   native     8   16     1024    128    0.0072     581.8   129.9%
   16384     64 bf16  reg   native    16    1    16384     16    0.0206     203.9    45.5%
   16384     64 bf16  reg   native    16    4     4096     64    0.0063     664.7   148.4%
   16384     64 bf16  reg   native    16   16     1024    256    0.0120     348.8    77.9%
   16384     64 bf16  reg   native    32    1    16384     32    0.0205     204.3    45.6%
   16384     64 bf16  reg   native    32    4     4096    128    0.0103     407.5    91.0%
   16384     64 bf16  reg   native    32   16     1024    512    0.0104     403.5    90.1%
   65536     64 f16   reg   native     8    1    65536      8    0.0698     240.3    53.6%
   65536     64 f16   reg   native     8    4    16384     32    0.0206     816.3   182.2%
   65536     64 f16   reg   native     8   16     4096    128    0.0105    1592.0   355.3%
   65536     64 f16   reg   native    16    1    65536     16    0.0738     227.5    50.8%
   65536     64 f16   reg   native    16    4    16384     64    0.0180     931.4   207.9%
   65536     64 f16   reg   native    16   16     4096    256    0.0180     930.6   207.7%
   65536     64 f16   reg   native    32    1    65536     32    0.0718     233.6    52.1%
   65536     64 f16   reg   native    32    4    16384    128    0.0288     582.5   130.0%
   65536     64 f16   reg   native    32   16     4096    512    0.0328     510.8   114.0%
   65536     64 bf16  reg   native     8    1    65536      8    0.0717     234.0    52.2%
   65536     64 bf16  reg   native     8    4    16384     32    0.0206     815.3   182.0%
   65536     64 bf16  reg   native     8   16     4096    128    0.0107    1573.4   351.2%
   65536     64 bf16  reg   native    16    1    65536     16    0.0738     227.3    50.7%
   65536     64 bf16  reg   native    16    4    16384     64    0.0189     888.7   198.4%
   65536     64 bf16  reg   native    16   16     4096    256    0.0185     908.8   202.8%
   65536     64 bf16  reg   native    32    1    65536     32    0.0719     233.3    52.1%
   65536     64 bf16  reg   native    32    4    16384    128    0.0288     582.5   130.0%
   65536     64 bf16  reg   native    32   16     4096    512    0.0310     540.8   120.7%
  262144     64 f16   reg   native     8    1   262144      8    0.3403     197.2    44.0%
  262144     64 f16   reg   native     8    4    65536     32    0.1720     390.2    87.1%
  262144     64 f16   reg   native     8   16    16384    128    0.1722     389.6    87.0%
  262144     64 f16   reg   native    16    1   262144     16    0.3486     192.5    43.0%
  262144     64 f16   reg   native    16    4    65536     64    0.1727     388.5    86.7%
  262144     64 f16   reg   native    16   16    16384    256    0.1724     389.2    86.9%
  262144     64 f16   reg   native    32    1   262144     32    0.3502     191.7    42.8%
  262144     64 f16   reg   native    32    4    65536    128    0.1728     388.5    86.7%
  262144     64 f16   reg   native    32   16    16384    512    0.1805     371.7    83.0%
  262144     64 bf16  reg   native     8    1   262144      8    0.3447     194.7    43.5%
  262144     64 bf16  reg   native     8    4    65536     32    0.1718     390.5    87.2%
  262144     64 bf16  reg   native     8   16    16384    128    0.1718     390.6    87.2%
  262144     64 bf16  reg   native    16    1   262144     16    0.3498     191.9    42.8%
  262144     64 bf16  reg   native    16    4    65536     64    0.1724     389.2    86.9%
  262144     64 bf16  reg   native    16   16    16384    256    0.1763     380.7    85.0%
  262144     64 bf16  reg   native    32    1   262144     32    0.3507     191.4    42.7%
  262144     64 bf16  reg   native    32    4    65536    128    0.1775     378.2    84.4%
  262144     64 bf16  reg   native    32   16    16384    512    0.1847     363.3    81.1%
    1024    128 f16   reg   native     8    1     1024      8    0.0062      84.6    18.9%
    1024    128 f16   reg   native     8    4      256     32    0.0061      86.5    19.3%
    1024    128 f16   reg   native     8   16       64    128    0.0059      89.1    19.9%
    1024    128 f16   reg   native    16    1     1024     16    0.0058      91.1    20.3%
    1024    128 f16   reg   native    16    4      256     64    0.0064      81.9    18.3%
    1024    128 f16   reg   native    16   16       64    256    0.0057      91.4    20.4%
    1024    128 f16   reg   native    32    1     1024     32    0.0066      78.9    17.6%
    1024    128 f16   reg   native    32    4      256    128    0.0062      84.0    18.7%
    1024    128 f16   reg   native    32   16       64    512    0.0064      81.6    18.2%
    1024    128 bf16  reg   native     8    1     1024      8    0.0059      88.6    19.8%
    1024    128 bf16  reg   native     8    4      256     32    0.0065      80.0    17.9%
    1024    128 bf16  reg   native     8   16       64    128    0.0061      86.3    19.3%
    1024    128 bf16  reg   native    16    1     1024     16    0.0062      84.8    18.9%
    1024    128 bf16  reg   native    16    4      256     64    0.0062      84.3    18.8%
    1024    128 bf16  reg   native    16   16       64    256    0.0065      80.8    18.0%
    1024    128 bf16  reg   native    32    1     1024     32    0.0067      78.6    17.5%
    1024    128 bf16  reg   native    32    4      256    128    0.0062      84.9    18.9%
    1024    128 bf16  reg   native    32   16       64    512    0.0060      88.1    19.7%
    4096    128 f16   reg   native     8    1     4096      8    0.0063     330.7    73.8%
    4096    128 f16   reg   native     8    4     1024     32    0.0058     360.6    80.5%
    4096    128 f16   reg   native     8   16      256    128    0.0068     308.5    68.9%
    4096    128 f16   reg   native    16    1     4096     16    0.0069     304.2    67.9%
    4096    128 f16   reg   native    16    4     1024     64    0.0064     326.8    72.9%
    4096    128 f16   reg   native    16   16      256    256    0.0062     337.1    75.2%
    4096    128 f16   reg   native    32    1     4096     32    0.0071     296.9    66.3%
    4096    128 f16   reg   native    32    4     1024    128    0.0065     320.3    71.5%
    4096    128 f16   reg   native    32   16      256    512    0.0066     317.1    70.8%
    4096    128 bf16  reg   native     8    1     4096      8    0.0071     297.1    66.3%
    4096    128 bf16  reg   native     8    4     1024     32    0.0066     319.8    71.4%
    4096    128 bf16  reg   native     8   16      256    128    0.0070     300.1    67.0%
    4096    128 bf16  reg   native    16    1     4096     16    0.0072     289.4    64.6%
    4096    128 bf16  reg   native    16    4     1024     64    0.0060     347.4    77.5%
    4096    128 bf16  reg   native    16   16      256    256    0.0065     320.3    71.5%
    4096    128 bf16  reg   native    32    1     4096     32    0.0132     159.1    35.5%
    4096    128 bf16  reg   native    32    4     1024    128    0.0120     174.2    38.9%
    4096    128 bf16  reg   native    32   16      256    512    0.0063     331.7    74.0%
   16384    128 f16   reg   native     8    1    16384      8    0.0185     453.3   101.2%
   16384    128 f16   reg   native     8    4     4096     32    0.0100     839.7   187.4%
   16384    128 f16   reg   native     8   16     1024    128    0.0091     923.7   206.2%
   16384    128 f16   reg   native    16    1    16384     16    0.0206     407.6    91.0%
   16384    128 f16   reg   native    16    4     4096     64    0.0088     957.5   213.7%
   16384    128 f16   reg   native    16   16     1024    256    0.0093     902.9   201.5%
   16384    128 f16   reg   native    32    1    16384     32    0.0205     408.5    91.2%
   16384    128 f16   reg   native    32    4     4096    128    0.0104     810.2   180.8%
   16384    128 f16   reg   native    32   16     1024    512    0.0104     808.9   180.6%
   16384    128 bf16  reg   native     8    1    16384      8    0.0185     452.3   100.9%
   16384    128 bf16  reg   native     8    4     4096     32    0.0086     980.7   218.9%
   16384    128 bf16  reg   native     8   16     1024    128    0.0096     869.9   194.2%
   16384    128 bf16  reg   native    16    1    16384     16    0.0206     407.9    91.0%
   16384    128 bf16  reg   native    16    4     4096     64    0.0086     979.8   218.7%
   16384    128 bf16  reg   native    16   16     1024    256    0.0099     848.3   189.3%
   16384    128 bf16  reg   native    32    1    16384     32    0.0205     408.4    91.2%
   16384    128 bf16  reg   native    32    4     4096    128    0.0107     785.6   175.3%
   16384    128 bf16  reg   native    32   16     1024    512    0.0104     810.0   180.8%
   65536    128 f16   reg   native     8    1    65536      8    0.0698     481.0   107.3%
   65536    128 f16   reg   native     8    4    16384     32    0.0206    1630.9   364.0%
   65536    128 f16   reg   native     8   16     4096    128    0.0205    1634.1   364.7%
   65536    128 f16   reg   native    16    1    65536     16    0.0738     454.8   101.5%
   65536    128 f16   reg   native    16    4    16384     64    0.0205    1636.5   365.3%
   65536    128 f16   reg   native    16   16     4096    256    0.0202    1657.8   370.0%
   65536    128 f16   reg   native    32    1    65536     32    0.0717     467.9   104.4%
   65536    128 f16   reg   native    32    4    16384    128    0.0287    1167.3   260.5%
   65536    128 f16   reg   native    32   16     4096    512    0.0308    1089.7   243.2%
   65536    128 bf16  reg   native     8    1    65536      8    0.0698     480.9   107.3%
   65536    128 bf16  reg   native     8    4    16384     32    0.0206    1632.6   364.4%
   65536    128 bf16  reg   native     8   16     4096    128    0.0206    1632.0   364.3%
   65536    128 bf16  reg   native    16    1    65536     16    0.0737     455.0   101.6%
   65536    128 bf16  reg   native    16    4    16384     64    0.0205    1637.3   365.4%
   65536    128 bf16  reg   native    16   16     4096    256    0.0206    1631.2   364.1%
   65536    128 bf16  reg   native    32    1    65536     32    0.0717     467.9   104.4%
   65536    128 bf16  reg   native    32    4    16384    128    0.0288    1164.8   260.0%
   65536    128 bf16  reg   native    32   16     4096    512    0.0308    1089.0   243.1%
  262144    128 f16   reg   native     8    1   262144      8    0.3536     379.6    84.7%
  262144    128 f16   reg   native     8    4    65536     32    0.3491     384.4    85.8%
  262144    128 f16   reg   native     8   16    16384    128    0.3522     381.1    85.1%
  262144    128 f16   reg   native    16    1   262144     16    0.3419     392.5    87.6%
  262144    128 f16   reg   native    16    4    65536     64    0.3500     383.5    85.6%
  262144    128 f16   reg   native    16   16    16384    256    0.3493     384.3    85.8%
  262144    128 f16   reg   native    32    1   262144     32    0.3486     385.0    85.9%
  262144    128 f16   reg   native    32    4    65536    128    0.3487     384.9    85.9%
  262144    128 f16   reg   native    32   16    16384    512    0.3472     386.6    86.3%
  262144    128 bf16  reg   native     8    1   262144      8    0.3547     378.4    84.5%
  262144    128 bf16  reg   native     8    4    65536     32    0.3488     384.8    85.9%
  262144    128 bf16  reg   native     8   16    16384    128    0.3542     379.0    84.6%
  262144    128 bf16  reg   native    16    1   262144     16    0.3430     391.3    87.3%
  262144    128 bf16  reg   native    16    4    65536     64    0.3496     383.9    85.7%
  262144    128 bf16  reg   native    16   16    16384    256    0.3491     384.5    85.8%
  262144    128 bf16  reg   native    32    1   262144     32    0.3467     387.2    86.4%
  262144    128 bf16  reg   native    32    4    65536    128    0.3483     385.3    86.0%
  262144    128 bf16  reg   native    32   16    16384    512    0.3472     386.6    86.3%
    1024    256 f16   reg   native     8    1     1024      8    0.0123      85.2    19.0%
    1024    256 f16   reg   native     8    4      256     32    0.0127      82.6    18.4%
    1024    256 f16   reg   native     8   16       64    128    0.0088     118.8    26.5%
    1024    256 f16   reg   native    16    1     1024     16    0.0063     165.4    36.9%
    1024    256 f16   reg   native    16    4      256     64    0.0065     161.4    36.0%
    1024    256 f16   reg   native    16   16       64    256    0.0059     176.5    39.4%
    1024    256 f16   reg   native    32    1     1024     32    0.0123      85.4    19.1%
    1024    256 f16   reg   native    32    4      256    128    0.0064     164.2    36.7%
    1024    256 f16   reg   native    32   16       64    512    0.0132      79.5    17.8%
    1024    256 bf16  reg   native     8    1     1024      8    0.0125      83.8    18.7%
    1024    256 bf16  reg   native     8    4      256     32    0.0088     118.5    26.5%
    1024    256 bf16  reg   native     8   16       64    128    0.0062     169.6    37.8%
    1024    256 bf16  reg   native    16    1     1024     16    0.0063     167.4    37.4%
    1024    256 bf16  reg   native    16    4      256     64    0.0059     178.6    39.9%
    1024    256 bf16  reg   native    16   16       64    256    0.0067     157.1    35.1%
    1024    256 bf16  reg   native    32    1     1024     32    0.0064     163.6    36.5%
    1024    256 bf16  reg   native    32    4      256    128    0.0091     115.7    25.8%
    1024    256 bf16  reg   native    32   16       64    512    0.0059     178.8    39.9%
    4096    256 f16   reg   native     8    1     4096      8    0.0131     319.2    71.2%
    4096    256 f16   reg   native     8    4     1024     32    0.0063     663.7   148.1%
    4096    256 f16   reg   native     8   16      256    128    0.0113     372.8    83.2%
    4096    256 f16   reg   native    16    1     4096     16    0.0126     334.0    74.6%
    4096    256 f16   reg   native    16    4     1024     64    0.0092     455.9   101.8%
    4096    256 f16   reg   native    16   16      256    256    0.0113     372.6    83.2%
    4096    256 f16   reg   native    32    1     4096     32    0.0120     348.8    77.9%
    4096    256 f16   reg   native    32    4     1024    128    0.0078     535.7   119.6%
    4096    256 f16   reg   native    32   16      256    512    0.0117     357.9    79.9%
    4096    256 bf16  reg   native     8    1     4096      8    0.0134     313.8    70.0%
    4096    256 bf16  reg   native     8    4     1024     32    0.0075     557.7   124.5%
    4096    256 bf16  reg   native     8   16      256    128    0.0090     464.3   103.6%
    4096    256 bf16  reg   native    16    1     4096     16    0.0121     347.8    77.6%
    4096    256 bf16  reg   native    16    4     1024     64    0.0074     566.7   126.5%
    4096    256 bf16  reg   native    16   16      256    256    0.0119     351.8    78.5%
    4096    256 bf16  reg   native    32    1     4096     32    0.0123     342.0    76.3%
    4096    256 bf16  reg   native    32    4     1024    128    0.0111     378.9    84.6%
    4096    256 bf16  reg   native    32   16      256    512    0.0113     371.6    82.9%
   16384    256 f16   reg   native     8    1    16384      8    0.0246     683.0   152.4%
   16384    256 f16   reg   native     8    4     4096     32    0.0158    1060.2   236.6%
   16384    256 f16   reg   native     8   16     1024    128    0.0193     870.5   194.3%
   16384    256 f16   reg   native    16    1    16384     16    0.0165    1014.3   226.4%
   16384    256 f16   reg   native    16    4     4096     64    0.0124    1349.1   301.1%
   16384    256 f16   reg   native    16   16     1024    256    0.0124    1350.9   301.5%
   16384    256 f16   reg   native    32    1    16384     32    0.0186     902.2   201.4%
   16384    256 f16   reg   native    32    4     4096    128    0.0131    1281.4   286.0%
   16384    256 f16   reg   native    32   16     1024    512    0.0124    1350.5   301.4%
   16384    256 bf16  reg   native     8    1    16384      8    0.0246     680.7   151.9%
   16384    256 bf16  reg   native     8    4     4096     32    0.0152    1105.9   246.8%
   16384    256 bf16  reg   native     8   16     1024    128    0.0164    1020.3   227.7%
   16384    256 bf16  reg   native    16    1    16384     16    0.0165    1016.6   226.9%
   16384    256 bf16  reg   native    16    4     4096     64    0.0124    1357.2   302.9%
   16384    256 bf16  reg   native    16   16     1024    256    0.0133    1261.5   281.6%
   16384    256 bf16  reg   native    32    1    16384     32    0.0186     903.6   201.7%
   16384    256 bf16  reg   native    32    4     4096    128    0.0124    1357.0   302.9%
   16384    256 bf16  reg   native    32   16     1024    512    0.0133    1263.3   282.0%
   65536    256 f16   reg   native     8    1    65536      8    0.1727     388.7    86.8%
   65536    256 f16   reg   native     8    4    16384     32    0.1743     384.9    85.9%
   65536    256 f16   reg   native     8   16     4096    128    0.1744     384.9    85.9%
   65536    256 f16   reg   native    16    1    65536     16    0.1757     382.0    85.3%
   65536    256 f16   reg   native    16    4    16384     64    0.1734     387.1    86.4%
   65536    256 f16   reg   native    16   16     4096    256    0.1766     380.0    84.8%
   65536    256 f16   reg   native    32    1    65536     32    0.1756     382.2    85.3%
   65536    256 f16   reg   native    32    4    16384    128    0.1718     390.6    87.2%
   65536    256 f16   reg   native    32   16     4096    512    0.1758     381.7    85.2%
   65536    256 bf16  reg   native     8    1    65536      8    0.1730     387.9    86.6%
   65536    256 bf16  reg   native     8    4    16384     32    0.1779     377.3    84.2%
   65536    256 bf16  reg   native     8   16     4096    128    0.1781     376.9    84.1%
   65536    256 bf16  reg   native    16    1    65536     16    0.1726     388.8    86.8%
   65536    256 bf16  reg   native    16    4    16384     64    0.1773     378.5    84.5%
   65536    256 bf16  reg   native    16   16     4096    256    0.1764     380.4    84.9%
   65536    256 bf16  reg   native    32    1    65536     32    0.1718     390.6    87.2%
   65536    256 bf16  reg   native    32    4    16384    128    0.1753     382.7    85.4%
   65536    256 bf16  reg   native    32   16     4096    512    0.1714     391.4    87.4%
  262144    256 f16   reg   native     8    1   262144      8    0.7056     380.4    84.9%
  262144    256 f16   reg   native     8    4    65536     32    0.7113     377.4    84.2%
  262144    256 f16   reg   native     8   16    16384    128    0.7083     379.0    84.6%
  262144    256 f16   reg   native    16    1   262144     16    0.7030     381.8    85.2%
  262144    256 f16   reg   native    16    4    65536     64    0.7092     378.5    84.5%
  262144    256 f16   reg   native    16   16    16384    256    0.7065     380.0    84.8%
  262144    256 f16   reg   native    32    1   262144     32    0.7025     382.1    85.3%
  262144    256 f16   reg   native    32    4    65536    128    0.7092     378.5    84.5%
  262144    256 f16   reg   native    32   16    16384    512    0.7003     383.3    85.5%
  262144    256 bf16  reg   native     8    1   262144      8    0.7093     378.4    84.5%
  262144    256 bf16  reg   native     8    4    65536     32    0.7119     377.0    84.2%
  262144    256 bf16  reg   native     8   16    16384    128    0.7138     376.1    83.9%
  262144    256 bf16  reg   native    16    1   262144     16    0.7074     379.5    84.7%
  262144    256 bf16  reg   native    16    4    65536     64    0.7128     376.6    84.1%
  262144    256 bf16  reg   native    16   16    16384    256    0.7114     377.4    84.2%
  262144    256 bf16  reg   native    32    1   262144     32    0.7014     382.7    85.4%
  262144    256 bf16  reg   native    32    4    65536    128    0.7003     383.3    85.6%
  262144    256 bf16  reg   native    32   16    16384    512    0.7025     382.1    85.3%
    1024    512 f16   reg   native     8    1     1024      8    0.0064     329.0    73.4%
    1024    512 f16   reg   native     8    4      256     32    0.0065     322.1    71.9%
    1024    512 f16   reg   native     8   16       64    128    0.0060     350.8    78.3%
    1024    512 f16   reg   native    16    1     1024     16    0.0066     320.2    71.5%
    1024    512 f16   reg   native    16    4      256     64    0.0075     278.5    62.1%
    1024    512 f16   reg   native    16   16       64    256    0.0065     322.5    72.0%
    1024    512 f16   reg   native    32    1     1024     32    0.0064     329.6    73.6%
    1024    512 f16   reg   native    32    4      256    128    0.0066     318.2    71.0%
    1024    512 f16   reg   native    32   16       64    512    0.0063     333.2    74.4%
    1024    512 bf16  reg   native     8    1     1024      8    0.0068     308.7    68.9%
    1024    512 bf16  reg   native     8    4      256     32    0.0060     350.8    78.3%
    1024    512 bf16  reg   native     8   16       64    128    0.0065     324.7    72.5%
    1024    512 bf16  reg   native    16    1     1024     16    0.0069     303.4    67.7%
    1024    512 bf16  reg   native    16    4      256     64    0.0073     288.9    64.5%
    1024    512 bf16  reg   native    16   16       64    256    0.0068     308.7    68.9%
    1024    512 bf16  reg   native    32    1     1024     32    0.0060     348.6    77.8%
    1024    512 bf16  reg   native    32    4      256    128    0.0061     345.4    77.1%
    1024    512 bf16  reg   native    32   16       64    512    0.0062     336.9    75.2%
    4096    512 f16   reg   native     8    1     4096      8    0.0093     901.5   201.2%
    4096    512 f16   reg   native     8    4     1024     32    0.0083    1010.3   225.5%
    4096    512 f16   reg   native     8   16      256    128    0.0084     993.0   221.6%
    4096    512 f16   reg   native    16    1     4096     16    0.0104     807.2   180.2%
    4096    512 f16   reg   native    16    4     1024     64    0.0103     811.7   181.2%
    4096    512 f16   reg   native    16   16      256    256    0.0104     809.9   180.8%
    4096    512 f16   reg   native    32    1     4096     32    0.0094     888.6   198.3%
    4096    512 f16   reg   native    32    4     1024    128    0.0085     986.7   220.2%
    4096    512 f16   reg   native    32   16      256    512    0.0084     992.8   221.6%
    4096    512 bf16  reg   native     8    1     4096      8    0.0084     993.0   221.6%
    4096    512 bf16  reg   native     8    4     1024     32    0.0087     969.3   216.4%
    4096    512 bf16  reg   native     8   16      256    128    0.0091     923.0   206.0%
    4096    512 bf16  reg   native    16    1     4096     16    0.0111     753.2   168.1%
    4096    512 bf16  reg   native    16    4     1024     64    0.0107     785.3   175.3%
    4096    512 bf16  reg   native    16   16      256    256    0.0104     809.9   180.8%
    4096    512 bf16  reg   native    32    1     4096     32    0.0091     923.5   206.1%
    4096    512 bf16  reg   native    32    4     1024    128    0.0090     928.5   207.2%
    4096    512 bf16  reg   native    32   16      256    512    0.0095     882.5   197.0%
   16384    512 f16   reg   native     8    1    16384      8    0.0223    1501.7   335.2%
   16384    512 f16   reg   native     8    4     4096     32    0.0217    1548.6   345.7%
   16384    512 f16   reg   native     8   16     1024    128    0.0247    1358.2   303.1%
   16384    512 f16   reg   native    16    1    16384     16    0.0329    1020.4   227.7%
   16384    512 f16   reg   native    16    4     4096     64    0.0270    1244.4   277.7%
   16384    512 f16   reg   native    16   16     1024    256    0.0288    1166.5   260.4%
   16384    512 f16   reg   native    32    1    16384     32    0.0218    1538.9   343.5%
   16384    512 f16   reg   native    32    4     4096    128    0.0219    1532.2   342.0%
   16384    512 f16   reg   native    32   16     1024    512    0.0247    1360.1   303.6%
   16384    512 bf16  reg   native     8    1    16384      8    0.0221    1517.7   338.7%
   16384    512 bf16  reg   native     8    4     4096     32    0.0211    1592.8   355.5%
   16384    512 bf16  reg   native     8   16     1024    128    0.0247    1360.8   303.7%
   16384    512 bf16  reg   native    16    1    16384     16    0.0329    1020.0   227.7%
   16384    512 bf16  reg   native    16    4     4096     64    0.0268    1250.2   279.1%
   16384    512 bf16  reg   native    16   16     1024    256    0.0287    1169.9   261.1%
   16384    512 bf16  reg   native    32    1    16384     32    0.0218    1541.8   344.1%
   16384    512 bf16  reg   native    32    4     4096    128    0.0212    1583.9   353.5%
   16384    512 bf16  reg   native    32   16     1024    512    0.0247    1359.2   303.4%
   65536    512 f16   reg   native     8    1    65536      8    0.3498     383.7    85.7%
   65536    512 f16   reg   native     8    4    16384     32    0.3569     376.1    83.9%
   65536    512 f16   reg   native     8   16     4096    128    0.3517     381.7    85.2%
   65536    512 f16   reg   native    16    1    65536     16    0.3530     380.2    84.9%
   65536    512 f16   reg   native    16    4    16384     64    0.3540     379.2    84.6%
   65536    512 f16   reg   native    16   16     4096    256    0.3540     379.2    84.6%
   65536    512 f16   reg   native    32    1    65536     32    0.3488     384.8    85.9%
   65536    512 f16   reg   native    32    4    16384    128    0.3514     382.0    85.3%
   65536    512 f16   reg   native    32   16     4096    512    0.3542     378.9    84.6%
   65536    512 bf16  reg   native     8    1    65536      8    0.3486     385.1    85.9%
   65536    512 bf16  reg   native     8    4    16384     32    0.3514     382.0    85.3%
   65536    512 bf16  reg   native     8   16     4096    128    0.3509     382.5    85.4%
   65536    512 bf16  reg   native    16    1    65536     16    0.3492     384.3    85.8%
   65536    512 bf16  reg   native    16    4    16384     64    0.3539     379.3    84.7%
   65536    512 bf16  reg   native    16   16     4096    256    0.3528     380.4    84.9%
   65536    512 bf16  reg   native    32    1    65536     32    0.3492     384.4    85.8%
   65536    512 bf16  reg   native    32    4    16384    128    0.3518     381.5    85.2%
   65536    512 bf16  reg   native    32   16     4096    512    0.3504     383.0    85.5%
  262144    512 f16   reg   native     8    1   262144      8    1.4075     381.4    85.1%
  262144    512 f16   reg   native     8    4    65536     32    1.4164     379.0    84.6%
  262144    512 f16   reg   native     8   16    16384    128    1.4113     380.4    84.9%
  262144    512 f16   reg   native    16    1   262144     16    1.4064     381.7    85.2%
  262144    512 f16   reg   native    16    4    65536     64    1.4302     375.4    83.8%
  262144    512 f16   reg   native    16   16    16384    256    1.4263     376.4    84.0%
  262144    512 f16   reg   native    32    1   262144     32    1.4071     381.5    85.2%
  262144    512 f16   reg   native    32    4    65536    128    1.4171     378.9    84.6%
  262144    512 f16   reg   native    32   16    16384    512    1.4141     379.7    84.7%
  262144    512 bf16  reg   native     8    1   262144      8    1.4068     381.6    85.2%
  262144    512 bf16  reg   native     8    4    65536     32    1.4205     377.9    84.4%
  262144    512 bf16  reg   native     8   16    16384    128    1.4089     381.1    85.1%
  262144    512 bf16  reg   native    16    1   262144     16    1.4059     381.9    85.2%
  262144    512 bf16  reg   native    16    4    65536     64    1.4320     374.9    83.7%
  262144    512 bf16  reg   native    16   16    16384    256    1.4169     378.9    84.6%
  262144    512 bf16  reg   native    32    1   262144     32    1.4075     381.4    85.1%
  262144    512 bf16  reg   native    32    4    65536    128    1.4186     378.4    84.5%
  262144    512 bf16  reg   native    32   16    16384    512    1.4167     378.9    84.6%
    1024   1024 f16   reg   native     8    1     1024      8    0.0068     615.2   137.3%
    1024   1024 f16   reg   native     8    4      256     32    0.0068     621.3   138.7%
    1024   1024 f16   reg   native     8   16       64    128    0.0094     444.5    99.2%
    1024   1024 f16   reg   native    16    1     1024     16    0.0076     548.4   122.4%
    1024   1024 f16   reg   native    16    4      256     64    0.0089     472.0   105.3%
    1024   1024 f16   reg   native    16   16       64    256    0.0091     460.3   102.7%
    1024   1024 f16   reg   native    32    1     1024     32    0.0072     582.5   130.0%
    1024   1024 f16   reg   native    32    4      256    128    0.0078     537.4   119.9%
    1024   1024 f16   reg   native    32   16       64    512    0.0093     449.1   100.2%
    1024   1024 bf16  reg   native     8    1     1024      8    0.0081     518.8   115.8%
    1024   1024 bf16  reg   native     8    4      256     32    0.0068     612.4   136.7%
    1024   1024 bf16  reg   native     8   16       64    128    0.0090     467.3   104.3%
    1024   1024 bf16  reg   native    16    1     1024     16    0.0078     540.1   120.6%
    1024   1024 bf16  reg   native    16    4      256     64    0.0065     650.0   145.1%
    1024   1024 bf16  reg   native    16   16       64    256    0.0087     483.8   108.0%
    1024   1024 bf16  reg   native    32    1     1024     32    0.0074     569.4   127.1%
    1024   1024 bf16  reg   native    32    4      256    128    0.0070     599.2   133.7%
    1024   1024 bf16  reg   native    32   16       64    512    0.0095     441.4    98.5%
    4096   1024 f16   reg   native     8    1     4096      8    0.0151    1112.2   248.2%
    4096   1024 f16   reg   native     8    4     1024     32    0.0164    1020.5   227.8%
    4096   1024 f16   reg   native     8   16      256    128    0.0186     903.5   201.7%
    4096   1024 f16   reg   native    16    1     4096     16    0.0150    1119.6   249.9%
    4096   1024 f16   reg   native    16    4     1024     64    0.0165    1019.3   227.5%
    4096   1024 f16   reg   native    16   16      256    256    0.0186     904.3   201.8%
    4096   1024 f16   reg   native    32    1     4096     32    0.0158    1061.0   236.8%
    4096   1024 f16   reg   native    32    4     1024    128    0.0164    1020.8   227.8%
    4096   1024 f16   reg   native    32   16      256    512    0.0186     903.6   201.7%
    4096   1024 bf16  reg   native     8    1     4096      8    0.0145    1155.3   257.9%
    4096   1024 bf16  reg   native     8    4     1024     32    0.0164    1022.0   228.1%
    4096   1024 bf16  reg   native     8   16      256    128    0.0186     902.6   201.5%
    4096   1024 bf16  reg   native    16    1     4096     16    0.0145    1156.7   258.2%
    4096   1024 bf16  reg   native    16    4     1024     64    0.0165    1019.8   227.6%
    4096   1024 bf16  reg   native    16   16      256    256    0.0185     905.4   202.1%
    4096   1024 bf16  reg   native    32    1     4096     32    0.0147    1143.2   255.2%
    4096   1024 bf16  reg   native    32    4     1024    128    0.0164    1020.6   227.8%
    4096   1024 bf16  reg   native    32   16      256    512    0.0186     902.5   201.4%
   16384   1024 f16   reg   native     8    1    16384      8    0.1778     377.4    84.2%
   16384   1024 f16   reg   native     8    4     4096     32    0.1782     376.5    84.0%
   16384   1024 f16   reg   native     8   16     1024    128    0.1778     377.4    84.2%
   16384   1024 f16   reg   native    16    1    16384     16    0.1736     386.5    86.3%
   16384   1024 f16   reg   native    16    4     4096     64    0.1743     385.1    86.0%
   16384   1024 f16   reg   native    16   16     1024    256    0.1743     385.1    86.0%
   16384   1024 f16   reg   native    32    1    16384     32    0.1739     386.0    86.1%
   16384   1024 f16   reg   native    32    4     4096    128    0.1738     386.0    86.2%
   16384   1024 f16   reg   native    32   16     1024    512    0.1741     385.5    86.0%
   16384   1024 bf16  reg   native     8    1    16384      8    0.1738     386.2    86.2%
   16384   1024 bf16  reg   native     8    4     4096     32    0.1784     376.1    83.9%
   16384   1024 bf16  reg   native     8   16     1024    128    0.1736     386.5    86.3%
   16384   1024 bf16  reg   native    16    1    16384     16    0.1741     385.5    86.0%
   16384   1024 bf16  reg   native    16    4     4096     64    0.1779     377.2    84.2%
   16384   1024 bf16  reg   native    16   16     1024    256    0.1737     386.3    86.2%
   16384   1024 bf16  reg   native    32    1    16384     32    0.1734     387.0    86.4%
   16384   1024 bf16  reg   native    32    4     4096    128    0.1773     378.5    84.5%
   16384   1024 bf16  reg   native    32   16     1024    512    0.1747     384.2    85.8%
   65536   1024 f16   reg   native     8    1    65536      8    0.7096     378.3    84.4%
   65536   1024 f16   reg   native     8    4    16384     32    0.7130     376.5    84.0%
   65536   1024 f16   reg   native     8   16     4096    128    0.7097     378.2    84.4%
   65536   1024 f16   reg   native    16    1    65536     16    0.7101     378.0    84.4%
   65536   1024 f16   reg   native    16    4    16384     64    0.7143     375.8    83.9%
   65536   1024 f16   reg   native    16   16     4096    256    0.7090     378.6    84.5%
   65536   1024 f16   reg   native    32    1    65536     32    0.7094     378.4    84.5%
   65536   1024 f16   reg   native    32    4    16384    128    0.7093     378.4    84.5%
   65536   1024 f16   reg   native    32   16     4096    512    0.7100     378.1    84.4%
   65536   1024 bf16  reg   native     8    1    65536      8    0.7097     378.2    84.4%
   65536   1024 bf16  reg   native     8    4    16384     32    0.7130     376.5    84.0%
   65536   1024 bf16  reg   native     8   16     4096    128    0.7092     378.5    84.5%
   65536   1024 bf16  reg   native    16    1    65536     16    0.7097     378.2    84.4%
   65536   1024 bf16  reg   native    16    4    16384     64    0.7143     375.8    83.9%
   65536   1024 bf16  reg   native    16   16     4096    256    0.7109     377.6    84.3%
   65536   1024 bf16  reg   native    32    1    65536     32    0.7128     376.6    84.0%
   65536   1024 bf16  reg   native    32    4    16384    128    0.7083     379.0    84.6%
   65536   1024 bf16  reg   native    32   16     4096    512    0.7060     380.2    84.9%
  262144   1024 f16   reg   native     8    1   262144      8    2.8386     378.3    84.4%
  262144   1024 f16   reg   native     8    4    65536     32    2.8559     376.0    83.9%
  262144   1024 f16   reg   native     8   16    16384    128    2.8428     377.7    84.3%
  262144   1024 f16   reg   native    16    1   262144     16    2.8421     377.8    84.3%
  262144   1024 f16   reg   native    16    4    65536     64    2.8568     375.9    83.9%
  262144   1024 f16   reg   native    16   16    16384    256    2.8393     378.2    84.4%
  262144   1024 f16   reg   native    32    1   262144     32    2.8453     377.4    84.2%
  262144   1024 f16   reg   native    32    4    65536    128    2.8631     375.0    83.7%
  262144   1024 f16   reg   native    32   16    16384    512    2.8416     377.9    84.3%
  262144   1024 bf16  reg   native     8    1   262144      8    2.8501     376.7    84.1%
  262144   1024 bf16  reg   native     8    4    65536     32    2.8608     375.3    83.8%
  262144   1024 bf16  reg   native     8   16    16384    128    2.8420     377.8    84.3%
  262144   1024 bf16  reg   native    16    1   262144     16    2.8382     378.3    84.4%
  262144   1024 bf16  reg   native    16    4    65536     64    2.8559     376.0    83.9%
  262144   1024 bf16  reg   native    16   16    16384    256    2.8466     377.2    84.2%
  262144   1024 bf16  reg   native    32    1   262144     32    2.8397     378.1    84.4%
  262144   1024 bf16  reg   native    32    4    65536    128    2.8540     376.2    84.0%
  262144   1024 bf16  reg   native    32   16    16384    512    2.8395     378.1    84.4%
wrote data\kernels_reg.csv
