    rows    dim dtype kern  acc      tpr  rpb     grid  block        ms      GB/s    %peak
    1024     64 f16   tc    native    32    1     1024     32    0.0057      46.1    10.3%
    1024     64 f16   tc    native    32    4      256    128    0.0058      45.3    10.1%
    1024     64 f16   tc    native    32   16       64    512    0.0058      45.4    10.1%
    1024     64 f16   tc    native    32    1     1024     32    0.0062      42.0     9.4%
    1024     64 f16   tc    native    32    4      256    128    0.0059      44.5     9.9%
    1024     64 f16   tc    native    32   16       64    512    0.0061      42.9     9.6%
    1024     64 f16   tc    native    32    1     1024     32    0.0067      39.3     8.8%
    1024     64 f16   tc    native    32    4      256    128    0.0066      40.0     8.9%
    1024     64 f16   tc    native    32   16       64    512    0.0059      44.6    10.0%
    1024     64 bf16  tc    native    32    1     1024     32    0.0060      43.6     9.7%
    1024     64 bf16  tc    native    32    4      256    128    0.0060      43.5     9.7%
    1024     64 bf16  tc    native    32   16       64    512    0.0063      41.5     9.3%
    1024     64 bf16  tc    native    32    1     1024     32    0.0058      45.0    10.1%
    1024     64 bf16  tc    native    32    4      256    128    0.0062      42.4     9.5%
    1024     64 bf16  tc    native    32   16       64    512    0.0063      41.9     9.3%
    1024     64 bf16  tc    native    32    1     1024     32    0.0059      44.6     9.9%
    1024     64 bf16  tc    native    32    4      256    128    0.0060      43.4     9.7%
    1024     64 bf16  tc    native    32   16       64    512    0.0064      41.2     9.2%
    4096     64 f16   tc    native    32    1     4096     32    0.0074     140.8    31.4%
    4096     64 f16   tc    native    32    4     1024    128    0.0062     168.1    37.5%
    4096     64 f16   tc    native    32   16      256    512    0.0069     151.3    33.8%
    4096     64 f16   tc    native    32    1     4096     32    0.0063     166.1    37.1%
    4096     64 f16   tc    native    32    4     1024    128    0.0063     167.4    37.4%
    4096     64 f16   tc    native    32   16      256    512    0.0088     118.9    26.5%
    4096     64 f16   tc    native    32    1     4096     32    0.0068     153.3    34.2%
    4096     64 f16   tc    native    32    4     1024    128    0.0069     152.8    34.1%
    4096     64 f16   tc    native    32   16      256    512    0.0071     148.1    33.1%
    4096     64 bf16  tc    native    32    1     4096     32    0.0064     163.1    36.4%
    4096     64 bf16  tc    native    32    4     1024    128    0.0116      90.3    20.2%
    4096     64 bf16  tc    native    32   16      256    512    0.0061     171.5    38.3%
    4096     64 bf16  tc    native    32    1     4096     32    0.0070     150.7    33.6%
    4096     64 bf16  tc    native    32    4     1024    128    0.0060     174.9    39.0%
    4096     64 bf16  tc    native    32   16      256    512    0.0066     159.8    35.7%
    4096     64 bf16  tc    native    32    1     4096     32    0.0068     154.6    34.5%
    4096     64 bf16  tc    native    32    4     1024    128    0.0071     147.0    32.8%
    4096     64 bf16  tc    native    32   16      256    512    0.0073     143.3    32.0%
   16384     64 f16   tc    native    32    1    16384     32    0.0190     220.3    49.2%
   16384     64 f16   tc    native    32    4     4096    128    0.0104     404.2    90.2%
   16384     64 f16   tc    native    32   16     1024    512    0.0140     299.1    66.8%
   16384     64 f16   tc    native    32    1    16384     32    0.0186     225.4    50.3%
   16384     64 f16   tc    native    32    4     4096    128    0.0135     311.2    69.5%
   16384     64 f16   tc    native    32   16     1024    512    0.0103     405.6    90.5%
   16384     64 f16   tc    native    32    1    16384     32    0.0190     220.8    49.3%
   16384     64 f16   tc    native    32    4     4096    128    0.0103     405.9    90.6%
   16384     64 f16   tc    native    32   16     1024    512    0.0104     405.2    90.4%
   16384     64 bf16  tc    native    32    1    16384     32    0.0191     220.1    49.1%
   16384     64 bf16  tc    native    32    4     4096    128    0.0103     405.9    90.6%
   16384     64 bf16  tc    native    32   16     1024    512    0.0104     404.9    90.4%
   16384     64 bf16  tc    native    32    1    16384     32    0.0186     225.1    50.2%
   16384     64 bf16  tc    native    32    4     4096    128    0.0104     405.0    90.4%
   16384     64 bf16  tc    native    32   16     1024    512    0.0132     316.6    70.7%
   16384     64 bf16  tc    native    32    1    16384     32    0.0186     225.2    50.3%
   16384     64 bf16  tc    native    32    4     4096    128    0.0134     313.9    70.1%
   16384     64 bf16  tc    native    32   16     1024    512    0.0104     404.6    90.3%
   65536     64 f16   tc    native    32    1    65536     32    0.0697     240.8    53.8%
   65536     64 f16   tc    native    32    4    16384    128    0.0308     544.1   121.4%
   65536     64 f16   tc    native    32   16     4096    512    0.0309     543.7   121.4%
   65536     64 f16   tc    native    32    1    65536     32    0.0697     240.8    53.8%
   65536     64 f16   tc    native    32    4    16384    128    0.0308     543.9   121.4%
   65536     64 f16   tc    native    32   16     4096    512    0.0308     544.0   121.4%
   65536     64 f16   tc    native    32    1    65536     32    0.0697     240.7    53.7%
   65536     64 f16   tc    native    32    4    16384    128    0.0308     544.1   121.4%
   65536     64 f16   tc    native    32   16     4096    512    0.0308     544.0   121.4%
   65536     64 bf16  tc    native    32    1    65536     32    0.0697     240.7    53.7%
   65536     64 bf16  tc    native    32    4    16384    128    0.0308     543.9   121.4%
   65536     64 bf16  tc    native    32   16     4096    512    0.0327     513.8   114.7%
   65536     64 bf16  tc    native    32    1    65536     32    0.0697     240.8    53.7%
   65536     64 bf16  tc    native    32    4    16384    128    0.0309     543.8   121.4%
   65536     64 bf16  tc    native    32   16     4096    512    0.0360     466.1   104.0%
   65536     64 bf16  tc    native    32    1    65536     32    0.0697     240.5    53.7%
   65536     64 bf16  tc    native    32    4    16384    128    0.0309     543.5   121.3%
   65536     64 bf16  tc    native    32   16     4096    512    0.0327     513.5   114.6%
  262144     64 f16   tc    native    32    1   262144     32    0.3272     205.1    45.8%
  262144     64 f16   tc    native    32    4    65536    128    0.1690     397.1    88.6%
  262144     64 f16   tc    native    32   16    16384    512    0.1808     371.3    82.9%
  262144     64 f16   tc    native    32    1   262144     32    0.3273     205.0    45.8%
  262144     64 f16   tc    native    32    4    65536    128    0.1694     396.1    88.4%
  262144     64 f16   tc    native    32   16    16384    512    0.1808     371.2    82.8%
  262144     64 f16   tc    native    32    1   262144     32    0.3240     207.1    46.2%
  262144     64 f16   tc    native    32    4    65536    128    0.1694     396.1    88.4%
  262144     64 f16   tc    native    32   16    16384    512    0.1809     371.0    82.8%
  262144     64 bf16  tc    native    32    1   262144     32    0.3237     207.3    46.3%
  262144     64 bf16  tc    native    32    4    65536    128    0.1695     395.8    88.3%
  262144     64 bf16  tc    native    32   16    16384    512    0.1807     371.4    82.9%
  262144     64 bf16  tc    native    32    1   262144     32    0.3275     204.9    45.7%
  262144     64 bf16  tc    native    32    4    65536    128    0.1696     395.7    88.3%
  262144     64 bf16  tc    native    32   16    16384    512    0.1806     371.6    82.9%
  262144     64 bf16  tc    native    32    1   262144     32    0.3244     206.8    46.2%
  262144     64 bf16  tc    native    32    4    65536    128    0.1694     396.1    88.4%
  262144     64 bf16  tc    native    32   16    16384    512    0.1808     371.3    82.9%
    1024    128 f16   tc    native    32    1     1024     32    0.0062      85.1    19.0%
    1024    128 f16   tc    native    32    4      256    128    0.0059      89.1    19.9%
    1024    128 f16   tc    native    32   16       64    512    0.0059      88.7    19.8%
    1024    128 f16   tc    native    32    1     1024     32    0.0059      89.6    20.0%
    1024    128 f16   tc    native    32    4      256    128    0.0062      84.9    18.9%
    1024    128 f16   tc    native    32   16       64    512    0.0064      81.9    18.3%
    1024    128 f16   tc    native    32    1     1024     32    0.0068      77.7    17.3%
    1024    128 f16   tc    native    32    4      256    128    0.0147      35.6     7.9%
    1024    128 f16   tc    native    32   16       64    512    0.0060      87.0    19.4%
    1024    128 bf16  tc    native    32    1     1024     32    0.0060      87.1    19.4%
    1024    128 bf16  tc    native    32    4      256    128    0.0062      84.4    18.8%
    1024    128 bf16  tc    native    32   16       64    512    0.0057      92.6    20.7%
    1024    128 bf16  tc    native    32    1     1024     32    0.0062      85.0    19.0%
    1024    128 bf16  tc    native    32    4      256    128    0.0061      86.6    19.3%
    1024    128 bf16  tc    native    32   16       64    512    0.0059      88.4    19.7%
    1024    128 bf16  tc    native    32    1     1024     32    0.0066      79.1    17.7%
    1024    128 bf16  tc    native    32    4      256    128    0.0062      85.0    19.0%
    1024    128 bf16  tc    native    32   16       64    512    0.0064      81.4    18.2%
    4096    128 f16   tc    native    32    1     4096     32    0.0063     330.5    73.8%
    4096    128 f16   tc    native    32    4     1024    128    0.0070     300.5    67.1%
    4096    128 f16   tc    native    32   16      256    512    0.0076     275.0    61.4%
    4096    128 f16   tc    native    32    1     4096     32    0.0063     334.5    74.7%
    4096    128 f16   tc    native    32    4     1024    128    0.0077     270.7    60.4%
    4096    128 f16   tc    native    32   16      256    512    0.0076     275.2    61.4%
    4096    128 f16   tc    native    32    1     4096     32    0.0074     283.1    63.2%
    4096    128 f16   tc    native    32    4     1024    128    0.0070     298.1    66.5%
    4096    128 f16   tc    native    32   16      256    512    0.0077     273.2    61.0%
    4096    128 bf16  tc    native    32    1     4096     32    0.0068     306.6    68.4%
    4096    128 bf16  tc    native    32    4     1024    128    0.0115     183.0    40.8%
    4096    128 bf16  tc    native    32   16      256    512    0.0078     267.5    59.7%
    4096    128 bf16  tc    native    32    1     4096     32    0.0070     298.9    66.7%
    4096    128 bf16  tc    native    32    4     1024    128    0.0068     307.9    68.7%
    4096    128 bf16  tc    native    32   16      256    512    0.0083     252.7    56.4%
    4096    128 bf16  tc    native    32    1     4096     32    0.0116     180.5    40.3%
    4096    128 bf16  tc    native    32    4     1024    128    0.0073     288.2    64.3%
    4096    128 bf16  tc    native    32   16      256    512    0.0070     298.9    66.7%
   16384    128 f16   tc    native    32    1    16384     32    0.0188     446.4    99.6%
   16384    128 f16   tc    native    32    4     4096    128    0.0104     810.0   180.8%
   16384    128 f16   tc    native    32   16     1024    512    0.0105     802.2   179.1%
   16384    128 f16   tc    native    32    1    16384     32    0.0192     436.4    97.4%
   16384    128 f16   tc    native    32    4     4096    128    0.0104     808.7   180.5%
   16384    128 f16   tc    native    32   16     1024    512    0.0104     805.8   179.8%
   16384    128 f16   tc    native    32    1    16384     32    0.0188     446.0    99.5%
   16384    128 f16   tc    native    32    4     4096    128    0.0105     799.1   178.4%
   16384    128 f16   tc    native    32   16     1024    512    0.0104     806.5   180.0%
   16384    128 bf16  tc    native    32    1    16384     32    0.0189     443.1    98.9%
   16384    128 bf16  tc    native    32    4     4096    128    0.0104     809.3   180.6%
   16384    128 bf16  tc    native    32   16     1024    512    0.0113     739.9   165.1%
   16384    128 bf16  tc    native    32    1    16384     32    0.0190     442.4    98.7%
   16384    128 bf16  tc    native    32    4     4096    128    0.0104     810.2   180.8%
   16384    128 bf16  tc    native    32   16     1024    512    0.0115     729.2   162.8%
   16384    128 bf16  tc    native    32    1    16384     32    0.0190     441.6    98.6%
   16384    128 bf16  tc    native    32    4     4096    128    0.0104     809.4   180.7%
   16384    128 bf16  tc    native    32   16     1024    512    0.0118     710.4   158.6%
   65536    128 f16   tc    native    32    1    65536     32    0.0698     480.8   107.3%
   65536    128 f16   tc    native    32    4    16384    128    0.0404     831.4   185.6%
   65536    128 f16   tc    native    32   16     4096    512    0.0350     960.0   214.3%
   65536    128 f16   tc    native    32    1    65536     32    0.0698     480.9   107.3%
   65536    128 f16   tc    native    32    4    16384    128    0.0349     962.3   214.8%
   65536    128 f16   tc    native    32   16     4096    512    0.0349     960.6   214.4%
   65536    128 f16   tc    native    32    1    65536     32    0.0698     480.9   107.3%
   65536    128 f16   tc    native    32    4    16384    128    0.0349     960.8   214.4%
   65536    128 f16   tc    native    32   16     4096    512    0.0349     960.9   214.5%
   65536    128 bf16  tc    native    32    1    65536     32    0.0698     480.9   107.3%
   65536    128 bf16  tc    native    32    4    16384    128    0.0349     960.6   214.4%
   65536    128 bf16  tc    native    32   16     4096    512    0.0357     940.9   210.0%
   65536    128 bf16  tc    native    32    1    65536     32    0.0698     480.8   107.3%
   65536    128 bf16  tc    native    32    4    16384    128    0.0350     959.8   214.2%
   65536    128 bf16  tc    native    32   16     4096    512    0.0356     941.9   210.2%
   65536    128 bf16  tc    native    32    1    65536     32    0.0698     480.8   107.3%
   65536    128 bf16  tc    native    32    4    16384    128    0.0349     960.4   214.4%
   65536    128 bf16  tc    native    32   16     4096    512    0.0359     933.8   208.4%
  262144    128 f16   tc    native    32    1   262144     32    0.3518     381.5    85.1%
  262144    128 f16   tc    native    32    4    65536    128    0.3487     384.9    85.9%
  262144    128 f16   tc    native    32   16    16384    512    0.3474     386.3    86.2%
  262144    128 f16   tc    native    32    1   262144     32    0.3550     378.1    84.4%
  262144    128 f16   tc    native    32    4    65536    128    0.3488     384.8    85.9%
  262144    128 f16   tc    native    32   16    16384    512    0.3469     386.9    86.4%
  262144    128 f16   tc    native    32    1   262144     32    0.3492     384.3    85.8%
  262144    128 f16   tc    native    32    4    65536    128    0.3485     385.1    86.0%
  262144    128 f16   tc    native    32   16    16384    512    0.3519     381.4    85.1%
  262144    128 bf16  tc    native    32    1   262144     32    0.3526     380.6    85.0%
  262144    128 bf16  tc    native    32    4    65536    128    0.3497     383.8    85.7%
  262144    128 bf16  tc    native    32   16    16384    512    0.3519     381.5    85.1%
  262144    128 bf16  tc    native    32    1   262144     32    0.3469     386.9    86.4%
  262144    128 bf16  tc    native    32    4    65536    128    0.3491     384.4    85.8%
  262144    128 bf16  tc    native    32   16    16384    512    0.3475     386.3    86.2%
  262144    128 bf16  tc    native    32    1   262144     32    0.3529     380.3    84.9%
  262144    128 bf16  tc    native    32    4    65536    128    0.3490     384.6    85.8%
  262144    128 bf16  tc    native    32   16    16384    512    0.3480     385.6    86.1%
    1024    256 f16   tc    native    32    1     1024     32    0.0063     165.8    37.0%
    1024    256 f16   tc    native    32    4      256    128    0.0063     167.0    37.3%
    1024    256 f16   tc    native    32   16       64    512    0.0061     171.7    38.3%
    1024    256 f16   tc    native    32    1     1024     32    0.0137      76.8    17.1%
    1024    256 f16   tc    native    32    4      256    128    0.0061     173.1    38.6%
    1024    256 f16   tc    native    32   16       64    512    0.0063     165.3    36.9%
    1024    256 f16   tc    native    32    1     1024     32    0.0061     171.2    38.2%
    1024    256 f16   tc    native    32    4      256    128    0.0070     149.9    33.5%
    1024    256 f16   tc    native    32   16       64    512    0.0089     117.9    26.3%
    1024    256 bf16  tc    native    32    1     1024     32    0.0056     188.2    42.0%
    1024    256 bf16  tc    native    32    4      256    128    0.0060     173.5    38.7%
    1024    256 bf16  tc    native    32   16       64    512    0.0132      79.2    17.7%
    1024    256 bf16  tc    native    32    1     1024     32    0.0061     170.9    38.2%
    1024    256 bf16  tc    native    32    4      256    128    0.0136      77.0    17.2%
    1024    256 bf16  tc    native    32   16       64    512    0.0070     149.2    33.3%
    1024    256 bf16  tc    native    32    1     1024     32    0.0064     163.8    36.6%
    1024    256 bf16  tc    native    32    4      256    128    0.0148      71.1    15.9%
    1024    256 bf16  tc    native    32   16       64    512    0.0064     162.7    36.3%
    4096    256 f16   tc    native    32    1     4096     32    0.0121     347.3    77.5%
    4096    256 f16   tc    native    32    4     1024    128    0.0076     549.6   122.7%
    4096    256 f16   tc    native    32   16      256    512    0.0074     568.0   126.8%
    4096    256 f16   tc    native    32    1     4096     32    0.0063     668.0   149.1%
    4096    256 f16   tc    native    32    4     1024    128    0.0113     370.3    82.7%
    4096    256 f16   tc    native    32   16      256    512    0.0125     336.9    75.2%
    4096    256 f16   tc    native    32    1     4096     32    0.0115     363.9    81.2%
    4096    256 f16   tc    native    32    4     1024    128    0.0071     592.3   132.2%
    4096    256 f16   tc    native    32   16      256    512    0.0068     619.1   138.2%
    4096    256 bf16  tc    native    32    1     4096     32    0.0104     402.0    89.7%
    4096    256 bf16  tc    native    32    4     1024    128    0.0126     332.1    74.1%
    4096    256 bf16  tc    native    32   16      256    512    0.0129     326.4    72.8%
    4096    256 bf16  tc    native    32    1     4096     32    0.0066     639.5   142.7%
    4096    256 bf16  tc    native    32    4     1024    128    0.0119     351.3    78.4%
    4096    256 bf16  tc    native    32   16      256    512    0.0117     359.8    80.3%
    4096    256 bf16  tc    native    32    1     4096     32    0.0070     597.6   133.4%
    4096    256 bf16  tc    native    32    4     1024    128    0.0116     361.3    80.7%
    4096    256 bf16  tc    native    32   16      256    512    0.0088     478.2   106.7%
   16384    256 f16   tc    native    32    1    16384     32    0.0189     886.2   197.8%
   16384    256 f16   tc    native    32    4     4096    128    0.0144    1166.3   260.3%
   16384    256 f16   tc    native    32   16     1024    512    0.0144    1164.2   259.8%
   16384    256 f16   tc    native    32    1    16384     32    0.0191     877.1   195.8%
   16384    256 f16   tc    native    32    4     4096    128    0.0144    1165.3   260.1%
   16384    256 f16   tc    native    32   16     1024    512    0.0144    1161.1   259.2%
   16384    256 f16   tc    native    32    1    16384     32    0.0186     903.1   201.6%
   16384    256 f16   tc    native    32    4     4096    128    0.0144    1166.1   260.3%
   16384    256 f16   tc    native    32   16     1024    512    0.0147    1143.2   255.2%
   16384    256 bf16  tc    native    32    1    16384     32    0.0186     904.2   201.8%
   16384    256 bf16  tc    native    32    4     4096    128    0.0144    1166.2   260.3%
   16384    256 bf16  tc    native    32   16     1024    512    0.0145    1157.8   258.4%
   16384    256 bf16  tc    native    32    1    16384     32    0.0186     902.5   201.4%
   16384    256 bf16  tc    native    32    4     4096    128    0.0144    1166.1   260.3%
   16384    256 bf16  tc    native    32   16     1024    512    0.0145    1159.8   258.9%
   16384    256 bf16  tc    native    32    1    16384     32    0.0186     904.0   201.8%
   16384    256 bf16  tc    native    32    4     4096    128    0.0156    1072.7   239.4%
   16384    256 bf16  tc    native    32   16     1024    512    0.0144    1164.1   259.8%
   65536    256 f16   tc    native    32    1    65536     32    0.1718     390.6    87.2%
   65536    256 f16   tc    native    32    4    16384    128    0.1721     390.0    87.1%
   65536    256 f16   tc    native    32   16     4096    512    0.1725     389.1    86.8%
   65536    256 f16   tc    native    32    1    65536     32    0.1716     391.1    87.3%
   65536    256 f16   tc    native    32    4    16384    128    0.1757     382.0    85.3%
   65536    256 f16   tc    native    32   16     4096    512    0.1719     390.4    87.1%
   65536    256 f16   tc    native    32    1    65536     32    0.1719     390.3    87.1%
   65536    256 f16   tc    native    32    4    16384    128    0.1714     391.6    87.4%
   65536    256 f16   tc    native    32   16     4096    512    0.1722     389.7    87.0%
   65536    256 bf16  tc    native    32    1    65536     32    0.1720     390.2    87.1%
   65536    256 bf16  tc    native    32    4    16384    128    0.1718     390.7    87.2%
   65536    256 bf16  tc    native    32   16     4096    512    0.1731     387.6    86.5%
   65536    256 bf16  tc    native    32    1    65536     32    0.1720     390.1    87.1%
   65536    256 bf16  tc    native    32    4    16384    128    0.1721     390.0    87.0%
   65536    256 bf16  tc    native    32   16     4096    512    0.1726     388.9    86.8%
   65536    256 bf16  tc    native    32    1    65536     32    0.1718     390.5    87.2%
   65536    256 bf16  tc    native    32    4    16384    128    0.1717     390.9    87.3%
   65536    256 bf16  tc    native    32   16     4096    512    0.1719     390.4    87.1%
  262144    256 f16   tc    native    32    1   262144     32    0.7024     382.2    85.3%
  262144    256 f16   tc    native    32    4    65536    128    0.6999     383.6    85.6%
  262144    256 f16   tc    native    32   16    16384    512    0.7059     380.3    84.9%
  262144    256 f16   tc    native    32    1   262144     32    0.6972     385.0    85.9%
  262144    256 f16   tc    native    32    4    65536    128    0.7076     379.4    84.7%
  262144    256 f16   tc    native    32   16    16384    512    0.6987     384.2    85.8%
  262144    256 f16   tc    native    32    1   262144     32    0.7012     382.8    85.4%
  262144    256 f16   tc    native    32    4    65536    128    0.7016     382.6    85.4%
  262144    256 f16   tc    native    32   16    16384    512    0.7042     381.2    85.1%
  262144    256 bf16  tc    native    32    1   262144     32    0.7042     381.2    85.1%
  262144    256 bf16  tc    native    32    4    65536    128    0.7000     383.5    85.6%
  262144    256 bf16  tc    native    32   16    16384    512    0.7025     382.1    85.3%
  262144    256 bf16  tc    native    32    1   262144     32    0.7012     382.8    85.4%
  262144    256 bf16  tc    native    32    4    65536    128    0.7040     381.3    85.1%
  262144    256 bf16  tc    native    32   16    16384    512    0.6990     384.0    85.7%
  262144    256 bf16  tc    native    32    1   262144     32    0.6965     385.4    86.0%
  262144    256 bf16  tc    native    32    4    65536    128    0.7043     381.1    85.1%
  262144    256 bf16  tc    native    32   16    16384    512    0.7026     382.0    85.3%
    1024    512 f16   tc    native    32    1     1024     32    0.0069     304.7    68.0%
    1024    512 f16   tc    native    32    4      256    128    0.0082     256.8    57.3%
    1024    512 f16   tc    native    32   16       64    512    0.0071     296.9    66.3%
    1024    512 f16   tc    native    32    1     1024     32    0.0072     291.6    65.1%
    1024    512 f16   tc    native    32    4      256    128    0.0080     261.0    58.3%
    1024    512 f16   tc    native    32   16       64    512    0.0068     308.7    68.9%
    1024    512 f16   tc    native    32    1     1024     32    0.0073     287.3    64.1%
    1024    512 f16   tc    native    32    4      256    128    0.0070     298.1    66.5%
    1024    512 f16   tc    native    32   16       64    512    0.0077     273.3    61.0%
    1024    512 bf16  tc    native    32    1     1024     32    0.0080     263.8    58.9%
    1024    512 bf16  tc    native    32    4      256    128    0.0073     289.1    64.5%
    1024    512 bf16  tc    native    32   16       64    512    0.0070     301.2    67.2%
    1024    512 bf16  tc    native    32    1     1024     32    0.0074     283.1    63.2%
    1024    512 bf16  tc    native    32    4      256    128    0.0079     267.0    59.6%
    1024    512 bf16  tc    native    32   16       64    512    0.0067     312.3    69.7%
    1024    512 bf16  tc    native    32    1     1024     32    0.0076     277.5    61.9%
    1024    512 bf16  tc    native    32    4      256    128    0.0072     289.5    64.6%
    1024    512 bf16  tc    native    32   16       64    512    0.0066     319.7    71.4%
    4096    512 f16   tc    native    32    1     4096     32    0.0144     582.9   130.1%
    4096    512 f16   tc    native    32    4     1024    128    0.0145     578.7   129.2%
    4096    512 f16   tc    native    32   16      256    512    0.0152     553.3   123.5%
    4096    512 f16   tc    native    32    1     4096     32    0.0144     583.1   130.1%
    4096    512 f16   tc    native    32    4     1024    128    0.0144     581.6   129.8%
    4096    512 f16   tc    native    32   16      256    512    0.0149     564.4   126.0%
    4096    512 f16   tc    native    32    1     4096     32    0.0144     583.1   130.1%
    4096    512 f16   tc    native    32    4     1024    128    0.0144     583.0   130.1%
    4096    512 f16   tc    native    32   16      256    512    0.0149     561.3   125.3%
    4096    512 bf16  tc    native    32    1     4096     32    0.0149     563.3   125.7%
    4096    512 bf16  tc    native    32    4     1024    128    0.0144     583.5   130.2%
    4096    512 bf16  tc    native    32   16      256    512    0.0147     571.5   127.6%
    4096    512 bf16  tc    native    32    1     4096     32    0.0144     582.9   130.1%
    4096    512 bf16  tc    native    32    4     1024    128    0.0144     583.0   130.1%
    4096    512 bf16  tc    native    32   16      256    512    0.0150     560.3   125.1%
    4096    512 bf16  tc    native    32    1     4096     32    0.0144     581.5   129.8%
    4096    512 bf16  tc    native    32    4     1024    128    0.0144     583.0   130.1%
    4096    512 bf16  tc    native    32   16      256    512    0.0148     566.1   126.3%
   16384    512 f16   tc    native    32    1    16384     32    0.0451     743.7   166.0%
   16384    512 f16   tc    native    32    4     4096    128    0.0452     742.1   165.6%
   16384    512 f16   tc    native    32   16     1024    512    0.0473     710.0   158.5%
   16384    512 f16   tc    native    32    1    16384     32    0.0452     741.8   165.6%
   16384    512 f16   tc    native    32    4     4096    128    0.0452     742.3   165.7%
   16384    512 f16   tc    native    32   16     1024    512    0.0472     710.2   158.5%
   16384    512 f16   tc    native    32    1    16384     32    0.0452     742.9   165.8%
   16384    512 f16   tc    native    32    4     4096    128    0.0452     742.2   165.7%
   16384    512 f16   tc    native    32   16     1024    512    0.0472     710.6   158.6%
   16384    512 bf16  tc    native    32    1    16384     32    0.0451     743.5   165.9%
   16384    512 bf16  tc    native    32    4     4096    128    0.0453     741.4   165.5%
   16384    512 bf16  tc    native    32   16     1024    512    0.0472     710.2   158.5%
   16384    512 bf16  tc    native    32    1    16384     32    0.0452     742.7   165.8%
   16384    512 bf16  tc    native    32    4     4096    128    0.0452     742.2   165.7%
   16384    512 bf16  tc    native    32   16     1024    512    0.0473     710.1   158.5%
   16384    512 bf16  tc    native    32    1    16384     32    0.0451     743.6   166.0%
   16384    512 bf16  tc    native    32    4     4096    128    0.0452     742.1   165.6%
   16384    512 bf16  tc    native    32   16     1024    512    0.0472     710.2   158.5%
   65536    512 f16   tc    native    32    1    65536     32    0.3487     384.9    85.9%
   65536    512 f16   tc    native    32    4    16384    128    0.3520     381.3    85.1%
   65536    512 f16   tc    native    32   16     4096    512    0.3553     377.7    84.3%
   65536    512 f16   tc    native    32    1    65536     32    0.3494     384.1    85.7%
   65536    512 f16   tc    native    32    4    16384    128    0.3559     377.2    84.2%
   65536    512 f16   tc    native    32   16     4096    512    0.3512     382.1    85.3%
   65536    512 f16   tc    native    32    1    65536     32    0.3499     383.6    85.6%
   65536    512 f16   tc    native    32    4    16384    128    0.3523     380.9    85.0%
   65536    512 f16   tc    native    32   16     4096    512    0.3511     382.2    85.3%
   65536    512 bf16  tc    native    32    1    65536     32    0.3493     384.3    85.8%
   65536    512 bf16  tc    native    32    4    16384    128    0.3525     380.8    85.0%
   65536    512 bf16  tc    native    32   16     4096    512    0.3516     381.8    85.2%
   65536    512 bf16  tc    native    32    1    65536     32    0.3502     383.2    85.5%
   65536    512 bf16  tc    native    32    4    16384    128    0.3546     378.6    84.5%
   65536    512 bf16  tc    native    32   16     4096    512    0.3539     379.3    84.7%
   65536    512 bf16  tc    native    32    1    65536     32    0.3495     384.0    85.7%
   65536    512 bf16  tc    native    32    4    16384    128    0.3519     381.4    85.1%
   65536    512 bf16  tc    native    32   16     4096    512    0.3558     377.2    84.2%
  262144    512 f16   tc    native    32    1   262144     32    1.4041     382.3    85.3%
  262144    512 f16   tc    native    32    4    65536    128    1.4142     379.6    84.7%
  262144    512 f16   tc    native    32   16    16384    512    1.4157     379.2    84.6%
  262144    512 f16   tc    native    32    1   262144     32    1.4087     381.1    85.1%
  262144    512 f16   tc    native    32    4    65536    128    1.4180     378.6    84.5%
  262144    512 f16   tc    native    32   16    16384    512    1.4150     379.4    84.7%
  262144    512 f16   tc    native    32    1   262144     32    1.4109     380.5    84.9%
  262144    512 f16   tc    native    32    4    65536    128    1.4237     377.1    84.2%
  262144    512 f16   tc    native    32   16    16384    512    1.4186     378.4    84.5%
  262144    512 bf16  tc    native    32    1   262144     32    1.4078     381.3    85.1%
  262144    512 bf16  tc    native    32    4    65536    128    1.4141     379.6    84.7%
  262144    512 bf16  tc    native    32   16    16384    512    1.4180     378.6    84.5%
  262144    512 bf16  tc    native    32    1   262144     32    1.4121     380.2    84.9%
  262144    512 bf16  tc    native    32    4    65536    128    1.4225     377.4    84.2%
  262144    512 bf16  tc    native    32   16    16384    512    1.4194     378.2    84.4%
  262144    512 bf16  tc    native    32    1   262144     32    1.4086     381.1    85.1%
  262144    512 bf16  tc    native    32    4    65536    128    1.4168     378.9    84.6%
  262144    512 bf16  tc    native    32   16    16384    512    1.4123     380.1    84.8%
    1024   1024 f16   tc    native    32    1     1024     32    0.0105     400.3    89.4%
    1024   1024 f16   tc    native    32    4      256    128    0.0123     340.1    75.9%
    1024   1024 f16   tc    native    32   16       64    512    0.0124     338.1    75.5%
    1024   1024 f16   tc    native    32    1     1024     32    0.0104     403.9    90.1%
    1024   1024 f16   tc    native    32    4      256    128    0.0123     340.6    76.0%
    1024   1024 f16   tc    native    32   16       64    512    0.0124     337.6    75.4%
    1024   1024 f16   tc    native    32    1     1024     32    0.0104     404.4    90.3%
    1024   1024 f16   tc    native    32    4      256    128    0.0123     340.4    76.0%
    1024   1024 f16   tc    native    32   16       64    512    0.0124     337.0    75.2%
    1024   1024 bf16  tc    native    32    1     1024     32    0.0104     404.4    90.3%
    1024   1024 bf16  tc    native    32    4      256    128    0.0124     338.2    75.5%
    1024   1024 bf16  tc    native    32   16       64    512    0.0124     338.1    75.5%
    1024   1024 bf16  tc    native    32    1     1024     32    0.0105     398.5    89.0%
    1024   1024 bf16  tc    native    32    4      256    128    0.0122     343.3    76.6%
    1024   1024 bf16  tc    native    32   16       64    512    0.0124     338.1    75.5%
    1024   1024 bf16  tc    native    32    1     1024     32    0.0104     401.5    89.6%
    1024   1024 bf16  tc    native    32    4      256    128    0.0123     340.1    75.9%
    1024   1024 bf16  tc    native    32   16       64    512    0.0124     337.8    75.4%
    4096   1024 f16   tc    native    32    1     4096     32    0.0329     509.5   113.7%
    4096   1024 f16   tc    native    32    4     1024    128    0.0329     510.0   113.8%
    4096   1024 f16   tc    native    32   16      256    512    0.0411     408.2    91.1%
    4096   1024 f16   tc    native    32    1     4096     32    0.0329     510.1   113.9%
    4096   1024 f16   tc    native    32    4     1024    128    0.0329     510.0   113.8%
    4096   1024 f16   tc    native    32   16      256    512    0.0411     408.5    91.2%
    4096   1024 f16   tc    native    32    1     4096     32    0.0329     510.2   113.9%
    4096   1024 f16   tc    native    32    4     1024    128    0.0329     510.2   113.9%
    4096   1024 f16   tc    native    32   16      256    512    0.0411     408.2    91.1%
    4096   1024 bf16  tc    native    32    1     4096     32    0.0329     509.9   113.8%
    4096   1024 bf16  tc    native    32    4     1024    128    0.0329     510.0   113.8%
    4096   1024 bf16  tc    native    32   16      256    512    0.0411     408.1    91.1%
    4096   1024 bf16  tc    native    32    1     4096     32    0.0329     509.4   113.7%
    4096   1024 bf16  tc    native    32    4     1024    128    0.0329     510.3   113.9%
    4096   1024 bf16  tc    native    32   16      256    512    0.0411     408.2    91.1%
    4096   1024 bf16  tc    native    32    1     4096     32    0.0329     510.2   113.9%
    4096   1024 bf16  tc    native    32    4     1024    128    0.0329     510.2   113.9%
    4096   1024 bf16  tc    native    32   16      256    512    0.0411     408.0    91.1%
   16384   1024 f16   tc    native    32    1    16384     32    0.1728     388.3    86.7%
   16384   1024 f16   tc    native    32    4     4096    128    0.1726     388.9    86.8%
   16384   1024 f16   tc    native    32   16     1024    512    0.1651     406.6    90.8%
   16384   1024 f16   tc    native    32    1    16384     32    0.1763     380.7    85.0%
   16384   1024 f16   tc    native    32    4     4096    128    0.1724     389.4    86.9%
   16384   1024 f16   tc    native    32   16     1024    512    0.1654     405.7    90.6%
   16384   1024 f16   tc    native    32    1    16384     32    0.1761     381.0    85.0%
   16384   1024 f16   tc    native    32    4     4096    128    0.1733     387.3    86.4%
   16384   1024 f16   tc    native    32   16     1024    512    0.1656     405.4    90.5%
   16384   1024 bf16  tc    native    32    1    16384     32    0.1731     387.6    86.5%
   16384   1024 bf16  tc    native    32    4     4096    128    0.1726     388.8    86.8%
   16384   1024 bf16  tc    native    32   16     1024    512    0.1688     397.5    88.7%
   16384   1024 bf16  tc    native    32    1    16384     32    0.1727     388.5    86.7%
   16384   1024 bf16  tc    native    32    4     4096    128    0.1725     389.1    86.9%
   16384   1024 bf16  tc    native    32   16     1024    512    0.1654     405.8    90.6%
   16384   1024 bf16  tc    native    32    1    16384     32    0.1731     387.7    86.5%
   16384   1024 bf16  tc    native    32    4     4096    128    0.1726     388.8    86.8%
   16384   1024 bf16  tc    native    32   16     1024    512    0.1656     405.3    90.5%
   65536   1024 f16   tc    native    32    1    65536     32    0.7088     378.7    84.5%
   65536   1024 f16   tc    native    32    4    16384    128    0.7079     379.2    84.6%
   65536   1024 f16   tc    native    32   16     4096    512    0.7004     383.3    85.5%
   65536   1024 f16   tc    native    32    1    65536     32    0.7073     379.5    84.7%
   65536   1024 f16   tc    native    32    4    16384    128    0.7016     382.6    85.4%
   65536   1024 f16   tc    native    32   16     4096    512    0.7015     382.7    85.4%
   65536   1024 f16   tc    native    32    1    65536     32    0.7033     381.7    85.2%
   65536   1024 f16   tc    native    32    4    16384    128    0.7094     378.4    84.5%
   65536   1024 f16   tc    native    32   16     4096    512    0.6972     385.0    85.9%
   65536   1024 bf16  tc    native    32    1    65536     32    0.7082     379.1    84.6%
   65536   1024 bf16  tc    native    32    4    16384    128    0.7121     377.0    84.1%
   65536   1024 bf16  tc    native    32   16     4096    512    0.7009     383.0    85.5%
   65536   1024 bf16  tc    native    32    1    65536     32    0.7067     379.8    84.8%
   65536   1024 bf16  tc    native    32    4    16384    128    0.7058     380.3    84.9%
   65536   1024 bf16  tc    native    32   16     4096    512    0.7012     382.8    85.4%
   65536   1024 bf16  tc    native    32    1    65536     32    0.7068     379.8    84.8%
   65536   1024 bf16  tc    native    32    4    16384    128    0.7021     382.3    85.3%
   65536   1024 bf16  tc    native    32   16     4096    512    0.7015     382.6    85.4%
  262144   1024 f16   tc    native    32    1   262144     32    2.8301     379.4    84.7%
  262144   1024 f16   tc    native    32    4    65536    128    2.8311     379.3    84.7%
  262144   1024 f16   tc    native    32   16    16384    512    2.8175     381.1    85.1%
  262144   1024 f16   tc    native    32    1   262144     32    2.8347     378.8    84.5%
  262144   1024 f16   tc    native    32    4    65536    128    2.8336     378.9    84.6%
  262144   1024 f16   tc    native    32   16    16384    512    2.8147     381.5    85.1%
  262144   1024 f16   tc    native    32    1   262144     32    2.8427     377.7    84.3%
  262144   1024 f16   tc    native    32    4    65536    128    2.8304     379.4    84.7%
  262144   1024 f16   tc    native    32   16    16384    512    2.8165     381.2    85.1%
  262144   1024 bf16  tc    native    32    1   262144     32    2.8312     379.2    84.6%
  262144   1024 bf16  tc    native    32    4    65536    128    2.8262     379.9    84.8%
  262144   1024 bf16  tc    native    32   16    16384    512    2.8116     381.9    85.2%
  262144   1024 bf16  tc    native    32    1   262144     32    2.8354     378.7    84.5%
  262144   1024 bf16  tc    native    32    4    65536    128    2.8342     378.9    84.6%
  262144   1024 bf16  tc    native    32   16    16384    512    2.8082     382.4    85.3%
  262144   1024 bf16  tc    native    32    1   262144     32    2.8343     378.8    84.6%
  262144   1024 bf16  tc    native    32    4    65536    128    2.8301     379.4    84.7%
  262144   1024 bf16  tc    native    32   16    16384    512    2.8114     381.9    85.2%
wrote data\kernels_tc.csv
