rows=512     dims=64,128,256  quant=none  run0 | A    6.234 us B    6.309 us (0.99x) C    1.156 us ( 5.39x) D    4.206 us ( 1.48x)
rows=512     dims=64,128,256  quant=none  run1 | A    6.088 us B    8.134 us (0.75x) C    1.159 us ( 5.25x) D    5.100 us ( 1.19x)
rows=512     dims=64,128,256  quant=none  run2 | A    5.994 us B    5.581 us (1.07x) C    1.153 us ( 5.20x) D    4.041 us ( 1.48x)
rows=512     dims=64,128,256  quant=none  run3 | A    7.641 us B    6.453 us (1.18x) C    1.153 us ( 6.63x) D    5.438 us ( 1.41x)
rows=512     dims=64,128,256  quant=none  run4 | A    6.106 us B    5.944 us (1.03x) C    1.156 us ( 5.28x) D    4.038 us ( 1.51x)
rows=512     dims=64,128,256  quant=none  run0 | single root: D    1.594 us ( 9.16x)
rows=512     dims=64,128,256  quant=none  run1 | single root: D    1.025 us ( 6.10x)
rows=512     dims=64,128,256  quant=none  run2 | single root: D    1.034 us ( 5.93x)
rows=512     dims=64,128,256  quant=none  run3 | single root: D    1.050 us ( 6.08x)
rows=512     dims=64,128,256  quant=none  run4 | single root: D    1.087 us ( 6.32x)
rows=1024    dims=64,128,256  quant=none  run0 | A    6.666 us B    6.384 us (1.04x) C    1.288 us ( 5.18x) D    4.031 us ( 1.65x)
rows=1024    dims=64,128,256  quant=none  run1 | A    6.494 us B    6.112 us (1.06x) C    1.288 us ( 5.04x) D    4.084 us ( 1.59x)
rows=1024    dims=64,128,256  quant=none  run2 | A    6.987 us B    6.566 us (1.06x) C    1.291 us ( 5.41x) D    4.106 us ( 1.70x)
rows=1024    dims=64,128,256  quant=none  run3 | A    6.428 us B    6.172 us (1.04x) C    1.291 us ( 4.98x) D    4.194 us ( 1.53x)
rows=1024    dims=64,128,256  quant=none  run4 | A    6.847 us B    6.041 us (1.13x) C    1.353 us ( 5.06x) D    4.038 us ( 1.70x)
rows=1024    dims=64,128,256  quant=none  run0 | single root: D    1.006 us ( 6.25x)
rows=1024    dims=64,128,256  quant=none  run1 | single root: D    1.022 us ( 6.40x)
rows=1024    dims=64,128,256  quant=none  run2 | single root: D    1.081 us ( 7.03x)
rows=1024    dims=64,128,256  quant=none  run3 | single root: D    1.028 us ( 6.64x)
rows=1024    dims=64,128,256  quant=none  run4 | single root: D    1.025 us ( 6.09x)
rows=2048    dims=64,128,256  quant=none  run0 | A    7.038 us B    7.675 us (0.92x) C    3.041 us ( 2.31x) D    4.834 us ( 1.46x)
rows=2048    dims=64,128,256  quant=none  run1 | A    6.722 us B    7.450 us (0.90x) C    3.034 us ( 2.22x) D    4.578 us ( 1.47x)
rows=2048    dims=64,128,256  quant=none  run2 | A    7.088 us B    7.419 us (0.96x) C    3.028 us ( 2.34x) D    4.309 us ( 1.64x)
rows=2048    dims=64,128,256  quant=none  run3 | A    7.487 us B    7.800 us (0.96x) C    2.969 us ( 2.52x) D    4.606 us ( 1.63x)
rows=2048    dims=64,128,256  quant=none  run4 | A    7.028 us B    7.150 us (0.98x) C    3.034 us ( 2.32x) D    4.506 us ( 1.56x)
rows=2048    dims=64,128,256  quant=none  run0 | single root: D    2.397 us ( 3.01x)
rows=2048    dims=64,128,256  quant=none  run1 | single root: D    2.078 us ( 3.47x)
rows=2048    dims=64,128,256  quant=none  run2 | single root: D    2.059 us ( 3.19x)
rows=2048    dims=64,128,256  quant=none  run3 | single root: D    2.159 us ( 3.46x)
rows=2048    dims=64,128,256  quant=none  run4 | single root: D    2.506 us ( 4.62x)
rows=2048    dims=128,256     quant=fp8   run0 | A    7.725 us B    7.688 us (1.00x) C    3.572 us ( 2.16x) D    4.559 us ( 1.69x)
rows=2048    dims=128,256     quant=fp8   run1 | A    7.638 us B    7.672 us (1.00x) C    3.559 us ( 2.15x) D    4.638 us ( 1.65x)
rows=2048    dims=128,256     quant=fp8   run2 | A    8.422 us B    7.244 us (1.16x) C    3.231 us ( 2.61x) D    4.494 us ( 1.87x)
rows=2048    dims=128,256     quant=fp8   run3 | A    7.475 us B    7.303 us (1.02x) C    3.156 us ( 2.37x) D    4.428 us ( 1.69x)
rows=2048    dims=128,256     quant=fp8   run4 | A    7.662 us B    7.853 us (0.98x) C    3.150 us ( 2.43x) D    4.556 us ( 1.68x)
rows=2048    dims=128,256     quant=fp8   run0 | single root: D    1.931 us ( 3.67x)
rows=2048    dims=128,256     quant=fp8   run1 | single root: D    1.956 us ( 5.21x)
rows=2048    dims=128,256     quant=fp8   run2 | single root: D    1.981 us ( 3.87x)
rows=2048    dims=128,256     quant=fp8   run3 | single root: D    1.916 us ( 5.49x)
rows=2048    dims=128,256     quant=fp8   run4 | single root: D    2.409 us ( 2.93x)
rows=2048    dims=128,256     quant=int4  run0 | A    7.547 us B    6.931 us (1.09x) C    2.700 us ( 2.80x) D    4.228 us ( 1.78x)
rows=2048    dims=128,256     quant=int4  run1 | A    7.328 us B    7.659 us (0.96x) C    2.706 us ( 2.71x) D    4.381 us ( 1.67x)
rows=2048    dims=128,256     quant=int4  run2 | A    8.672 us B    7.519 us (1.15x) C    2.706 us ( 3.20x) D    4.350 us ( 1.99x)
rows=2048    dims=128,256     quant=int4  run3 | A   12.134 us B   10.562 us (1.15x) C    2.784 us ( 4.36x) D   10.009 us ( 1.21x)
rows=2048    dims=128,256     quant=int4  run4 | A    7.181 us B    7.406 us (0.97x) C    2.706 us ( 2.65x) D    4.391 us ( 1.64x)
rows=2048    dims=128,256     quant=int4  run0 | single root: D    1.697 us ( 4.24x)
rows=2048    dims=128,256     quant=int4  run1 | single root: D    1.747 us ( 3.99x)
rows=2048    dims=128,256     quant=int4  run2 | single root: D    1.706 us ( 4.13x)
rows=2048    dims=128,256     quant=int4  run3 | single root: D    1.647 us ( 5.60x)
rows=2048    dims=128,256     quant=int4  run4 | single root: D    1.716 us ( 4.69x)
rows=4096    dims=128         quant=none  run0 | A    7.003 us B    6.744 us (1.04x) C    5.234 us ( 1.34x) D    6.500 us ( 1.08x)
rows=4096    dims=128         quant=none  run1 | A    8.850 us B   10.028 us (0.88x) C    5.681 us ( 1.56x) D    7.450 us ( 1.19x)
rows=4096    dims=128         quant=none  run2 | A    9.034 us B    9.591 us (0.94x) C    5.131 us ( 1.76x) D    7.341 us ( 1.23x)
rows=4096    dims=128         quant=none  run3 | A    8.919 us B    9.288 us (0.96x) C    5.281 us ( 1.69x) D    7.228 us ( 1.23x)
rows=4096    dims=128         quant=none  run4 | A    7.537 us B    7.184 us (1.05x) C    5.191 us ( 1.45x) D    6.716 us ( 1.12x)
rows=4096    dims=128         quant=none  run0 | single root: D    5.484 us ( 1.67x)
rows=4096    dims=128         quant=none  run1 | single root: D    5.572 us ( 1.49x)
rows=4096    dims=128         quant=none  run2 | single root: D    5.344 us ( 1.47x)
rows=4096    dims=128         quant=none  run3 | single root: D    5.250 us ( 1.39x)
rows=4096    dims=128         quant=none  run4 | single root: D    5.247 us ( 1.39x)
rows=16384   dims=256         quant=none  run0 | A   45.247 us B   45.284 us (1.00x) C   44.394 us ( 1.02x) D   45.891 us ( 0.99x)
rows=16384   dims=256         quant=none  run1 | A   45.059 us B   45.734 us (0.99x) C   44.591 us ( 1.01x) D   46.028 us ( 0.98x)
rows=16384   dims=256         quant=none  run2 | A   45.547 us B   44.609 us (1.02x) C   45.591 us ( 1.00x) D   45.747 us ( 1.00x)
rows=16384   dims=256         quant=none  run3 | A   45.903 us B   45.197 us (1.02x) C   44.913 us ( 1.02x) D   46.034 us ( 1.00x)
rows=16384   dims=256         quant=none  run4 | A   44.628 us B   45.259 us (0.99x) C   45.531 us ( 0.98x) D   46.519 us ( 0.96x)
rows=16384   dims=256         quant=none  run0 | single root: D   45.222 us ( 0.99x)
rows=16384   dims=256         quant=none  run1 | single root: D   46.175 us ( 0.99x)
rows=16384   dims=256         quant=none  run2 | single root: D   46.191 us ( 0.96x)
rows=16384   dims=256         quant=none  run3 | single root: D   45.525 us ( 1.01x)
rows=16384   dims=256         quant=none  run4 | single root: D   45.391 us ( 1.03x)
rows=65536   dims=256         quant=none  run0 | A  182.638 us B  184.912 us (0.99x) C  183.337 us ( 1.00x) D  185.363 us ( 0.99x)
rows=65536   dims=256         quant=none  run1 | A  184.400 us B  183.638 us (1.00x) C  183.638 us ( 1.00x) D  182.225 us ( 1.01x)
rows=65536   dims=256         quant=none  run2 | A  184.037 us B  179.138 us (1.03x) C  186.087 us ( 0.99x) D  185.300 us ( 0.99x)
rows=65536   dims=256         quant=none  run3 | A  181.512 us B  180.825 us (1.00x) C  181.825 us ( 1.00x) D  182.275 us ( 1.00x)
rows=65536   dims=256         quant=none  run4 | A  180.762 us B  183.875 us (0.98x) C  182.188 us ( 0.99x) D  187.925 us ( 0.96x)
rows=65536   dims=256         quant=none  run0 | single root: D  185.162 us ( 0.99x)
rows=65536   dims=256         quant=none  run1 | single root: D  180.838 us ( 1.00x)
rows=65536   dims=256         quant=none  run2 | single root: D  185.400 us ( 0.96x)
rows=65536   dims=256         quant=none  run3 | single root: D  182.088 us ( 1.01x)
rows=65536   dims=256         quant=none  run4 | single root: D  181.713 us ( 1.01x)
