### fhwt_r1 dim=64 fp8
fused quant fp16 fp8e4m3 dim=64 rows=262144 tpr=0 rpb=0
  fused   :    0.1183 ms     425.5 GB/s (effective, 3.00 B/elem)
  unfused :    0.4539 ms  (rotate 0.1821 + quantise 0.2718)     184.8 GB/s (5.00 B/elem)
  speedup :   3.84x   (bandwidth 95.0% of peak 448 GB/s)
### fhwt_r1 dim=64 int4
fused quant fp16 int4 dim=64 rows=262144 tpr=0 rpb=0
  fused   :    0.1048 ms     400.4 GB/s (effective, 2.50 B/elem)
  unfused :    0.4750 ms  (rotate 0.1877 + quantise 0.2873)     158.9 GB/s (4.50 B/elem)
  speedup :   4.53x   (bandwidth 89.4% of peak 448 GB/s)
### fhwt_r1 dim=128 fp8
fused quant fp16 fp8e4m3 dim=128 rows=262144 tpr=0 rpb=0
  fused   :    0.2656 ms     379.1 GB/s (effective, 3.00 B/elem)
  unfused :    0.6564 ms  (rotate 0.3607 + quantise 0.2957)     255.6 GB/s (5.00 B/elem)
  speedup :   2.47x   (bandwidth 84.6% of peak 448 GB/s)
### fhwt_r1 dim=128 int4
fused quant fp16 int4 dim=128 rows=262144 tpr=0 rpb=0
  fused   :    0.2019 ms     415.6 GB/s (effective, 2.50 B/elem)
  unfused :    0.6605 ms  (rotate 0.3595 + quantise 0.3010)     228.6 GB/s (4.50 B/elem)
  speedup :   3.27x   (bandwidth 92.8% of peak 448 GB/s)
### fhwt_r1 dim=256 fp8
fused quant fp16 fp8e4m3 dim=256 rows=262144 tpr=0 rpb=0
  fused   :    0.5363 ms     375.4 GB/s (effective, 3.00 B/elem)
  unfused :    1.2500 ms  (rotate 0.7218 + quantise 0.5282)     268.4 GB/s (5.00 B/elem)
  speedup :   2.33x   (bandwidth 83.8% of peak 448 GB/s)
### fhwt_r1 dim=256 int4
fused quant fp16 int4 dim=256 rows=262144 tpr=0 rpb=0
  fused   :    0.4233 ms     396.4 GB/s (effective, 2.50 B/elem)
  unfused :    1.1465 ms  (rotate 0.7179 + quantise 0.4287)     263.4 GB/s (4.50 B/elem)
  speedup :   2.71x   (bandwidth 88.5% of peak 448 GB/s)
### fhwt_r1 dim=512 fp8
fused quant fp16 fp8e4m3 dim=512 rows=262144 tpr=0 rpb=0
  fused   :    1.0581 ms     380.5 GB/s (effective, 3.00 B/elem)
  unfused :    2.5140 ms  (rotate 1.4516 + quantise 1.0624)     266.9 GB/s (5.00 B/elem)
  speedup :   2.38x   (bandwidth 84.9% of peak 448 GB/s)
### fhwt_r1 dim=512 int4
fused quant fp16 int4 dim=512 rows=262144 tpr=0 rpb=0
  fused   :    0.8552 ms     392.4 GB/s (effective, 2.50 B/elem)
  unfused :    2.3271 ms  (rotate 1.4575 + quantise 0.8696)     259.5 GB/s (4.50 B/elem)
  speedup :   2.72x   (bandwidth 87.6% of peak 448 GB/s)
### fhwt_r1 dim=1024 fp8
fused quant fp16 fp8e4m3 dim=1024 rows=262144 tpr=0 rpb=0
  fused   :    2.1156 ms     380.6 GB/s (effective, 3.00 B/elem)
  unfused :    5.0495 ms  (rotate 2.9286 + quantise 2.1209)     265.8 GB/s (5.00 B/elem)
  speedup :   2.39x   (bandwidth 85.0% of peak 448 GB/s)
### fhwt_r1 dim=1024 int4
fused quant fp16 int4 dim=1024 rows=262144 tpr=0 rpb=0
  fused   :    1.7110 ms     392.2 GB/s (effective, 2.50 B/elem)
  unfused :    4.6497 ms  (rotate 2.9308 + quantise 1.7189)     259.8 GB/s (4.50 B/elem)
  speedup :   2.72x   (bandwidth 87.5% of peak 448 GB/s)
### fhwt_r4 dim=64 fp8
fused quant fp16 fp8e4m3 dim=64 rows=262144 tpr=0 rpb=0
  fused   :    0.1041 ms     483.3 GB/s (effective, 3.00 B/elem)
  unfused :    0.4444 ms  (rotate 0.1778 + quantise 0.2665)     188.8 GB/s (5.00 B/elem)
  speedup :   4.27x   (bandwidth 107.9% of peak 448 GB/s)
### fhwt_r4 dim=64 int4
fused quant fp16 int4 dim=64 rows=262144 tpr=0 rpb=0
  fused   :    0.0875 ms     479.1 GB/s (effective, 2.50 B/elem)
  unfused :    0.4772 ms  (rotate 0.1814 + quantise 0.2958)     158.2 GB/s (4.50 B/elem)
  speedup :   5.45x   (bandwidth 106.9% of peak 448 GB/s)
### fhwt_r4 dim=128 fp8
fused quant fp16 fp8e4m3 dim=128 rows=262144 tpr=0 rpb=0
  fused   :    0.2683 ms     375.2 GB/s (effective, 3.00 B/elem)
  unfused :    0.6506 ms  (rotate 0.3599 + quantise 0.2907)     257.9 GB/s (5.00 B/elem)
  speedup :   2.42x   (bandwidth 83.7% of peak 448 GB/s)
### fhwt_r4 dim=128 int4
fused quant fp16 int4 dim=128 rows=262144 tpr=0 rpb=0
  fused   :    0.1948 ms     430.6 GB/s (effective, 2.50 B/elem)
  unfused :    0.6695 ms  (rotate 0.3567 + quantise 0.3128)     225.5 GB/s (4.50 B/elem)
  speedup :   3.44x   (bandwidth 96.1% of peak 448 GB/s)
### fhwt_r4 dim=256 fp8
fused quant fp16 fp8e4m3 dim=256 rows=262144 tpr=0 rpb=0
  fused   :    0.5271 ms     382.0 GB/s (effective, 3.00 B/elem)
  unfused :    1.2635 ms  (rotate 0.7346 + quantise 0.5289)     265.6 GB/s (5.00 B/elem)
  speedup :   2.40x   (bandwidth 85.3% of peak 448 GB/s)
### fhwt_r4 dim=256 int4
fused quant fp16 int4 dim=256 rows=262144 tpr=0 rpb=0
  fused   :    0.4281 ms     391.9 GB/s (effective, 2.50 B/elem)
  unfused :    1.1450 ms  (rotate 0.7212 + quantise 0.4238)     263.7 GB/s (4.50 B/elem)
  speedup :   2.67x   (bandwidth 87.5% of peak 448 GB/s)
### fhwt_r4 dim=512 fp8
fused quant fp16 fp8e4m3 dim=512 rows=262144 tpr=0 rpb=0
  fused   :    1.0486 ms     384.0 GB/s (effective, 3.00 B/elem)
  unfused :    2.5192 ms  (rotate 1.4531 + quantise 1.0661)     266.4 GB/s (5.00 B/elem)
  speedup :   2.40x   (bandwidth 85.7% of peak 448 GB/s)
### fhwt_r4 dim=512 int4
fused quant fp16 int4 dim=512 rows=262144 tpr=0 rpb=0
  fused   :    0.8525 ms     393.6 GB/s (effective, 2.50 B/elem)
  unfused :    2.3247 ms  (rotate 1.4615 + quantise 0.8632)     259.8 GB/s (4.50 B/elem)
  speedup :   2.73x   (bandwidth 87.9% of peak 448 GB/s)
### fhwt_r4 dim=1024 fp8
fused quant fp16 fp8e4m3 dim=1024 rows=262144 tpr=0 rpb=0
  fused   :    2.1088 ms     381.9 GB/s (effective, 3.00 B/elem)
  unfused :    5.0346 ms  (rotate 2.9270 + quantise 2.1076)     266.6 GB/s (5.00 B/elem)
  speedup :   2.39x   (bandwidth 85.2% of peak 448 GB/s)
### fhwt_r4 dim=1024 int4
fused quant fp16 int4 dim=1024 rows=262144 tpr=0 rpb=0
  fused   :    1.6959 ms     395.7 GB/s (effective, 2.50 B/elem)
  unfused :    4.6426 ms  (rotate 2.9217 + quantise 1.7209)     260.2 GB/s (4.50 B/elem)
  speedup :   2.74x   (bandwidth 88.3% of peak 448 GB/s)
DONE
