+ ./build/fhwt --mode info
+ tee data/musa/info.txt
Device        : MTT S4000 (sm_22)
SMs           : 56
Max thr/SM    : 6144
Shared/SM     : 73728 bytes
L2            : 24.0 MiB
SM clock      : 1.60 GHz
Mem clock/bus : 8.01 GHz / 256 bit
D2D memcpy ceiling      :    690.4 GB/s (1.555 ms for 512 MiB copy)
Theoretical DRAM bandwidth:    512.8 GB/s
+ ./build/fhwt --mode tune --rows 65536 --dtype f16 --dims 64,128,256,512,1024 --iters 50 --warmup 10 --reps 3 --csv data/musa/tune.csv
    rows    dim dtype kern  acc     tpr  rpb     grid  block        ms      GB/s    %peak
   65536     64 f16   reg   native     8    1    65536      8    0.3192      52.6    10.2%
   65536     64 f16   reg   native     8    2    32768     16    0.1703      98.5    19.2%
   65536     64 f16   reg   native     8    4    16384     32    0.0962     174.4    34.0%
   65536     64 f16   reg   native     8    8     8192     64    0.0650     258.3    50.4%
   65536     64 f16   reg   native     8   16     4096    128    0.0535     313.7    61.2%
   65536     64 f16   reg   native     8   32     2048    256    0.0553     303.3    59.2%
   65536     64 f16   reg   native    16    1    65536     16    0.2398      70.0    13.6%
   65536     64 f16   reg   native    16    2    32768     32    0.1295     129.6    25.3%
   65536     64 f16   reg   native    16    4    16384     64    0.0800     209.8    40.9%
   65536     64 f16   reg   native    16    8     8192    128    0.0623     269.4    52.5%
   65536     64 f16   reg   native    16   16     4096    256    0.0635     264.4    51.6%
   65536     64 f16   reg   native    16   32     2048    512    0.0641     261.8    51.0%
   65536     64 f16   reg   native    32    1    65536     32    0.1931      86.9    16.9%
   65536     64 f16   reg   native    32    2    32768     64    0.1139     147.3    28.7%
   65536     64 f16   reg   native    32    4    16384    128    0.0859     195.4    38.1%
   65536     64 f16   reg   native    32    8     8192    256    0.0860     195.2    38.1%
   65536     64 f16   reg   native    32   16     4096    512    0.0865     194.0    37.8%
   65536     64 f16   reg   native    32   32     2048   1024    0.0871     192.6    37.6%
   65536    128 f16   reg   native     8    1    65536      8    0.5354      62.7    12.2%
   65536    128 f16   reg   native     8    2    32768     16    0.2859     117.4    22.9%
   65536    128 f16   reg   native     8    4    16384     32    0.1622     206.9    40.4%
   65536    128 f16   reg   native     8    8     8192     64    0.1086     308.9    60.2%
   65536    128 f16   reg   native     8   16     4096    128    0.0988     339.7    66.2%
   65536    128 f16   reg   native     8   32     2048    256    0.1013     331.3    64.6%
   65536    128 f16   reg   native    16    1    65536     16    0.3663      91.6    17.9%
   65536    128 f16   reg   native    16    2    32768     32    0.1982     169.3    33.0%
   65536    128 f16   reg   native    16    4    16384     64    0.1233     272.2    53.1%
   65536    128 f16   reg   native    16    8     8192    128    0.0970     346.1    67.5%
   65536    128 f16   reg   native    16   16     4096    256    0.0980     342.5    66.8%
   65536    128 f16   reg   native    16   32     2048    512    0.0994     337.5    65.8%
   65536    128 f16   reg   native    32    1    65536     32    0.2671     125.6    24.5%
   65536    128 f16   reg   native    32    2    32768     64    0.1585     211.7    41.3%
   65536    128 f16   reg   native    32    4    16384    128    0.1185     283.2    55.2%
   65536    128 f16   reg   native    32    8     8192    256    0.1187     282.6    55.1%
   65536    128 f16   reg   native    32   16     4096    512    0.1191     281.6    54.9%
   65536    128 f16   reg   native    32   32     2048   1024    0.1202     279.2    54.4%
   65536    256 f16   reg   native     8    1    65536      8    1.1409      58.8    11.5%
   65536    256 f16   reg   native     8    2    32768     16    0.5946     112.9    22.0%
   65536    256 f16   reg   native     8    4    16384     32    0.3225     208.1    40.6%
   65536    256 f16   reg   native     8    8     8192     64    0.1986     337.9    65.9%
   65536    256 f16   reg   native     8   16     4096    128    0.2142     313.3    61.1%
   65536    256 f16   reg   native     8   32     2048    256    0.2145     312.9    61.0%
   65536    256 f16   reg   native    16    1    65536     16    0.6176     108.7    21.2%
   65536    256 f16   reg   native    16    2    32768     32    0.3282     204.5    39.9%
   65536    256 f16   reg   native    16    4    16384     64    0.1985     338.0    65.9%
   65536    256 f16   reg   native    16    8     8192    128    0.1582     424.2    82.7%
   65536    256 f16   reg   native    16   16     4096    256    0.1633     411.0    80.1%
   65536    256 f16   reg   native    16   32     2048    512    0.1672     401.4    78.3%
   65536    256 f16   reg   native    32    1    65536     32    0.4099     163.7    31.9%
   65536    256 f16   reg   native    32    2    32768     64    0.2392     280.5    54.7%
   65536    256 f16   reg   native    32    4    16384    128    0.1767     379.7    74.1%
   65536    256 f16   reg   native    32    8     8192    256    0.1785     375.9    73.3%
   65536    256 f16   reg   native    32   16     4096    512    0.1803     372.2    72.6%
   65536    256 f16   reg   native    32   32     2048   1024    0.1818     369.2    72.0%
   65536    512 f16   reg   native     8    1    65536      8    0.7035     190.8    37.2%
   65536    512 f16   reg   native     8    2    32768     16    0.4035     332.6    64.9%
   65536    512 f16   reg   native     8    4    16384     32    0.2930     458.1    89.3%
   65536    512 f16   reg   native     8    8     8192     64    0.2972     451.6    88.1%
   65536    512 f16   reg   native     8   16     4096    128    0.3029     443.2    86.4%
   65536    512 f16   reg   native     8   32     2048    256    0.3065     437.8    85.4%
   65536    512 f16   reg   native    16    1    65536     16    1.3404     100.1    19.5%
   65536    512 f16   reg   native    16    2    32768     32    0.6945     193.3    37.7%
   65536    512 f16   reg   native    16    4    16384     64    0.3917     342.6    66.8%
   65536    512 f16   reg   native    16    8     8192    128    0.3290     407.9    79.6%
   65536    512 f16   reg   native    16   16     4096    256    0.3382     396.9    77.4%
   65536    512 f16   reg   native    16   32     2048    512    0.3389     396.1    77.2%
   65536    512 f16   reg   native    32    1    65536     32    0.7036     190.8    37.2%
   65536    512 f16   reg   native    32    2    32768     64    0.4034     332.7    64.9%
   65536    512 f16   reg   native    32    4    16384    128    0.2933     457.6    89.2%
   65536    512 f16   reg   native    32    8     8192    256    0.2979     450.5    87.9%
   65536    512 f16   reg   native    32   16     4096    512    0.3030     442.9    86.4%
   65536    512 f16   reg   native    32   32     2048   1024    0.3064     438.1    85.4%
   65536   1024 f16   reg   native     8    1    65536      8    1.4732     182.2    35.5%
   65536   1024 f16   reg   native     8    2    32768     16    0.8039     333.9    65.1%
   65536   1024 f16   reg   native     8    4    16384     32    0.5421     495.2    96.6%
   65536   1024 f16   reg   native     8    8     8192     64    0.5500     488.0    95.2%
   65536   1024 f16   reg   native     8   16     4096    128    0.5592     480.0    93.6%
   65536   1024 f16   reg   native     8   32     2048    256    0.5709     470.2    91.7%
   65536   1024 f16   reg   native    16    1    65536     16    1.4720     182.4    35.6%
   65536   1024 f16   reg   native    16    2    32768     32    0.8033     334.1    65.2%
   65536   1024 f16   reg   native    16    4    16384     64    0.5419     495.3    96.6%
   65536   1024 f16   reg   native    16    8     8192    128    0.5501     487.9    95.2%
   65536   1024 f16   reg   native    16   16     4096    256    0.5595     479.8    93.6%
   65536   1024 f16   reg   native    16   32     2048    512    0.5713     469.9    91.6%
   65536   1024 f16   reg   native    32    1    65536     32    1.4734     182.2    35.5%
   65536   1024 f16   reg   native    32    2    32768     64    0.8036     334.0    65.1%
   65536   1024 f16   reg   native    32    4    16384    128    0.5423     495.0    96.5%
   65536   1024 f16   reg   native    32    8     8192    256    0.5501     488.0    95.2%
   65536   1024 f16   reg   native    32   16     4096    512    0.5594     479.8    93.6%
   65536   1024 f16   reg   native    32   32     2048   1024    0.5724     469.0    91.5%

best configuration per dim:
    rows    dim dtype kern  acc      tpr  rpb     grid  block        ms      GB/s    %peak
   65536     64 f16   reg   native     8   16     4096    128    0.0535     313.7    61.2%
   65536    128 f16   reg   native    16    8     8192    128    0.0970     346.1    67.5%
   65536    256 f16   reg   native    16    8     8192    128    0.1582     424.2    82.7%
   65536    512 f16   reg   native     8    4    16384     32    0.2930     458.1    89.3%
   65536   1024 f16   reg   native    16    4    16384     64    0.5419     495.3    96.6%
wrote data/musa/tune.csv
+ ./build/fhwt --mode matrix --kernel reg --iters 50 --warmup 10 --reps 3 --csv data/musa/kernels_reg.csv
    rows    dim dtype kern  acc      tpr  rpb     grid  block        ms      GB/s    %peak
    1024     64 f16   reg   native     8    1     1024      8    0.0240      10.9     2.1%
    1024     64 f16   reg   native     8    4      256     32    0.0229      11.4     2.2%
    1024     64 f16   reg   native     8   16       64    128    0.0231      11.4     2.2%
    1024     64 f16   reg   native    16    1     1024     16    0.0216      12.1     2.4%
    1024     64 f16   reg   native    16    4      256     64    0.0210      12.5     2.4%
    1024     64 f16   reg   native    16   16       64    256    0.0210      12.5     2.4%
    1024     64 f16   reg   native    32    1     1024     32    0.0205      12.8     2.5%
    1024     64 f16   reg   native    32    4      256    128    0.0201      13.0     2.5%
    1024     64 f16   reg   native    32   16       64    512    0.0200      13.1     2.6%
    1024     64 bf16  reg   native     8    1     1024      8    0.0271       9.7     1.9%
    1024     64 bf16  reg   native     8    4      256     32    0.0256      10.2     2.0%
    1024     64 bf16  reg   native     8   16       64    128    0.0258      10.2     2.0%
    1024     64 bf16  reg   native    16    1     1024     16    0.0237      11.1     2.2%
    1024     64 bf16  reg   native    16    4      256     64    0.0229      11.5     2.2%
    1024     64 bf16  reg   native    16   16       64    256    0.0230      11.4     2.2%
    1024     64 bf16  reg   native    32    1     1024     32    0.0218      12.0     2.3%
    1024     64 bf16  reg   native    32    4      256    128    0.0216      12.1     2.4%
    1024     64 bf16  reg   native    32   16       64    512    0.0215      12.2     2.4%
    4096     64 f16   reg   native     8    1     4096      8    0.0375      28.0     5.5%
    4096     64 f16   reg   native     8    4     1024     32    0.0247      42.4     8.3%
    4096     64 f16   reg   native     8   16      256    128    0.0239      43.8     8.5%
    4096     64 f16   reg   native    16    1     4096     16    0.0322      32.6     6.4%
    4096     64 f16   reg   native    16    4     1024     64    0.0224      46.9     9.1%
    4096     64 f16   reg   native    16   16      256    256    0.0220      47.7     9.3%
    4096     64 f16   reg   native    32    1     4096     32    0.0282      37.1     7.2%
    4096     64 f16   reg   native    32    4     1024    128    0.0216      48.5     9.4%
    4096     64 f16   reg   native    32   16      256    512    0.0216      48.5     9.5%
    4096     64 bf16  reg   native     8    1     4096      8    0.0402      26.1     5.1%
    4096     64 bf16  reg   native     8    4     1024     32    0.0277      37.9     7.4%
    4096     64 bf16  reg   native     8   16      256    128    0.0268      39.2     7.6%
    4096     64 bf16  reg   native    16    1     4096     16    0.0326      32.2     6.3%
    4096     64 bf16  reg   native    16    4     1024     64    0.0246      42.6     8.3%
    4096     64 bf16  reg   native    16   16      256    256    0.0241      43.5     8.5%
    4096     64 bf16  reg   native    32    1     4096     32    0.0289      36.3     7.1%
    4096     64 bf16  reg   native    32    4     1024    128    0.0228      45.9     9.0%
    4096     64 bf16  reg   native    32   16      256    512    0.0227      46.2     9.0%
   16384     64 f16   reg   native     8    1    16384      8    0.0945      44.4     8.7%
   16384     64 f16   reg   native     8    4     4096     32    0.0399     105.1    20.5%
   16384     64 f16   reg   native     8   16     1024    128    0.0288     145.8    28.4%
   16384     64 f16   reg   native    16    1    16384     16    0.0734      57.1    11.1%
   16384     64 f16   reg   native    16    4     4096     64    0.0361     116.3    22.7%
   16384     64 f16   reg   native    16   16     1024    256    0.0293     143.2    27.9%
   16384     64 f16   reg   native    32    1    16384     32    0.0621      67.5    13.2%
   16384     64 f16   reg   native    32    4     4096    128    0.0361     116.0    22.6%
   16384     64 f16   reg   native    32   16     1024    512    0.0359     117.0    22.8%
   16384     64 bf16  reg   native     8    1    16384      8    0.0896      46.8     9.1%
   16384     64 bf16  reg   native     8    4     4096     32    0.0420      99.9    19.5%
   16384     64 bf16  reg   native     8   16     1024    128    0.0314     133.5    26.0%
   16384     64 bf16  reg   native    16    1    16384     16    0.0687      61.0    11.9%
   16384     64 bf16  reg   native    16    4     4096     64    0.0348     120.6    23.5%
   16384     64 bf16  reg   native    16   16     1024    256    0.0306     137.1    26.7%
   16384     64 bf16  reg   native    32    1    16384     32    0.0602      69.6    13.6%
   16384     64 bf16  reg   native    32    4     4096    128    0.0346     121.1    23.6%
   16384     64 bf16  reg   native    32   16     1024    512    0.0346     121.1    23.6%
   65536     64 f16   reg   native     8    1    65536      8    0.3192      52.6    10.2%
   65536     64 f16   reg   native     8    4    16384     32    0.0962     174.3    34.0%
   65536     64 f16   reg   native     8   16     4096    128    0.0532     315.3    61.5%
   65536     64 f16   reg   native    16    1    65536     16    0.2397      70.0    13.6%
   65536     64 f16   reg   native    16    4    16384     64    0.0799     210.0    40.9%
   65536     64 f16   reg   native    16   16     4096    256    0.0634     264.7    51.6%
   65536     64 f16   reg   native    32    1    65536     32    0.1929      87.0    17.0%
   65536     64 f16   reg   native    32    4    16384    128    0.0860     195.1    38.0%
   65536     64 f16   reg   native    32   16     4096    512    0.0864     194.1    37.8%
   65536     64 bf16  reg   native     8    1    65536      8    0.2840      59.1    11.5%
   65536     64 bf16  reg   native     8    4    16384     32    0.0907     184.9    36.1%
   65536     64 bf16  reg   native     8   16     4096    128    0.0528     318.0    62.0%
   65536     64 bf16  reg   native    16    1    65536     16    0.2113      79.4    15.5%
   65536     64 bf16  reg   native    16    4    16384     64    0.0737     227.6    44.4%
   65536     64 bf16  reg   native    16   16     4096    256    0.0596     281.7    54.9%
   65536     64 bf16  reg   native    32    1    65536     32    0.1799      93.2    18.2%
   65536     64 bf16  reg   native    32    4    16384    128    0.0807     207.8    40.5%
   65536     64 bf16  reg   native    32   16     4096    512    0.0813     206.3    40.2%
  262144     64 f16   reg   native     8    1   262144      8    1.2147      55.2    10.8%
  262144     64 f16   reg   native     8    4    65536     32    0.3252     206.4    40.2%
  262144     64 f16   reg   native     8   16    16384    128    0.1441     465.7    90.8%
  262144     64 f16   reg   native    16    1   262144     16    0.8989      74.7    14.6%
  262144     64 f16   reg   native    16    4    65536     64    0.2650     253.2    49.4%
  262144     64 f16   reg   native    16   16    16384    256    0.1938     346.4    67.5%
  262144     64 f16   reg   native    32    1   262144     32    0.7139      94.0    18.3%
  262144     64 f16   reg   native    32    4    65536    128    0.2898     231.6    45.2%
  262144     64 f16   reg   native    32   16    16384    512    0.2892     232.0    45.3%
  262144     64 bf16  reg   native     8    1   262144      8    1.0607      63.3    12.3%
  262144     64 bf16  reg   native     8    4    65536     32    0.2919     229.9    44.8%
  262144     64 bf16  reg   native     8   16    16384    128    0.1341     500.3    97.6%
  262144     64 bf16  reg   native    16    1   262144     16    0.7799      86.0    16.8%
  262144     64 bf16  reg   native    16    4    65536     64    0.2326     288.5    56.3%
  262144     64 bf16  reg   native    16   16    16384    256    0.1740     385.7    75.2%
  262144     64 bf16  reg   native    32    1   262144     32    0.6558     102.3    20.0%
  262144     64 bf16  reg   native    32    4    65536    128    0.2693     249.2    48.6%
  262144     64 bf16  reg   native    32   16    16384    512    0.2688     249.6    48.7%
    1024    128 f16   reg   native     8    1     1024      8    0.0303      17.3     3.4%
    1024    128 f16   reg   native     8    4      256     32    0.0281      18.7     3.6%
    1024    128 f16   reg   native     8   16       64    128    0.0285      18.4     3.6%
    1024    128 f16   reg   native    16    1     1024     16    0.0252      20.8     4.1%
    1024    128 f16   reg   native    16    4      256     64    0.0242      21.7     4.2%
    1024    128 f16   reg   native    16   16       64    256    0.0244      21.5     4.2%
    1024    128 f16   reg   native    32    1     1024     32    0.0226      23.2     4.5%
    1024    128 f16   reg   native    32    4      256    128    0.0221      23.7     4.6%
    1024    128 f16   reg   native    32   16       64    512    0.0222      23.6     4.6%
    1024    128 bf16  reg   native     8    1     1024      8    0.0364      14.4     2.8%
    1024    128 bf16  reg   native     8    4      256     32    0.0339      15.4     3.0%
    1024    128 bf16  reg   native     8   16       64    128    0.0343      15.3     3.0%
    1024    128 bf16  reg   native    16    1     1024     16    0.0289      18.2     3.5%
    1024    128 bf16  reg   native    16    4      256     64    0.0277      18.9     3.7%
    1024    128 bf16  reg   native    16   16       64    256    0.0275      19.1     3.7%
    1024    128 bf16  reg   native    32    1     1024     32    0.0246      21.3     4.2%
    1024    128 bf16  reg   native    32    4      256    128    0.0240      21.8     4.3%
    1024    128 bf16  reg   native    32   16       64    512    0.0240      21.9     4.3%
    4096    128 f16   reg   native     8    1     4096      8    0.0563      37.2     7.3%
    4096    128 f16   reg   native     8    4     1024     32    0.0313      67.0    13.1%
    4096    128 f16   reg   native     8   16      256    128    0.0304      69.1    13.5%
    4096    128 f16   reg   native    16    1     4096     16    0.0412      50.9     9.9%
    4096    128 f16   reg   native    16    4     1024     64    0.0273      77.0    15.0%
    4096    128 f16   reg   native    16   16      256    256    0.0266      79.0    15.4%
    4096    128 f16   reg   native    32    1     4096     32    0.0342      61.4    12.0%
    4096    128 f16   reg   native    32    4     1024    128    0.0254      82.5    16.1%
    4096    128 f16   reg   native    32   16      256    512    0.0254      82.6    16.1%
    4096    128 bf16  reg   native     8    1     4096      8    0.0654      32.1     6.3%
    4096    128 bf16  reg   native     8    4     1024     32    0.0383      54.7    10.7%
    4096    128 bf16  reg   native     8   16      256    128    0.0362      57.9    11.3%
    4096    128 bf16  reg   native    16    1     4096     16    0.0448      46.8     9.1%
    4096    128 bf16  reg   native    16    4     1024     64    0.0302      69.4    13.5%
    4096    128 bf16  reg   native    16   16      256    256    0.0299      70.2    13.7%
    4096    128 bf16  reg   native    32    1     4096     32    0.0347      60.5    11.8%
    4096    128 bf16  reg   native    32    4     1024    128    0.0269      77.9    15.2%
    4096    128 bf16  reg   native    32   16      256    512    0.0269      78.1    15.2%
   16384    128 f16   reg   native     8    1    16384      8    0.1511      55.5    10.8%
   16384    128 f16   reg   native     8    4     4096     32    0.0597     140.4    27.4%
   16384    128 f16   reg   native     8   16     1024    128    0.0438     191.5    37.3%
   16384    128 f16   reg   native    16    1    16384     16    0.1061      79.1    15.4%
   16384    128 f16   reg   native    16    4     4096     64    0.0475     176.8    34.5%
   16384    128 f16   reg   native    16   16     1024    256    0.0405     207.1    40.4%
   16384    128 f16   reg   native    32    1    16384     32    0.0805     104.2    20.3%
   16384    128 f16   reg   native    32    4     4096    128    0.0464     180.6    35.2%
   16384    128 f16   reg   native    32   16     1024    512    0.0457     183.8    35.8%
   16384    128 bf16  reg   native     8    1    16384      8    0.1705      49.2     9.6%
   16384    128 bf16  reg   native     8    4     4096     32    0.0683     122.9    24.0%
   16384    128 bf16  reg   native     8   16     1024    128    0.0503     166.8    32.5%
   16384    128 bf16  reg   native    16    1    16384     16    0.1045      80.3    15.7%
   16384    128 bf16  reg   native    16    4     4096     64    0.0493     170.1    33.2%
   16384    128 bf16  reg   native    16   16     1024    256    0.0429     195.6    38.1%
   16384    128 bf16  reg   native    32    1    16384     32    0.0744     112.7    22.0%
   16384    128 bf16  reg   native    32    4     4096    128    0.0429     195.4    38.1%
   16384    128 bf16  reg   native    32   16     1024    512    0.0434     193.5    37.7%
   65536    128 f16   reg   native     8    1    65536      8    0.5352      62.7    12.2%
   65536    128 f16   reg   native     8    4    16384     32    0.1628     206.1    40.2%
   65536    128 f16   reg   native     8   16     4096    128    0.0995     337.2    65.8%
   65536    128 f16   reg   native    16    1    65536     16    0.3663      91.6    17.9%
   65536    128 f16   reg   native    16    4    16384     64    0.1234     272.0    53.0%
   65536    128 f16   reg   native    16   16     4096    256    0.0987     340.0    66.3%
   65536    128 f16   reg   native    32    1    65536     32    0.2670     125.7    24.5%
   65536    128 f16   reg   native    32    4    16384    128    0.1186     282.9    55.2%
   65536    128 f16   reg   native    32   16     4096    512    0.1194     281.0    54.8%
   65536    128 bf16  reg   native     8    1    65536      8    0.5984      56.1    10.9%
   65536    128 bf16  reg   native     8    4    16384     32    0.1832     183.2    35.7%
   65536    128 bf16  reg   native     8   16     4096    128    0.1049     319.8    62.4%
   65536    128 bf16  reg   native    16    1    65536     16    0.3464      96.9    18.9%
   65536    128 bf16  reg   native    16    4    16384     64    0.1180     284.3    55.4%
   65536    128 bf16  reg   native    16   16     4096    256    0.0944     355.4    69.3%
   65536    128 bf16  reg   native    32    1    65536     32    0.2352     142.7    27.8%
   65536    128 bf16  reg   native    32    4    16384    128    0.1100     305.1    59.5%
   65536    128 bf16  reg   native    32   16     4096    512    0.1101     304.6    59.4%
  262144    128 f16   reg   native     8    1   262144      8    2.0344      66.0    12.9%
  262144    128 f16   reg   native     8    4    65536     32    0.5371     249.9    48.7%
  262144    128 f16   reg   native     8   16    16384    128    0.2549     526.6   102.7%
  262144    128 f16   reg   native    16    1   262144     16    1.3796      97.3    19.0%
  262144    128 f16   reg   native    16    4    65536     64    0.4000     335.5    65.4%
  262144    128 f16   reg   native    16   16    16384    256    0.2875     466.8    91.0%
  262144    128 f16   reg   native    32    1   262144     32    0.9899     135.6    26.4%
  262144    128 f16   reg   native    32    4    65536    128    0.3931     341.4    66.6%
  262144    128 f16   reg   native    32   16    16384    512    0.3933     341.3    66.6%
  262144    128 bf16  reg   native     8    1   262144      8    2.2656      59.2    11.6%
  262144    128 bf16  reg   native     8    4    65536     32    0.6000     223.7    43.6%
  262144    128 bf16  reg   native     8   16    16384    128    0.2549     526.7   102.7%
  262144    128 bf16  reg   native    16    1   262144     16    1.2782     105.0    20.5%
  262144    128 bf16  reg   native    16    4    65536     64    0.3567     376.3    73.4%
  262144    128 bf16  reg   native    16   16    16384    256    0.2518     533.0   103.9%
  262144    128 bf16  reg   native    32    1   262144     32    0.8485     158.2    30.8%
  262144    128 bf16  reg   native    32    4    65536    128    0.3436     390.6    76.2%
  262144    128 bf16  reg   native    32   16    16384    512    0.3434     390.8    76.2%
    1024    256 f16   reg   native     8    1     1024      8    0.0511      20.5     4.0%
    1024    256 f16   reg   native     8    4      256     32    0.0388      27.1     5.3%
    1024    256 f16   reg   native     8   16       64    128    0.0394      26.6     5.2%
    1024    256 f16   reg   native    16    1     1024     16    0.0325      32.3     6.3%
    1024    256 f16   reg   native    16    4      256     64    0.0305      34.4     6.7%
    1024    256 f16   reg   native    16   16       64    256    0.0305      34.3     6.7%
    1024    256 f16   reg   native    32    1     1024     32    0.0268      39.1     7.6%
    1024    256 f16   reg   native    32    4      256    128    0.0259      40.5     7.9%
    1024    256 f16   reg   native    32   16       64    512    0.0258      40.6     7.9%
    1024    256 bf16  reg   native     8    1     1024      8    0.0657      16.0     3.1%
    1024    256 bf16  reg   native     8    4      256     32    0.0518      20.2     3.9%
    1024    256 bf16  reg   native     8   16       64    128    0.0524      20.0     3.9%
    1024    256 bf16  reg   native    16    1     1024     16    0.0395      26.5     5.2%
    1024    256 bf16  reg   native    16    4      256     64    0.0372      28.2     5.5%
    1024    256 bf16  reg   native    16   16       64    256    0.0374      28.0     5.5%
    1024    256 bf16  reg   native    32    1     1024     32    0.0303      34.6     6.7%
    1024    256 bf16  reg   native    32    4      256    128    0.0294      35.6     6.9%
    1024    256 bf16  reg   native    32   16       64    512    0.0293      35.8     7.0%
    4096    256 f16   reg   native     8    1     4096      8    0.1134      37.0     7.2%
    4096    256 f16   reg   native     8    4     1024     32    0.0539      77.8    15.2%
    4096    256 f16   reg   native     8   16      256    128    0.0435      96.4    18.8%
    4096    256 f16   reg   native    16    1     4096     16    0.0638      65.8    12.8%
    4096    256 f16   reg   native    16    4     1024     64    0.0408     102.9    20.1%
    4096    256 f16   reg   native    16   16      256    256    0.0357     117.4    22.9%
    4096    256 f16   reg   native    32    1     4096     32    0.0465      90.2    17.6%
    4096    256 f16   reg   native    32    4     1024    128    0.0317     132.4    25.8%
    4096    256 f16   reg   native    32   16      256    512    0.0316     132.7    25.9%
    4096    256 bf16  reg   native     8    1     4096      8    0.1411      29.7     5.8%
    4096    256 bf16  reg   native     8    4     1024     32    0.0689      60.9    11.9%
    4096    256 bf16  reg   native     8   16      256    128    0.0564      74.3    14.5%
    4096    256 bf16  reg   native    16    1     4096     16    0.0733      57.2    11.2%
    4096    256 bf16  reg   native    16    4     1024     64    0.0485      86.5    16.9%
    4096    256 bf16  reg   native    16   16      256    256    0.0419     100.2    19.5%
    4096    256 bf16  reg   native    32    1     4096     32    0.0503      83.4    16.3%
    4096    256 bf16  reg   native    32    4     1024    128    0.0346     121.1    23.6%
    4096    256 bf16  reg   native    32   16      256    512    0.0348     120.4    23.5%
   16384    256 f16   reg   native     8    1    16384      8    0.3147      53.3    10.4%
   16384    256 f16   reg   native     8    4     4096     32    0.1153     145.6    28.4%
   16384    256 f16   reg   native     8   16     1024    128    0.0719     233.4    45.5%
   16384    256 f16   reg   native    16    1    16384     16    0.1732      96.9    18.9%
   16384    256 f16   reg   native    16    4     4096     64    0.0741     226.4    44.2%
   16384    256 f16   reg   native    16   16     1024    256    0.0669     250.8    48.9%
   16384    256 f16   reg   native    32    1    16384     32    0.1180     142.2    27.7%
   16384    256 f16   reg   native    32    4     4096    128    0.0624     269.0    52.5%
   16384    256 f16   reg   native    32   16     1024    512    0.0655     256.1    49.9%
   16384    256 bf16  reg   native     8    1    16384      8    0.4045      41.5     8.1%
   16384    256 bf16  reg   native     8    4     4096     32    0.1504     111.6    21.8%
   16384    256 bf16  reg   native     8   16     1024    128    0.0848     197.9    38.6%
   16384    256 bf16  reg   native    16    1    16384     16    0.1959      85.6    16.7%
   16384    256 bf16  reg   native    16    4     4096     64    0.0811     207.0    40.4%
   16384    256 bf16  reg   native    16   16     1024    256    0.0704     238.3    46.5%
   16384    256 bf16  reg   native    32    1    16384     32    0.1192     140.7    27.4%
   16384    256 bf16  reg   native    32    4     4096    128    0.0621     270.0    52.7%
   16384    256 bf16  reg   native    32   16     1024    512    0.0637     263.4    51.4%
   65536    256 f16   reg   native     8    1    65536      8    1.1409      58.8    11.5%
   65536    256 f16   reg   native     8    4    16384     32    0.3228     207.9    40.5%
   65536    256 f16   reg   native     8   16     4096    128    0.2134     314.4    61.3%
   65536    256 f16   reg   native    16    1    65536     16    0.6180     108.6    21.2%
   65536    256 f16   reg   native    16    4    16384     64    0.1992     336.9    65.7%
   65536    256 f16   reg   native    16   16     4096    256    0.1633     410.9    80.1%
   65536    256 f16   reg   native    32    1    65536     32    0.4090     164.1    32.0%
   65536    256 f16   reg   native    32    4    16384    128    0.1760     381.2    74.3%
   65536    256 f16   reg   native    32   16     4096    512    0.1798     373.2    72.8%
   65536    256 bf16  reg   native     8    1    65536      8    1.4647      45.8     8.9%
   65536    256 bf16  reg   native     8    4    16384     32    0.4056     165.5    32.3%
   65536    256 bf16  reg   native     8   16     4096    128    0.2067     324.6    63.3%
   65536    256 bf16  reg   native    16    1    65536     16    0.6969      96.3    18.8%
   65536    256 bf16  reg   native    16    4    16384     64    0.2175     308.6    60.2%
   65536    256 bf16  reg   native    16   16     4096    256    0.1622     413.6    80.7%
   65536    256 bf16  reg   native    32    1    65536     32    0.4025     166.7    32.5%
   65536    256 bf16  reg   native    32    4    16384    128    0.1592     421.4    82.2%
   65536    256 bf16  reg   native    32   16     4096    512    0.1593     421.3    82.2%
  262144    256 f16   reg   native     8    1   262144      8    4.3919      61.1    11.9%
  262144    256 f16   reg   native     8    4    65536     32    1.1281     238.0    46.4%
  262144    256 f16   reg   native     8   16    16384    128    0.6814     394.0    76.8%
  262144    256 f16   reg   native    16    1   262144     16    2.3594     113.8    22.2%
  262144    256 f16   reg   native    16    4    65536     64    0.6736     398.5    77.7%
  262144    256 f16   reg   native    16   16    16384    256    0.4790     560.4   109.3%
  262144    256 f16   reg   native    32    1   262144     32    1.5457     173.7    33.9%
  262144    256 f16   reg   native    32    4    65536    128    0.6004     447.1    87.2%
  262144    256 f16   reg   native    32   16    16384    512    0.6035     444.8    86.7%
  262144    256 bf16  reg   native     8    1   262144      8    5.6172      47.8     9.3%
  262144    256 bf16  reg   native     8    4    65536     32    1.3903     193.1    37.7%
  262144    256 bf16  reg   native     8   16    16384    128    0.5701     470.9    91.8%
  262144    256 bf16  reg   native    16    1   262144     16    2.6501     101.3    19.8%
  262144    256 bf16  reg   native    16    4    65536     64    0.7146     375.6    73.3%
  262144    256 bf16  reg   native    16   16    16384    256    0.4564     588.2   114.7%
  262144    256 bf16  reg   native    32    1   262144     32    1.4997     179.0    34.9%
  262144    256 bf16  reg   native    32    4    65536    128    0.5123     524.0   102.2%
  262144    256 bf16  reg   native    32   16    16384    512    0.5132     523.1   102.0%
    1024    512 f16   reg   native     8    1     1024      8    0.0362      57.9    11.3%
    1024    512 f16   reg   native     8    4      256     32    0.0339      61.9    12.1%
    1024    512 f16   reg   native     8   16       64    128    0.0338      62.0    12.1%
    1024    512 f16   reg   native    16    1     1024     16    0.0583      36.0     7.0%
    1024    512 f16   reg   native    16    4      256     64    0.0436      48.1     9.4%
    1024    512 f16   reg   native    16   16       64    256    0.0438      47.9     9.3%
    1024    512 f16   reg   native    32    1     1024     32    0.0361      58.1    11.3%
    1024    512 f16   reg   native    32    4      256    128    0.0337      62.3    12.1%
    1024    512 f16   reg   native    32   16       64    512    0.0338      62.0    12.1%
    1024    512 bf16  reg   native     8    1     1024      8    0.0489      42.9     8.4%
    1024    512 bf16  reg   native     8    4      256     32    0.0412      50.9     9.9%
    1024    512 bf16  reg   native     8   16       64    128    0.0412      50.9     9.9%
    1024    512 bf16  reg   native    16    1     1024     16    0.0733      28.6     5.6%
    1024    512 bf16  reg   native    16    4      256     64    0.0584      35.9     7.0%
    1024    512 bf16  reg   native    16   16       64    256    0.0588      35.6     7.0%
    1024    512 bf16  reg   native    32    1     1024     32    0.0488      43.0     8.4%
    1024    512 bf16  reg   native    32    4      256    128    0.0414      50.7     9.9%
    1024    512 bf16  reg   native    32   16       64    512    0.0414      50.7     9.9%
    4096    512 f16   reg   native     8    1     4096      8    0.0726     115.5    22.5%
    4096    512 f16   reg   native     8    4     1024     32    0.0512     163.8    31.9%
    4096    512 f16   reg   native     8   16      256    128    0.0505     166.0    32.4%
    4096    512 f16   reg   native    16    1     4096     16    0.1304      64.3    12.5%
    4096    512 f16   reg   native    16    4     1024     64    0.0641     130.8    25.5%
    4096    512 f16   reg   native    16   16      256    256    0.0550     152.4    29.7%
    4096    512 f16   reg   native    32    1     4096     32    0.0725     115.7    22.6%
    4096    512 f16   reg   native    32    4     1024    128    0.0512     163.9    32.0%
    4096    512 f16   reg   native    32   16      256    512    0.0506     165.8    32.3%
    4096    512 bf16  reg   native     8    1     4096      8    0.0832     100.8    19.7%
    4096    512 bf16  reg   native     8    4     1024     32    0.0575     145.8    28.4%
    4096    512 bf16  reg   native     8   16      256    128    0.0574     146.3    28.5%
    4096    512 bf16  reg   native    16    1     4096     16    0.1603      52.3    10.2%
    4096    512 bf16  reg   native    16    4     1024     64    0.0868      96.6    18.8%
    4096    512 bf16  reg   native    16   16      256    256    0.0679     123.5    24.1%
    4096    512 bf16  reg   native    32    1     4096     32    0.0829     101.2    19.7%
    4096    512 bf16  reg   native    32    4     1024    128    0.0575     146.0    28.5%
    4096    512 bf16  reg   native    32   16      256    512    0.0574     146.0    28.5%
   16384    512 f16   reg   native     8    1    16384      8    0.2065     162.5    31.7%
   16384    512 f16   reg   native     8    4     4096     32    0.1149     292.1    57.0%
   16384    512 f16   reg   native     8   16     1024    128    0.1227     273.5    53.3%
   16384    512 f16   reg   native    16    1    16384     16    0.3834      87.5    17.1%
   16384    512 f16   reg   native    16    4     4096     64    0.1487     225.7    44.0%
   16384    512 f16   reg   native    16   16     1024    256    0.1455     230.7    45.0%
   16384    512 f16   reg   native    32    1    16384     32    0.2065     162.5    31.7%
   16384    512 f16   reg   native    32    4     4096    128    0.1148     292.3    57.0%
   16384    512 f16   reg   native    32   16     1024    512    0.1226     273.7    53.4%
   16384    512 bf16  reg   native     8    1    16384      8    0.2357     142.4    27.8%
   16384    512 bf16  reg   native     8    4     4096     32    0.1171     286.6    55.9%
   16384    512 bf16  reg   native     8   16     1024    128    0.1230     272.8    53.2%
   16384    512 bf16  reg   native    16    1    16384     16    0.4826      69.5    13.6%
   16384    512 bf16  reg   native    16    4     4096     64    0.1869     179.5    35.0%
   16384    512 bf16  reg   native    16   16     1024    256    0.1730     193.9    37.8%
   16384    512 bf16  reg   native    32    1    16384     32    0.2356     142.4    27.8%
   16384    512 bf16  reg   native    32    4     4096    128    0.1176     285.4    55.7%
   16384    512 bf16  reg   native    32   16     1024    512    0.1230     272.7    53.2%
   65536    512 f16   reg   native     8    1    65536      8    0.7033     190.8    37.2%
   65536    512 f16   reg   native     8    4    16384     32    0.2929     458.2    89.4%
   65536    512 f16   reg   native     8   16     4096    128    0.3026     443.5    86.5%
   65536    512 f16   reg   native    16    1    65536     16    1.3403     100.1    19.5%
   65536    512 f16   reg   native    16    4    16384     64    0.3918     342.6    66.8%
   65536    512 f16   reg   native    16   16     4096    256    0.3410     393.6    76.8%
   65536    512 f16   reg   native    32    1    65536     32    0.7033     190.8    37.2%
   65536    512 f16   reg   native    32    4    16384    128    0.2928     458.3    89.4%
   65536    512 f16   reg   native    32   16     4096    512    0.3027     443.5    86.5%
   65536    512 bf16  reg   native     8    1    65536      8    0.7879     170.3    33.2%
   65536    512 bf16  reg   native     8    4    16384     32    0.2727     492.2    96.0%
   65536    512 bf16  reg   native     8   16     4096    128    0.2773     484.0    94.4%
   65536    512 bf16  reg   native    16    1    65536     16    1.6592      80.9    15.8%
   65536    512 bf16  reg   native    16    4    16384     64    0.4589     292.5    57.0%
   65536    512 bf16  reg   native    16   16     4096    256    0.3303     406.3    79.2%
   65536    512 bf16  reg   native    32    1    65536     32    0.7879     170.3    33.2%
   65536    512 bf16  reg   native    32    4    16384    128    0.2726     492.3    96.0%
   65536    512 bf16  reg   native    32   16     4096    512    0.2772     484.1    94.4%
  262144    512 f16   reg   native     8    1   262144      8    2.6900     199.6    38.9%
  262144    512 f16   reg   native     8    4    65536     32    1.0213     525.7   102.5%
  262144    512 f16   reg   native     8   16    16384    128    1.0241     524.2   102.2%
  262144    512 f16   reg   native    16    1   262144     16    5.1502     104.2    20.3%
  262144    512 f16   reg   native    16    4    65536     64    1.3744     390.6    76.2%
  262144    512 f16   reg   native    16   16    16384    256    1.1041     486.3    94.8%
  262144    512 f16   reg   native    32    1   262144     32    2.6901     199.6    38.9%
  262144    512 f16   reg   native    32    4    65536    128    1.0214     525.6   102.5%
  262144    512 f16   reg   native    32   16    16384    512    1.0243     524.1   102.2%
  262144    512 bf16  reg   native     8    1   262144      8    2.9934     179.4    35.0%
  262144    512 bf16  reg   native     8    4    65536     32    0.8994     596.9   116.4%
  262144    512 bf16  reg   native     8   16    16384    128    0.9013     595.7   116.2%
  262144    512 bf16  reg   native    16    1   262144     16    6.3642      84.4    16.5%
  262144    512 bf16  reg   native    16    4    65536     64    1.5615     343.8    67.1%
  262144    512 bf16  reg   native    16   16    16384    256    0.9924     541.0   105.5%
  262144    512 bf16  reg   native    32    1   262144     32    2.9934     179.4    35.0%
  262144    512 bf16  reg   native    32    4    65536    128    0.8996     596.8   116.4%
  262144    512 bf16  reg   native    32   16    16384    512    0.9011     595.8   116.2%
    1024   1024 f16   reg   native     8    1     1024      8    0.0651      64.4    12.6%
    1024   1024 f16   reg   native     8    4      256     32    0.0502      83.5    16.3%
    1024   1024 f16   reg   native     8   16       64    128    0.0506      82.9    16.2%
    1024   1024 f16   reg   native    16    1     1024     16    0.0652      64.4    12.6%
    1024   1024 f16   reg   native    16    4      256     64    0.0504      83.2    16.2%
    1024   1024 f16   reg   native    16   16       64    256    0.0505      83.1    16.2%
    1024   1024 f16   reg   native    32    1     1024     32    0.0651      64.4    12.6%
    1024   1024 f16   reg   native    32    4      256    128    0.0504      83.3    16.2%
    1024   1024 f16   reg   native    32   16       64    512    0.0506      82.9    16.2%
    1024   1024 bf16  reg   native     8    1     1024      8    0.0838      50.1     9.8%
    1024   1024 bf16  reg   native     8    4      256     32    0.0673      62.3    12.1%
    1024   1024 bf16  reg   native     8   16       64    128    0.0676      62.0    12.1%
    1024   1024 bf16  reg   native    16    1     1024     16    0.0835      50.3     9.8%
    1024   1024 bf16  reg   native    16    4      256     64    0.0673      62.3    12.2%
    1024   1024 bf16  reg   native    16   16       64    256    0.0675      62.1    12.1%
    1024   1024 bf16  reg   native    32    1     1024     32    0.0836      50.1     9.8%
    1024   1024 bf16  reg   native    32    4      256    128    0.0672      62.4    12.2%
    1024   1024 bf16  reg   native    32   16       64    512    0.0672      62.4    12.2%
    4096   1024 f16   reg   native     8    1     4096      8    0.1459     115.0    22.4%
    4096   1024 f16   reg   native     8    4     1024     32    0.0840     199.8    39.0%
    4096   1024 f16   reg   native     8   16      256    128    0.0827     202.9    39.6%
    4096   1024 f16   reg   native    16    1     4096     16    0.1457     115.1    22.5%
    4096   1024 f16   reg   native    16    4     1024     64    0.0839     200.0    39.0%
    4096   1024 f16   reg   native    16   16      256    256    0.0829     202.5    39.5%
    4096   1024 f16   reg   native    32    1     4096     32    0.1463     114.6    22.4%
    4096   1024 f16   reg   native    32    4     1024    128    0.0840     199.6    38.9%
    4096   1024 f16   reg   native    32   16      256    512    0.0827     202.9    39.6%
    4096   1024 bf16  reg   native     8    1     4096      8    0.1809      92.8    18.1%
    4096   1024 bf16  reg   native     8    4     1024     32    0.0986     170.2    33.2%
    4096   1024 bf16  reg   native     8   16      256    128    0.0976     171.9    33.5%
    4096   1024 bf16  reg   native    16    1     4096     16    0.1815      92.4    18.0%
    4096   1024 bf16  reg   native    16    4     1024     64    0.0985     170.4    33.2%
    4096   1024 bf16  reg   native    16   16      256    256    0.0975     172.0    33.5%
    4096   1024 bf16  reg   native    32    1     4096     32    0.1815      92.4    18.0%
    4096   1024 bf16  reg   native    32    4     1024    128    0.0987     170.0    33.1%
    4096   1024 bf16  reg   native    32   16      256    512    0.0974     172.2    33.6%
   16384   1024 f16   reg   native     8    1    16384      8    0.4194     160.0    31.2%
   16384   1024 f16   reg   native     8    4     4096     32    0.2060     325.8    63.5%
   16384   1024 f16   reg   native     8   16     1024    128    0.2166     309.8    60.4%
   16384   1024 f16   reg   native    16    1    16384     16    0.4191     160.1    31.2%
   16384   1024 f16   reg   native    16    4     4096     64    0.2056     326.3    63.6%
   16384   1024 f16   reg   native    16   16     1024    256    0.2163     310.3    60.5%
   16384   1024 f16   reg   native    32    1    16384     32    0.4195     160.0    31.2%
   16384   1024 f16   reg   native    32    4     4096    128    0.2059     326.0    63.6%
   16384   1024 f16   reg   native    32   16     1024    512    0.2164     310.1    60.5%
   16384   1024 bf16  reg   native     8    1    16384      8    0.5238     128.1    25.0%
   16384   1024 bf16  reg   native     8    4     4096     32    0.2270     295.7    57.7%
   16384   1024 bf16  reg   native     8   16     1024    128    0.2380     282.0    55.0%
   16384   1024 bf16  reg   native    16    1    16384     16    0.5233     128.2    25.0%
   16384   1024 bf16  reg   native    16    4     4096     64    0.2264     296.4    57.8%
   16384   1024 bf16  reg   native    16   16     1024    256    0.2377     282.3    55.1%
   16384   1024 bf16  reg   native    32    1    16384     32    0.5240     128.1    25.0%
   16384   1024 bf16  reg   native    32    4     4096    128    0.2264     296.4    57.8%
   16384   1024 bf16  reg   native    32   16     1024    512    0.2374     282.7    55.1%
   65536   1024 f16   reg   native     8    1    65536      8    1.4725     182.3    35.6%
   65536   1024 f16   reg   native     8    4    16384     32    0.5415     495.7    96.7%
   65536   1024 f16   reg   native     8   16     4096    128    0.5594     479.8    93.6%
   65536   1024 f16   reg   native    16    1    65536     16    1.4726     182.3    35.5%
   65536   1024 f16   reg   native    16    4    16384     64    0.5416     495.7    96.7%
   65536   1024 f16   reg   native    16   16     4096    256    0.5591     480.1    93.6%
   65536   1024 f16   reg   native    32    1    65536     32    1.4727     182.3    35.5%
   65536   1024 f16   reg   native    32    4    16384    128    0.5420     495.3    96.6%
   65536   1024 f16   reg   native    32   16     4096    512    0.5589     480.3    93.7%
   65536   1024 bf16  reg   native     8    1    65536      8    1.8241     147.2    28.7%
   65536   1024 bf16  reg   native     8    4    16384     32    0.5735     468.1    91.3%
   65536   1024 bf16  reg   native     8   16     4096    128    0.5848     459.1    89.5%
   65536   1024 bf16  reg   native    16    1    65536     16    1.8268     146.9    28.7%
   65536   1024 bf16  reg   native    16    4    16384     64    0.5738     467.8    91.2%
   65536   1024 bf16  reg   native    16   16     4096    256    0.5853     458.6    89.4%
   65536   1024 bf16  reg   native    32    1    65536     32    1.8243     147.1    28.7%
   65536   1024 bf16  reg   native    32    4    16384    128    0.5730     468.5    91.4%
   65536   1024 bf16  reg   native    32   16     4096    512    0.5847     459.1    89.5%
  262144   1024 f16   reg   native     8    1   262144      8    5.6873     188.8    36.8%
  262144   1024 f16   reg   native     8    4    65536     32    1.9120     561.6   109.5%
  262144   1024 f16   reg   native     8   16    16384    128    1.9255     557.6   108.7%
  262144   1024 f16   reg   native    16    1   262144     16    5.6871     188.8    36.8%
  262144   1024 f16   reg   native    16    4    65536     64    1.9124     561.5   109.5%
  262144   1024 f16   reg   native    16   16    16384    256    1.9260     557.5   108.7%
  262144   1024 f16   reg   native    32    1   262144     32    5.6864     188.8    36.8%
  262144   1024 f16   reg   native    32    4    65536    128    1.9123     561.5   109.5%
  262144   1024 f16   reg   native    32   16    16384    512    1.9245     557.9   108.8%
  262144   1024 bf16  reg   native     8    1   262144      8    6.9886     153.6    30.0%
  262144   1024 bf16  reg   native     8    4    65536     32    1.9660     546.1   106.5%
  262144   1024 bf16  reg   native     8   16    16384    128    1.9778     542.9   105.9%
  262144   1024 bf16  reg   native    16    1   262144     16    6.9874     153.7    30.0%
  262144   1024 bf16  reg   native    16    4    65536     64    1.9664     546.0   106.5%
  262144   1024 bf16  reg   native    16   16    16384    256    1.9774     543.0   105.9%
  262144   1024 bf16  reg   native    32    1   262144     32    6.9934     153.5    29.9%
  262144   1024 bf16  reg   native    32    4    65536    128    1.9660     546.2   106.5%
  262144   1024 bf16  reg   native    32   16    16384    512    1.9773     543.0   105.9%
wrote data/musa/kernels_reg.csv
+ cp -f data/kernels_smem.csv data/musa/kernels_smem.csv
+ ./build/fhwt --mode inplace --dims 128,256,512,1024 --dtypes f16,bf16 --batch 8192,16384,32768,65536,131072,262144 --iters 100 --warmup 10 --reps 5 --csv data/musa/inplace.csv
    rows    dim dtype kern   tpr  rpb        KiB    oop ms  oop GB/s     ip ms   ip GB/s   ip/oop
    8192    128 f16   reg     32    8     2048.0    0.0306     137.0    0.0304     137.9    1.01x
   16384    128 f16   reg     32    8     4096.0    0.0464     181.0    0.0465     180.2    1.00x
   32768    128 f16   reg     32    8     8192.0    0.0672     249.7    0.0691     242.9    0.97x
   65536    128 f16   reg     32    8    16384.0    0.1184     283.3    0.1145     293.0    1.03x
  131072    128 f16   reg     32    8    32768.0    0.2098     319.9    0.2137     314.0    0.98x
  262144    128 f16   reg     32    8    65536.0    0.3927     341.8    0.3980     337.3    0.99x
    8192    128 bf16  reg     32    8     2048.0    0.0314     133.5    0.0312     134.6    1.01x
   16384    128 bf16  reg     32    8     4096.0    0.0426     197.0    0.0428     195.9    0.99x
   32768    128 bf16  reg     32    8     8192.0    0.0628     267.3    0.0647     259.4    0.97x
   65536    128 bf16  reg     32    8    16384.0    0.1101     304.7    0.1043     321.8    1.06x
  131072    128 bf16  reg     32    8    32768.0    0.1879     357.1    0.1913     350.9    0.98x
  262144    128 bf16  reg     32    8    65536.0    0.3439     390.3    0.3491     384.4    0.98x
    8192    256 f16   reg     32    8     4096.0    0.0431     194.7    0.0429     195.5    1.00x
   16384    256 f16   reg     32    8     8192.0    0.0618     271.6    0.0636     264.0    0.97x
   32768    256 f16   reg     32    8    16384.0    0.1056     317.7    0.0986     340.2    1.07x
   65536    256 f16   reg     32    8    32768.0    0.1763     380.6    0.1796     373.6    0.98x
  131072    256 f16   reg     32    8    65536.0    0.3175     422.8    0.3219     416.9    0.99x
  262144    256 f16   reg     32    8   131072.0    0.6007     446.8    0.6053     443.5    0.99x
    8192    256 bf16  reg     32    8     4096.0    0.0455     184.5    0.0453     185.3    1.00x
   16384    256 bf16  reg     32    8     8192.0    0.0618     271.6    0.0636     263.8    0.97x
   32768    256 bf16  reg     32    8    16384.0    0.1008     332.9    0.0918     365.5    1.10x
   65536    256 bf16  reg     32    8    32768.0    0.1592     421.6    0.1623     413.4    0.98x
  131072    256 bf16  reg     32    8    65536.0    0.2769     484.7    0.2824     475.2    0.98x
  262144    256 bf16  reg     32    8   131072.0    0.5123     524.0    0.5184     517.8    0.99x
    8192    512 f16   reg     32    8     8192.0    0.0723     232.0    0.0742     226.2    0.97x
   16384    512 f16   reg     32    8    16384.0    0.1143     293.6    0.1030     325.9    1.11x
   32768    512 f16   reg     32    8    32768.0    0.1740     385.8    0.1769     379.4    0.98x
   65536    512 f16   reg     32    8    65536.0    0.2923     459.2    0.2997     447.8    0.98x
  131072    512 f16   reg     32    8   131072.0    0.5345     502.2    0.5413     495.9    0.99x
  262144    512 f16   reg     32    8   262144.0    1.0209     525.9    1.0276     522.5    0.99x
    8192    512 bf16  reg     32    8     8192.0    0.0763     219.8    0.0777     216.0    0.98x
   16384    512 bf16  reg     32    8    16384.0    0.1170     286.7    0.1019     329.1    1.15x
   32768    512 bf16  reg     32    8    32768.0    0.1687     397.8    0.1707     393.2    0.99x
   65536    512 bf16  reg     32    8    65536.0    0.2724     492.8    0.2820     475.9    0.97x
  131072    512 bf16  reg     32    8   131072.0    0.4811     558.0    0.4970     540.1    0.97x
  262144    512 bf16  reg     32    8   262144.0    0.8996     596.8    0.9256     580.0    0.97x
    8192   1024 f16   reg     32    8    16384.0    0.1475     227.5    0.1339     250.6    1.10x
   16384   1024 f16   reg     32    8    32768.0    0.2053     326.9    0.2033     330.2    1.01x
   32768   1024 f16   reg     32    8    65536.0    0.3168     423.6    0.3264     411.3    0.97x
   65536   1024 f16   reg     32    8   131072.0    0.5416     495.6    0.5576     481.4    0.97x
  131072   1024 f16   reg     32    8   262144.0    0.9957     539.2    1.0237     524.4    0.97x
  262144   1024 f16   reg     32    8   524288.0    1.9126     561.4    1.9675     545.8    0.97x
    8192   1024 bf16  reg     32    8    16384.0    0.1768     189.8    0.1516     221.4    1.17x
   16384   1024 bf16  reg     32    8    32768.0    0.2256     297.5    0.2272     295.3    0.99x
   32768   1024 bf16  reg     32    8    65536.0    0.3411     393.5    0.3511     382.2    0.97x
   65536   1024 bf16  reg     32    8   131072.0    0.5727     468.7    0.5883     456.3    0.97x
  131072   1024 bf16  reg     32    8   262144.0    1.0352     518.6    1.0631     505.0    0.97x
  262144   1024 bf16  reg     32    8   524288.0    1.9653     546.4    2.0191     531.8    0.97x
wrote data/musa/inplace.csv
+ for q in fp8 int4
+ for d in 64 128 256 512 1024
+ ./build/fhwt --mode quant --quant fp8 --dim 64 --rows 262144 --dtype f16 --iters 50 --warmup 10
+ for d in 64 128 256 512 1024
+ ./build/fhwt --mode quant --quant fp8 --dim 128 --rows 262144 --dtype f16 --iters 50 --warmup 10
+ for d in 64 128 256 512 1024
+ ./build/fhwt --mode quant --quant fp8 --dim 256 --rows 262144 --dtype f16 --iters 50 --warmup 10
+ for d in 64 128 256 512 1024
+ ./build/fhwt --mode quant --quant fp8 --dim 512 --rows 262144 --dtype f16 --iters 50 --warmup 10
+ for d in 64 128 256 512 1024
+ ./build/fhwt --mode quant --quant fp8 --dim 1024 --rows 262144 --dtype f16 --iters 50 --warmup 10
+ for q in fp8 int4
+ for d in 64 128 256 512 1024
+ ./build/fhwt --mode quant --quant int4 --dim 64 --rows 262144 --dtype f16 --iters 50 --warmup 10
+ for d in 64 128 256 512 1024
+ ./build/fhwt --mode quant --quant int4 --dim 128 --rows 262144 --dtype f16 --iters 50 --warmup 10
+ for d in 64 128 256 512 1024
+ ./build/fhwt --mode quant --quant int4 --dim 256 --rows 262144 --dtype f16 --iters 50 --warmup 10
+ for d in 64 128 256 512 1024
+ ./build/fhwt --mode quant --quant int4 --dim 512 --rows 262144 --dtype f16 --iters 50 --warmup 10
+ for d in 64 128 256 512 1024
+ ./build/fhwt --mode quant --quant int4 --dim 1024 --rows 262144 --dtype f16 --iters 50 --warmup 10
+ python3 tools/bench_graph.py --bin ./build/fhwt --out data/musa
rows=1024     dim=64    iters=1000  raw=  0.0218ms     12.0GB/s | graph=  0.2434ms      1.1GB/s | speedup=0.09x
rows=4096     dim=128   iters=1000  raw=  0.0239ms     87.9GB/s | graph=  0.2374ms      8.8GB/s | speedup=0.10x
rows=16384    dim=128   iters=2000  raw=  0.0452ms    185.5GB/s | graph=  0.1478ms     56.8GB/s | speedup=0.31x
rows=16384    dim=256   iters=2000  raw=  0.0607ms    276.2GB/s | graph=  0.1560ms    107.6GB/s | speedup=0.39x
rows=65536    dim=256   iters=150   raw=  0.1763ms    380.6GB/s | graph=  0.1779ms    377.3GB/s | speedup=0.99x
rows=131072   dim=256   iters=150   raw=  0.3173ms    423.0GB/s | graph=  0.3188ms    421.1GB/s | speedup=1.00x
rows=262144   dim=256   iters=50    raw=  0.6014ms    446.4GB/s | graph=  0.6028ms    445.3GB/s | speedup=1.00x
wrote data/musa/graph.csv
+ python3 tools/bench_loop.py --bin ./build/fhwt --out data/musa --reps 3 --runs 5
skip rows=512 dims=64,128,256 quant=none: run failed
skip rows=1024 dims=64,128,256 quant=none: run failed
skip rows=2048 dims=64,128,256 quant=none: run failed
skip rows=2048 dims=128,256 quant=fp8: run failed
skip rows=2048 dims=128,256 quant=int4: run failed
skip rows=4096 dims=128 quant=none: run failed
skip rows=16384 dims=256 quant=none: run failed
skip rows=65536 dims=256 quant=none: run failed
wrote data/musa/loop.csv
+ python3 tools/bench_roots.py --bin ./build/fhwt --out data/musa --reps 3 --runs 5
skip layers=1: run failed
layers=2   child graphs | nodes  2 forks  2  A   22.650 us  B   49.850 us  C   44.800 us | D   272.700 us (0.16x vs C)  D single-root  297.150 us (0.15x vs C)
layers=4   child graphs | nodes  4 forks  4  A   23.400 us  B   92.475 us  C   36.925 us | D   254.025 us (0.15x vs C)  D single-root  274.175 us (0.13x vs C)
layers=8   child graphs | nodes  8 forks  8  A   23.175 us  B  187.188 us  C   30.212 us | D   283.925 us (0.11x vs C)  D single-root  270.425 us (0.11x vs C)
layers=16  child graphs | nodes 16 forks 16  A   23.375 us  B  229.481 us  C   26.831 us | D   265.031 us (0.10x vs C)  D single-root  269.944 us (0.10x vs C)
layers=32  child graphs | nodes 32 forks 32  A   22.272 us  B  237.387 us  C   23.953 us | D   326.056 us (0.07x vs C)  D single-root  317.141 us (0.08x vs C)
wrote data/musa/roots.csv
+ python3 tools/bench_gemm.py --bin ./build/fhwt --out data/musa --reps 3 --runs 5
M=8192   N=64    K=256   | unfused   4.3135 ms      62 GFLOP/s | fused   4.3141 ms      62 GFLOP/s |  1.00x [0.97-1.01 over 5 runs] | saved   8.0 MiB (61.4%) | bitwise=yes
M=8192   N=128   K=256   | unfused   4.2959 ms     125 GFLOP/s | fused   4.3276 ms     124 GFLOP/s |  0.99x [0.99-1.01 over 5 runs] | saved   8.0 MiB (56.9%) | bitwise=yes
M=8192   N=256   K=256   | unfused   4.3946 ms     244 GFLOP/s | fused   4.5184 ms     238 GFLOP/s |  0.97x [0.96-0.99 over 5 runs] | saved   8.0 MiB (49.6%) | bitwise=yes
M=8192   N=512   K=256   | unfused   8.0349 ms     267 GFLOP/s | fused   7.8994 ms     272 GFLOP/s |  1.02x [1.01-1.02 over 5 runs] | saved   8.0 MiB (39.5%) | bitwise=yes
M=8192   N=1024  K=256   | unfused  15.3629 ms     280 GFLOP/s | fused  15.0244 ms     286 GFLOP/s |  1.02x [1.01-1.02 over 5 runs] | saved   8.0 MiB (28.1%) | bitwise=yes
M=8192   N=4096  K=256   | unfused  59.8423 ms     287 GFLOP/s | fused  58.1472 ms     296 GFLOP/s |  1.03x [1.02-1.03 over 5 runs] | saved   8.0 MiB (10.3%) | bitwise=yes
M=8192   N=128   K=128   | unfused  15.4357 ms      17 GFLOP/s | fused  15.3698 ms      18 GFLOP/s |  1.00x [1.00-1.01 over 5 runs] | saved   4.0 MiB (49.8%) | bitwise=yes
M=8192   N=128   K=512   | unfused   5.4737 ms     196 GFLOP/s | fused   5.4785 ms     196 GFLOP/s |  1.00x [1.00-1.00 over 5 runs] | saved  16.0 MiB (61.2%) | bitwise=yes
M=8192   N=128   K=1024  | unfused  10.1788 ms     211 GFLOP/s | fused  10.1009 ms     213 GFLOP/s |  1.01x [1.01-1.01 over 5 runs] | saved  32.0 MiB (63.7%) | bitwise=yes
M=1024   N=128   K=256   | unfused   4.1230 ms      16 GFLOP/s | fused   4.1365 ms      16 GFLOP/s |  1.00x [0.99-1.01 over 5 runs] | saved   1.0 MiB (55.2%) | bitwise=yes
M=32768  N=128   K=256   | unfused   8.0546 ms     267 GFLOP/s | fused   8.1090 ms     265 GFLOP/s |  0.99x [0.99-1.00 over 5 runs] | saved  32.0 MiB (57.1%) | bitwise=yes
M=65536  N=128   K=256   | unfused  15.3273 ms     280 GFLOP/s | fused  15.1685 ms     283 GFLOP/s |  1.01x [1.01-1.01 over 5 runs] | saved  64.0 MiB (57.1%) | bitwise=yes
M=16384  N=256   K=512   | unfused  19.3956 ms     221 GFLOP/s | fused  19.3812 ms     222 GFLOP/s |  1.00x [1.00-1.00 over 5 runs] | saved  32.0 MiB (56.9%) | bitwise=yes
M=4096   N=4096  K=256   | unfused  33.2336 ms     258 GFLOP/s | fused  33.3626 ms     258 GFLOP/s |  1.00x [1.00-1.00 over 5 runs] | saved   4.0 MiB (10.0%) | bitwise=yes
wrote data/musa/gemm.csv
+ python3 tools/bench_group.py --bin ./build/fhwt --out data/musa --reps 3 --runs 3
rows=512    64,128,256  tensors=1   | nodes  8  A   23.200 us  C  30.263 us | D all-roots  290.175 us ( 0.10x vs C)  D groups  29.975 us ( 1.01x vs C)  E  0 streams    0.000 us ( 0.00x vs C)
rows=512    64,128,256  tensors=2   | nodes 16  A   23.200 us  C  27.106 us | D all-roots  284.694 us ( 0.10x vs C)  D groups 268.438 us ( 0.10x vs C)  E  2 streams   22.156 us ( 1.22x vs C)
rows=512    64,128,256  tensors=3   | nodes 24  A   21.979 us  C  24.375 us | D all-roots  289.925 us ( 0.08x vs C)  D groups 302.000 us ( 0.08x vs C)  E  3 streams   25.350 us ( 0.96x vs C)
rows=512    64,128,256  tensors=6   | nodes 48  A   22.042 us  C  24.165 us | D all-roots  536.985 us ( 0.05x vs C)  D groups 397.715 us ( 0.06x vs C)  E  6 streams   28.104 us ( 0.86x vs C)
rows=512    64,128,256  tensors=12  | nodes 96  A   23.319 us  C  23.750 us | D all-roots 1145.706 us ( 0.02x vs C)  D groups 890.031 us ( 0.03x vs C)  E 12 streams   24.983 us ( 0.95x vs C)
rows=4096   128         tensors=1   | nodes  8  A   24.237 us  C  30.775 us | D all-roots  270.450 us ( 0.11x vs C)  D groups  31.088 us ( 0.99x vs C)  E  0 streams    0.000 us ( 0.00x vs C)
rows=4096   128         tensors=3   | nodes 24  A   24.046 us  C  27.179 us | D all-roots  270.129 us ( 0.10x vs C)  D groups 282.792 us ( 0.10x vs C)  E  3 streams   26.821 us ( 1.01x vs C)
rows=4096   128         tensors=6   | nodes 48  A   24.138 us  C  26.217 us | D all-roots  466.915 us ( 0.06x vs C)  D groups 380.229 us ( 0.07x vs C)  E  6 streams   27.644 us ( 0.95x vs C)
rows=16384  256         tensors=1   | nodes  8  A   63.287 us  C  70.237 us | D all-roots  291.413 us ( 0.24x vs C)  D groups  70.362 us ( 1.00x vs C)  E  0 streams    0.000 us ( 0.00x vs C)
rows=16384  256         tensors=3   | nodes 24  A   62.979 us  C  66.242 us | D all-roots  299.883 us ( 0.22x vs C)  D groups 304.667 us ( 0.22x vs C)  E  3 streams   67.842 us ( 0.98x vs C)
wrote data/musa/group.csv
+ python3 tools/bench_batch.py --bin ./build/fhwt --out data/musa --reps 3 --runs 8
Terminated
+ ./build/fhwt --mode cpu --dim 256 --rows 65536 --threads 8
+ echo MUSA_SWEEP_DONE
MUSA_SWEEP_DONE
